Archive member included to satisfy reference by file (symbol)

C:/ST/STM32CubeIDE_1.16.0/STM32CubeIDE/plugins/com.st.stm32cube.ide.mcu.externaltools.gnu-tools-for-stm32.13.3.rel1.win32_1.0.0.202411081344/tools/bin/../lib/gcc/arm-none-eabi/13.3.1/../../../../arm-none-eabi/lib/thumb/v7e-m+fp/hard\libc_nano.a(libc_a-exit.o)
                              C:/ST/STM32CubeIDE_1.16.0/STM32CubeIDE/plugins/com.st.stm32cube.ide.mcu.externaltools.gnu-tools-for-stm32.13.3.rel1.win32_1.0.0.202411081344/tools/bin/../lib/gcc/arm-none-eabi/13.3.1/../../../../arm-none-eabi/lib/thumb/v7e-m+fp/hard/crt0.o (exit)
C:/ST/STM32CubeIDE_1.16.0/STM32CubeIDE/plugins/com.st.stm32cube.ide.mcu.externaltools.gnu-tools-for-stm32.13.3.rel1.win32_1.0.0.202411081344/tools/bin/../lib/gcc/arm-none-eabi/13.3.1/../../../../arm-none-eabi/lib/thumb/v7e-m+fp/hard\libc_nano.a(libc_a-nano-vfprintf_float.o)
                              (_printf_float)
C:/ST/STM32CubeIDE_1.16.0/STM32CubeIDE/plugins/com.st.stm32cube.ide.mcu.externaltools.gnu-tools-for-stm32.13.3.rel1.win32_1.0.0.202411081344/tools/bin/../lib/gcc/arm-none-eabi/13.3.1/../../../../arm-none-eabi/lib/thumb/v7e-m+fp/hard\libc_nano.a(libc_a-nano-vfprintf_i.o)
                              C:/ST/STM32CubeIDE_1.16.0/STM32CubeIDE/plugins/com.st.stm32cube.ide.mcu.externaltools.gnu-tools-for-stm32.13.3.rel1.win32_1.0.0.202411081344/tools/bin/../lib/gcc/arm-none-eabi/13.3.1/../../../../arm-none-eabi/lib/thumb/v7e-m+fp/hard\libc_nano.a(libc_a-nano-vfprintf_float.o) (_printf_common)
C:/ST/STM32CubeIDE_1.16.0/STM32CubeIDE/plugins/com.st.stm32cube.ide.mcu.externaltools.gnu-tools-for-stm32.13.3.rel1.win32_1.0.0.202411081344/tools/bin/../lib/gcc/arm-none-eabi/13.3.1/../../../../arm-none-eabi/lib/thumb/v7e-m+fp/hard\libc_nano.a(libc_a-findfp.o)
                              ./Middlewares/Third_Party/FreeRTOS/Source/tasks.o (__sf)
C:/ST/STM32CubeIDE_1.16.0/STM32CubeIDE/plugins/com.st.stm32cube.ide.mcu.externaltools.gnu-tools-for-stm32.13.3.rel1.win32_1.0.0.202411081344/tools/bin/../lib/gcc/arm-none-eabi/13.3.1/../../../../arm-none-eabi/lib/thumb/v7e-m+fp/hard\libc_nano.a(libc_a-fwalk.o)
                              C:/ST/STM32CubeIDE_1.16.0/STM32CubeIDE/plugins/com.st.stm32cube.ide.mcu.externaltools.gnu-tools-for-stm32.13.3.rel1.win32_1.0.0.202411081344/tools/bin/../lib/gcc/arm-none-eabi/13.3.1/../../../../arm-none-eabi/lib/thumb/v7e-m+fp/hard\libc_nano.a(libc_a-findfp.o) (_fwalk_sglue)
C:/ST/STM32CubeIDE_1.16.0/STM32CubeIDE/plugins/com.st.stm32cube.ide.mcu.externaltools.gnu-tools-for-stm32.13.3.rel1.win32_1.0.0.202411081344/tools/bin/../lib/gcc/arm-none-eabi/13.3.1/../../../../arm-none-eabi/lib/thumb/v7e-m+fp/hard\libc_nano.a(libc_a-printf.o)
                              ./Core/Src/main.o (printf)
C:/ST/STM32CubeIDE_1.16.0/STM32CubeIDE/plugins/com.st.stm32cube.ide.mcu.externaltools.gnu-tools-for-stm32.13.3.rel1.win32_1.0.0.202411081344/tools/bin/../lib/gcc/arm-none-eabi/13.3.1/../../../../arm-none-eabi/lib/thumb/v7e-m+fp/hard\libc_nano.a(libc_a-puts.o)
                              ./Core/Src/main.o (puts)
C:/ST/STM32CubeIDE_1.16.0/STM32CubeIDE/plugins/com.st.stm32cube.ide.mcu.externaltools.gnu-tools-for-stm32.13.3.rel1.win32_1.0.0.202411081344/tools/bin/../lib/gcc/arm-none-eabi/13.3.1/../../../../arm-none-eabi/lib/thumb/v7e-m+fp/hard\libc_nano.a(libc_a-snprintf.o)
                              ./Core/Src/main.o (snprintf)
C:/ST/STM32CubeIDE_1.16.0/STM32CubeIDE/plugins/com.st.stm32cube.ide.mcu.externaltools.gnu-tools-for-stm32.13.3.rel1.win32_1.0.0.202411081344/tools/bin/../lib/gcc/arm-none-eabi/13.3.1/../../../../arm-none-eabi/lib/thumb/v7e-m+fp/hard\libc_nano.a(libc_a-stdio.o)
                              C:/ST/STM32CubeIDE_1.16.0/STM32CubeIDE/plugins/com.st.stm32cube.ide.mcu.externaltools.gnu-tools-for-stm32.13.3.rel1.win32_1.0.0.202411081344/tools/bin/../lib/gcc/arm-none-eabi/13.3.1/../../../../arm-none-eabi/lib/thumb/v7e-m+fp/hard\libc_nano.a(libc_a-findfp.o) (__sread)
C:/ST/STM32CubeIDE_1.16.0/STM32CubeIDE/plugins/com.st.stm32cube.ide.mcu.externaltools.gnu-tools-for-stm32.13.3.rel1.win32_1.0.0.202411081344/tools/bin/../lib/gcc/arm-none-eabi/13.3.1/../../../../arm-none-eabi/lib/thumb/v7e-m+fp/hard\libc_nano.a(libc_a-vsnprintf.o)
                              ./Core/Src/main.o (vsnprintf)
C:/ST/STM32CubeIDE_1.16.0/STM32CubeIDE/plugins/com.st.stm32cube.ide.mcu.externaltools.gnu-tools-for-stm32.13.3.rel1.win32_1.0.0.202411081344/tools/bin/../lib/gcc/arm-none-eabi/13.3.1/../../../../arm-none-eabi/lib/thumb/v7e-m+fp/hard\libc_nano.a(libc_a-wbuf.o)
                              C:/ST/STM32CubeIDE_1.16.0/STM32CubeIDE/plugins/com.st.stm32cube.ide.mcu.externaltools.gnu-tools-for-stm32.13.3.rel1.win32_1.0.0.202411081344/tools/bin/../lib/gcc/arm-none-eabi/13.3.1/../../../../arm-none-eabi/lib/thumb/v7e-m+fp/hard\libc_nano.a(libc_a-puts.o) (__swbuf_r)
[...]
Memory Configuration

Name             Origin             Length             Attributes
RAM              0x20000000         0x00020000         xrw
FLASH            0x08000000         0x00080000         xr
*default*        0x00000000         0xffffffff

Linker script and memory map

LOAD C:/ST/STM32CubeIDE_1.16.0/STM32CubeIDE/plugins/com.st.stm32cube.ide.mcu.externaltools.gnu-tools-for-stm32.13.3.rel1.win32_1.0.0.202411081344/tools/bin/../lib/gcc/arm-none-eabi/13.3.1/thumb/v7e-m+fp/hard/crti.o
LOAD C:/ST/STM32CubeIDE_1.16.0/STM32CubeIDE/plugins/com.st.stm32cube.ide.mcu.externaltools.gnu-tools-for-stm32.13.3.rel1.win32_1.0.0.202411081344/tools/bin/../lib/gcc/arm-none-eabi/13.3.1/thumb/v7e-m+fp/hard/crtbegin.o
LOAD C:/ST/STM32CubeIDE_1.16.0/STM32CubeIDE/plugins/com.st.stm32cube.ide.mcu.externaltools.gnu-tools-for-stm32.13.3.rel1.win32_1.0.0.202411081344/tools/bin/../lib/gcc/arm-none-eabi/13.3.1/../../../../arm-none-eabi/lib/thumb/v7e-m+fp/hard/crt0.o
LOAD ./Core/Src/fonts.o
LOAD ./Core/Src/freertos.o
LOAD ./Core/Src/main.o
LOAD ./Core/Src/mb85rc256v.o
LOAD ./Core/Src/ssd1306.o
LOAD ./Core/Src/stm32f4xx_hal_msp.o
LOAD ./Core/Src/stm32f4xx_hal_timebase_tim.o
LOAD ./Core/Src/stm32f4xx_it.o
LOAD ./Core/Src/syscalls.o
LOAD ./Core/Src/sysmem.o
LOAD ./Core/Src/system_stm32f4xx.o
LOAD ./Core/Src/tb6612fng.o
LOAD ./Core/Src/sh2/euler.o
LOAD ./Core/Src/sh2/sh2.o
LOAD ./Core/Src/sh2/sh2_SensorValue.o
LOAD ./Core/Src/sh2/sh2_platform_impl.o
LOAD ./Core/Src/sh2/sh2_util.o
LOAD ./Core/Src/sh2/shtp.o
LOAD ./Core/Startup/startup_stm32f411ceux.o
LOAD ./Drivers/STM32F4xx_HAL_Driver/Src/stm32f4xx_hal.o
LOAD ./Drivers/STM32F4xx_HAL_Driver/Src/stm32f4xx_hal_cortex.o
LOAD ./Drivers/STM32F4xx_HAL_Driver/Src/stm32f4xx_hal_dma.o
LOAD ./Drivers/STM32F4xx_HAL_Driver/Src/stm32f4xx_hal_dma_ex.o
LOAD ./Drivers/STM32F4xx_HAL_Driver/Src/stm32f4xx_hal_exti.o
LOAD ./Drivers/STM32F4xx_HAL_Driver/Src/stm32f4xx_hal_flash.o
LOAD ./Drivers/STM32F4xx_HAL_Driver/Src/stm32f4xx_hal_flash_ex.o
LOAD ./Drivers/STM32F4xx_HAL_Driver/Src/stm32f4xx_hal_flash_ramfunc.o
LOAD ./Drivers/STM32F4xx_HAL_Driver/Src/stm32f4xx_hal_gpio.o
LOAD ./Drivers/STM32F4xx_HAL_Driver/Src/stm32f4xx_hal_i2c.o
LOAD ./Drivers/STM32F4xx_HAL_Driver/Src/stm32f4xx_hal_i2c_ex.o
LOAD ./Drivers/STM32F4xx_HAL_Driver/Src/stm32f4xx_hal_iwdg.o
LOAD ./Drivers/STM32F4xx_HAL_Driver/Src/stm32f4xx_hal_pwr.o
LOAD ./Drivers/STM32F4xx_HAL_Driver/Src/stm32f4xx_hal_pwr_ex.o
LOAD ./Drivers/STM32F4xx_HAL_Driver/Src/stm32f4xx_hal_rcc.o
LOAD ./Drivers/STM32F4xx_HAL_Driver/Src/stm32f4xx_hal_rcc_ex.o
LOAD ./Drivers/STM32F4xx_HAL_Driver/Src/stm32f4xx_hal_tim.o
LOAD ./Drivers/STM32F4xx_HAL_Driver/Src/stm32f4xx_hal_tim_ex.o
LOAD ./Drivers/STM32F4xx_HAL_Driver/Src/stm32f4xx_hal_uart.o
LOAD ./Middlewares/Third_Party/FreeRTOS/Source/CMSIS_RTOS_V2/cmsis_os2.o
LOAD ./Middlewares/Third_Party/FreeRTOS/Source/croutine.o
LOAD ./Middlewares/Third_Party/FreeRTOS/Source/event_groups.o
LOAD ./Middlewares/Third_Party/FreeRTOS/Source/list.o
LOAD ./Middlewares/Third_Party/FreeRTOS/Source/queue.o
LOAD ./Middlewares/Third_Party/FreeRTOS/Source/stream_buffer.o
LOAD ./Middlewares/Third_Party/FreeRTOS/Source/tasks.o
LOAD ./Middlewares/Third_Party/FreeRTOS/Source/timers.o
LOAD ./Middlewares/Third_Party/FreeRTOS/Source/portable/GCC/ARM_CM4F/port.o
LOAD ./Middlewares/Third_Party/FreeRTOS/Source/portable/MemMang/heap_4.o
LOAD ./Middlewares/Third_Party/NimaLTD_Driver/EE/ee.o
START GROUP
LOAD C:/ST/STM32CubeIDE_1.16.0/STM32CubeIDE/plugins/com.st.stm32cube.ide.mcu.externaltools.gnu-tools-for-stm32.13.3.rel1.win32_1.0.0.202411081344/tools/bin/../lib/gcc/arm-none-eabi/13.3.1/../../../../arm-none-eabi/lib/thumb/v7e-m+fp/hard\libc_nano.a
LOAD C:/ST/STM32CubeIDE_1.16.0/STM32CubeIDE/plugins/com.st.stm32cube.ide.mcu.externaltools.gnu-tools-for-stm32.13.3.rel1.win32_1.0.0.202411081344/tools/bin/../lib/gcc/arm-none-eabi/13.3.1/../../../../arm-none-eabi/lib/thumb/v7e-m+fp/hard\libm.a
END GROUP
START GROUP
LOAD C:/ST/STM32CubeIDE_1.16.0/STM32CubeIDE/plugins/com.st.stm32cube.ide.mcu.externaltools.gnu-tools-for-stm32.13.3.rel1.win32_1.0.0.202411081344/tools/bin/../lib/gcc/arm-none-eabi/13.3.1/thumb/v7e-m+fp/hard\libgcc.a
LOAD C:/ST/STM32CubeIDE_1.16.0/STM32CubeIDE/plugins/com.st.stm32cube.ide.mcu.externaltools.gnu-tools-for-stm32.13.3.rel1.win32_1.0.0.202411081344/tools/bin/../lib/gcc/arm-none-eabi/13.3.1/../../../../arm-none-eabi/lib/thumb/v7e-m+fp/hard\libc_nano.a
END GROUP
START GROUP
LOAD C:/ST/STM32CubeIDE_1.16.0/STM32CubeIDE/plugins/com.st.stm32cube.ide.mcu.externaltools.gnu-tools-for-stm32.13.3.rel1.win32_1.0.0.202411081344/tools/bin/../lib/gcc/arm-none-eabi/13.3.1/thumb/v7e-m+fp/hard\libgcc.a
LOAD C:/ST/STM32CubeIDE_1.16.0/STM32CubeIDE/plugins/com.st.stm32cube.ide.mcu.externaltools.gnu-tools-for-stm32.13.3.rel1.win32_1.0.0.202411081344/tools/bin/../lib/gcc/arm-none-eabi/13.3.1/../../../../arm-none-eabi/lib/thumb/v7e-m+fp/hard\libc_nano.a
LOAD C:/ST/STM32CubeIDE_1.16.0/STM32CubeIDE/plugins/com.st.stm32cube.ide.mcu.externaltools.gnu-tools-for-stm32.13.3.rel1.win32_1.0.0.202411081344/tools/bin/../lib/gcc/arm-none-eabi/13.3.1/../../../../arm-none-eabi/lib/thumb/v7e-m+fp/hard\libnosys.a
END GROUP
START GROUP
LOAD C:/ST/STM32CubeIDE_1.16.0/STM32CubeIDE/plugins/com.st.stm32cube.ide.mcu.externaltools.gnu-tools-for-stm32.13.3.rel1.win32_1.0.0.202411081344/tools/bin/../lib/gcc/arm-none-eabi/13.3.1/thumb/v7e-m+fp/hard\libgcc.a
LOAD C:/ST/STM32CubeIDE_1.16.0/STM32CubeIDE/plugins/com.st.stm32cube.ide.mcu.externaltools.gnu-tools-for-stm32.13.3.rel1.win32_1.0.0.202411081344/tools/bin/../lib/gcc/arm-none-eabi/13.3.1/../../../../arm-none-eabi/lib/thumb/v7e-m+fp/hard\libc_nano.a
LOAD C:/ST/STM32CubeIDE_1.16.0/STM32CubeIDE/plugins/com.st.stm32cube.ide.mcu.externaltools.gnu-tools-for-stm32.13.3.rel1.win32_1.0.0.202411081344/tools/bin/../lib/gcc/arm-none-eabi/13.3.1/../../../../arm-none-eabi/lib/thumb/v7e-m+fp/hard\libnosys.a
END GROUP
LOAD C:/ST/STM32CubeIDE_1.16.0/STM32CubeIDE/plugins/com.st.stm32cube.ide.mcu.externaltools.gnu-tools-for-stm32.13.3.rel1.win32_1.0.0.202411081344/tools/bin/../lib/gcc/arm-none-eabi/13.3.1/thumb/v7e-m+fp/hard/crtend.o
LOAD C:/ST/STM32CubeIDE_1.16.0/STM32CubeIDE/plugins/com.st.stm32cube.ide.mcu.externaltools.gnu-tools-for-stm32.13.3.rel1.win32_1.0.0.202411081344/tools/bin/../lib/gcc/arm-none-eabi/13.3.1/thumb/v7e-m+fp/hard/crtn.o
                0x20020000                        _estack = (ORIGIN (RAM) + LENGTH (RAM))
                0x00000200                        _Min_Heap_Size = 0x200
                0x00000400                        _Min_Stack_Size = 0x400

.isr_vector     0x08000000      0x198
                0x08000000                        . = ALIGN (0x4)
 *(.isr_vector)
 .isr_vector    0x08000000      0x198 ./Core/Startup/startup_stm32f411ceux.o
                0x08000000                g_pfnVectors
                0x08000198                        . = ALIGN (0x4)

.text           0x080001a0    0x13158
                0x080001a0                        . = ALIGN (0x4)
 *(.text)
 .text          0x080001a0       0x40 C:/ST/STM32CubeIDE_1.16.0/STM32CubeIDE/plugins/com.st.stm32cube.ide.mcu.externaltools.gnu-tools-for-stm32.13.3.rel1.win32_1.0.0.202411081344/tools/bin/../lib/gcc/arm-none-eabi/13.3.1/thumb/v7e-m+fp/hard/crtbegin.o
 .text          0x080001e0       0xa0 C:/ST/STM32CubeIDE_1.16.0/STM32CubeIDE/plugins/com.st.stm32cube.ide.mcu.externaltools.gnu-tools-for-stm32.13.3.rel1.win32_1.0.0.202411081344/tools/bin/../lib/gcc/arm-none-eabi/13.3.1/../../../../arm-none-eabi/lib/thumb/v7e-m+fp/hard\libc_nano.a(libc_a-memchr.o)
                0x080001e0                memchr
 .text          0x08000280       0x10 C:/ST/STM32CubeIDE_1.16.0/STM32CubeIDE/plugins/com.st.stm32cube.ide.mcu.externaltools.gnu-tools-for-stm32.13.3.rel1.win32_1.0.0.202411081344/tools/bin/../lib/gcc/arm-none-eabi/13.3.1/../../../../arm-none-eabi/lib/thumb/v7e-m+fp/hard\libc_nano.a(libc_a-strlen.o)
                0x08000280                strlen
 .text          0x08000290      0x378 C:/ST/STM32CubeIDE_1.16.0/STM32CubeIDE/plugins/com.st.stm32cube.ide.mcu.externaltools.gnu-tools-for-stm32.13.3.rel1.win32_1.0.0.202411081344/tools/bin/../lib/gcc/arm-none-eabi/13.3.1/thumb/v7e-m+fp/hard\libgcc.a(_arm_addsubdf3.o)
                0x08000290                __aeabi_drsub
                0x08000298                __aeabi_dsub
                0x08000298                __subdf3
                0x0800029c                __aeabi_dadd
                0x0800029c                __adddf3
                0x08000514                __floatunsidf
                0x08000514                __aeabi_ui2d
                0x08000534                __floatsidf
                0x08000534                __aeabi_i2d
                0x08000558                __aeabi_f2d
                0x08000558                __extendsfdf2
                0x0800059c                __floatundidf
                0x0800059c                __aeabi_ul2d
                0x080005ac                __floatdidf
                0x080005ac                __aeabi_l2d
 .text          0x08000608      0x424 C:/ST/STM32CubeIDE_1.16.0/STM32CubeIDE/plugins/com.st.stm32cube.ide.mcu.externaltools.gnu-tools-for-stm32.13.3.rel1.win32_1.0.0.202411081344/tools/bin/../lib/gcc/arm-none-eabi/13.3.1/thumb/v7e-m+fp/hard\libgcc.a(_arm_muldivdf3.o)
                0x08000608                __aeabi_dmul
                0x08000608                __muldf3
                0x0800085c                __divdf3
                0x0800085c                __aeabi_ddiv
 .text          0x08000a2c      0x110 C:/ST/STM32CubeIDE_1.16.0/STM32CubeIDE/plugins/com.st.stm32cube.ide.mcu.externaltools.gnu-tools-for-stm32.13.3.rel1.win32_1.0.0.202411081344/tools/bin/../lib/gcc/arm-none-eabi/13.3.1/thumb/v7e-m+fp/hard\libgcc.a(_arm_cmpdf2.o)
                0x08000a2c                __gtdf2
                0x08000a2c                __gedf2
                0x08000a34                __ltdf2
                0x08000a34                __ledf2
                0x08000a3c                __nedf2
                0x08000a3c                __eqdf2
                0x08000a3c                __cmpdf2
                0x08000ab8                __aeabi_cdrcmple
                0x08000ac8                __aeabi_cdcmpeq
                0x08000ac8                __aeabi_cdcmple
                0x08000ad8                __aeabi_dcmpeq
                0x08000aec                __aeabi_dcmplt
                0x08000b00                __aeabi_dcmple
                0x08000b14                __aeabi_dcmpge
                0x08000b28                __aeabi_dcmpgt
 .text          0x08000b3c       0x2c C:/ST/STM32CubeIDE_1.16.0/STM32CubeIDE/plugins/com.st.stm32cube.ide.mcu.externaltools.gnu-tools-for-stm32.13.3.rel1.win32_1.0.0.202411081344/tools/bin/../lib/gcc/arm-none-eabi/13.3.1/thumb/v7e-m+fp/hard\libgcc.a(_arm_unorddf2.o)
                0x08000b3c                __unorddf2
                0x08000b3c                __aeabi_dcmpun
 .text          0x08000b68       0x50 C:/ST/STM32CubeIDE_1.16.0/STM32CubeIDE/plugins/com.st.stm32cube.ide.mcu.externaltools.gnu-tools-for-stm32.13.3.rel1.win32_1.0.0.202411081344/tools/bin/../lib/gcc/arm-none-eabi/13.3.1/thumb/v7e-m+fp/hard\libgcc.a(_arm_fixdfsi.o)
                0x08000b68                __aeabi_d2iz
                0x08000b68                __fixdfsi
 .text          0x08000bb8       0xa0 C:/ST/STM32CubeIDE_1.16.0/STM32CubeIDE/plugins/com.st.stm32cube.ide.mcu.externaltools.gnu-tools-for-stm32.13.3.rel1.win32_1.0.0.202411081344/tools/bin/../lib/gcc/arm-none-eabi/13.3.1/thumb/v7e-m+fp/hard\libgcc.a(_arm_truncdfsf2.o)
                0x08000bb8                __truncdfsf2
                0x08000bb8                __aeabi_d2f
 .text          0x08000c58       0x30 C:/ST/STM32CubeIDE_1.16.0/STM32CubeIDE/plugins/com.st.stm32cube.ide.mcu.externaltools.gnu-tools-for-stm32.13.3.rel1.win32_1.0.0.202411081344/tools/bin/../lib/gcc/arm-none-eabi/13.3.1/thumb/v7e-m+fp/hard\libgcc.a(_aeabi_uldivmod.o)
                0x08000c58                __aeabi_uldivmod
 .text          0x08000c88      0x2f8 C:/ST/STM32CubeIDE_1.16.0/STM32CubeIDE/plugins/com.st.stm32cube.ide.mcu.externaltools.gnu-tools-for-stm32.13.3.rel1.win32_1.0.0.202411081344/tools/bin/../lib/gcc/arm-none-eabi/13.3.1/thumb/v7e-m+fp/hard\libgcc.a(_udivmoddi4.o)
                0x08000c88                __udivmoddi4
 .text          0x08000f80        0x4 C:/ST/STM32CubeIDE_1.16.0/STM32CubeIDE/plugins/com.st.stm32cube.ide.mcu.externaltools.gnu-tools-for-stm32.13.3.rel1.win32_1.0.0.202411081344/tools/bin/../lib/gcc/arm-none-eabi/13.3.1/thumb/v7e-m+fp/hard\libgcc.a(_dvmd_tls.o)
                0x08000f80                __aeabi_idiv0
                0x08000f80                __aeabi_ldiv0
 *(.text*)
 .text.configureTimerForRunTimeStats
                0x08000f84        0xe ./Core/Src/freertos.o
                0x08000f84                configureTimerForRunTimeStats
 .text.getRunTimeCounterValue
                0x08000f92       0x10 ./Core/Src/freertos.o
                0x08000f92                getRunTimeCounterValue
 .text.vApplicationStackOverflowHook
                0x08000fa2       0x16 ./Core/Src/freertos.o
                0x08000fa2                vApplicationStackOverflowHook
 .text.__NVIC_SystemReset
                0x08000fb8       0x24 ./Core/Src/main.o
 .text._write   0x08000fdc       0x18 ./Core/Src/main.o
                0x08000fdc                _write
 .text.i2c_bus_scan
                0x08000ff4       0x84 ./Core/Src/main.o
                0x08000ff4                i2c_bus_scan
 .text.bno085_read_chip_id
                0x08001078       0x48 ./Core/Src/main.o
                0x08001078                bno085_read_chip_id
 .text.sh2_event_callback
                0x080010c0        0x4 ./Core/Src/main.o
                0x080010c0                sh2_event_callback
 .text.sh2_sensor_handler
                0x080010c4       0xa0 ./Core/Src/main.o
 .text.bno085_setup
                0x08001164       0x6c ./Core/Src/main.o
                0x08001164                bno085_setup
 .text.sbus_to_percentage
                0x080011d0       0x38 ./Core/Src/main.o
                0x080011d0                sbus_to_percentage
 .text.calculate_omni_motor_speeds
                0x08001208       0xb8 ./Core/Src/main.o
                0x08001208                calculate_omni_motor_speeds
 .text.calculate_omni_motor_speeds_with_heading
                0x080012c0      0x128 ./Core/Src/main.o
                0x080012c0                calculate_omni_motor_speeds_with_heading
 .text.apply_motor_speeds_3wheel
                0x080013e8       0xf0 ./Core/Src/main.o
                0x080013e8                apply_motor_speeds_3wheel
 .text.stop_all_motors_3wheel
                0x080014d8       0x18 ./Core/Src/main.o
                0x080014d8                stop_all_motors_3wheel
 .text.is_sbus_signal_valid
                0x080014f0       0x68 ./Core/Src/main.o
                0x080014f0                is_sbus_signal_valid
 .text.calculate_heading_pid_simplified
                0x08001558      0x560 ./Core/Src/main.o
                0x08001558                calculate_heading_pid_simplified
 .text.reset_heading_pid
                0x08001ab8       0x3c ./Core/Src/main.o
                0x08001ab8                reset_heading_pid
 .text.set_heading_lock
                0x08001af4       0x28 ./Core/Src/main.o
                0x08001af4                set_heading_lock
 .text.disable_heading_lock
                0x08001b1c       0x10 ./Core/Src/main.o
                0x08001b1c                disable_heading_lock
 .text.compass_to_robot_front
                0x08001b2c       0x40 ./Core/Src/main.o
                0x08001b2c                compass_to_robot_front
 .text.record_exception
                0x08001b6c       0x24 ./Core/Src/main.o
                0x08001b6c                record_exception
 .text.record_i2c_exception
                0x08001b90       0x24 ./Core/Src/main.o
                0x08001b90                record_i2c_exception
 .text.record_hardfault
                0x08001bb4       0x40 ./Core/Src/main.o
                0x08001bb4                record_hardfault
 .text.HardFault_Handler
                0x08001bf4       0x1c ./Core/Src/main.o
                0x08001bf4                HardFault_Handler
 .text.MB85rc_Bus_Write_Safe
                0x08001c10       0x34 ./Core/Src/main.o
                0x08001c10                MB85rc_Bus_Write_Safe
 .text.MB85rc_Bus_Read_Safe
                0x08001c44       0x34 ./Core/Src/main.o
                0x08001c44                MB85rc_Bus_Read_Safe
 .text.save_heading_lock_to_eeprom
                0x08001c78       0xb8 ./Core/Src/main.o
                0x08001c78                save_heading_lock_to_eeprom
 .text.restore_heading_lock_from_eeprom
                0x08001d30       0xc0 ./Core/Src/main.o
                0x08001d30                restore_heading_lock_from_eeprom
 .text.get_channel7_position
                0x08001df0       0x44 ./Core/Src/main.o
                0x08001df0                get_channel7_position
 .text.print_system_status
                0x08001e34      0x1d8 ./Core/Src/main.o
                0x08001e34                print_system_status
 .text.startup.main
                0x0800200c      0x374 ./Core/Src/main.o
                0x0800200c                main
 .text.SystemClock_Config
                0x08002380       0x9c ./Core/Src/main.o
                0x08002380                SystemClock_Config
 .text.MX_I2C1_Init
                0x0800241c       0x38 ./Core/Src/main.o
 .text.MX_IWDG_Init
                0x08002454       0x24 ./Core/Src/main.o
 .text.MX_TIM1_Init
                0x08002478       0xc0 ./Core/Src/main.o
 .text.MX_TIM3_Init
                0x08002538       0x80 ./Core/Src/main.o
 .text.MX_USART1_UART_Init
                0x080025b8       0x34 ./Core/Src/main.o
 .text.MX_USART2_UART_Init
                0x080025ec       0x40 ./Core/Src/main.o
 .text.MX_DMA_Init
                0x0800262c       0x34 ./Core/Src/main.o
 .text.MX_GPIO_Init
                0x08002660      0x14c ./Core/Src/main.o
 .text.HAL_GPIO_EXTI_Callback
                0x080027ac       0xe8 ./Core/Src/main.o
                0x080027ac                HAL_GPIO_EXTI_Callback
 .text.HAL_UART_RxCpltCallback
                0x08002894      0x1c0 ./Core/Src/main.o
                0x08002894                HAL_UART_RxCpltCallback
 .text.HAL_UART_ErrorCallback
                0x08002a54       0x64 ./Core/Src/main.o
                0x08002a54                HAL_UART_ErrorCallback
 .text.StartDefaultTask
                0x08002ab8      0x594 ./Core/Src/main.o
                0x08002ab8                StartDefaultTask
 .text.StartCompassTask
                0x0800304c       0x1c ./Core/Src/main.o
                0x0800304c                StartCompassTask
 .text.StartDisplayTask
                0x08003068      0x7dc ./Core/Src/main.o
                0x08003068                StartDisplayTask
 .text.StartEncoderTask
                0x08003844      0x14c ./Core/Src/main.o
                0x08003844                StartEncoderTask
 .text.HAL_TIM_PeriodElapsedCallback
                0x08003990       0x10 ./Core/Src/main.o
                0x08003990                HAL_TIM_PeriodElapsedCallback
 .text.Error_Handler
                0x080039a0      0x158 ./Core/Src/main.o
                0x080039a0                Error_Handler
 .text.MB85rc_Init
                0x08003af8       0x20 ./Core/Src/mb85rc256v.o
                0x08003af8                MB85rc_Init
 .text.MB85rc_Bus_Write
                0x08003b18       0x48 ./Core/Src/mb85rc256v.o
                0x08003b18                MB85rc_Bus_Write
 .text.MB85rc_Bus_Read
                0x08003b60       0x48 ./Core/Src/mb85rc256v.o
                0x08003b60                MB85rc_Bus_Read
 .text.ssd1306_WriteCommand
                0x08003ba8       0x50 ./Core/Src/ssd1306.o
 .text.ssd1306_Init
                0x08003bf8      0x240 ./Core/Src/ssd1306.o
                0x08003bf8                ssd1306_Init
 .text.ssd1306_Fill
                0x08003e38       0x48 ./Core/Src/ssd1306.o
                0x08003e38                ssd1306_Fill
 .text.ssd1306_UpdateScreen
                0x08003e80       0x88 ./Core/Src/ssd1306.o
                0x08003e80                ssd1306_UpdateScreen
 .text.ssd1306_DrawPixel
                0x08003f08       0xd4 ./Core/Src/ssd1306.o
                0x08003f08                ssd1306_DrawPixel
 .text.ssd1306_WriteChar
                0x08003fdc      0x100 ./Core/Src/ssd1306.o
                0x08003fdc                ssd1306_WriteChar
 .text.ssd1306_WriteString
                0x080040dc       0x4c ./Core/Src/ssd1306.o
                0x080040dc                ssd1306_WriteString
 .text.ssd1306_SetCursor
                0x08004128       0x30 ./Core/Src/ssd1306.o
                0x08004128                ssd1306_SetCursor
 .text.HAL_MspInit
                0x08004158       0x58 ./Core/Src/stm32f4xx_hal_msp.o
                0x08004158                HAL_MspInit
 .text.HAL_I2C_MspInit
                0x080041b0       0x90 ./Core/Src/stm32f4xx_hal_msp.o
                0x080041b0                HAL_I2C_MspInit
 .text.HAL_I2C_MspDeInit
                0x08004240       0x44 ./Core/Src/stm32f4xx_hal_msp.o
                0x08004240                HAL_I2C_MspDeInit
 .text.HAL_TIM_PWM_MspInit
                0x08004284       0x70 ./Core/Src/stm32f4xx_hal_msp.o
                0x08004284                HAL_TIM_PWM_MspInit
 .text.HAL_TIM_MspPostInit
                0x080042f4       0xc0 ./Core/Src/stm32f4xx_hal_msp.o
                0x080042f4                HAL_TIM_MspPostInit
 .text.HAL_UART_MspInit
                0x080043b4      0x190 ./Core/Src/stm32f4xx_hal_msp.o
                0x080043b4                HAL_UART_MspInit
 .text.HAL_InitTick
                0x08004544       0xf8 ./Core/Src/stm32f4xx_hal_timebase_tim.o
                0x08004544                HAL_InitTick
 .text.NMI_Handler
                0x0800463c        0x8 ./Core/Src/stm32f4xx_it.o
                0x0800463c                NMI_Handler
 .text.MemManage_Handler
                0x08004644        0x8 ./Core/Src/stm32f4xx_it.o
                0x08004644                MemManage_Handler
 .text.BusFault_Handler
                0x0800464c        0x8 ./Core/Src/stm32f4xx_it.o
                0x0800464c                BusFault_Handler
 .text.UsageFault_Handler
                0x08004654        0x8 ./Core/Src/stm32f4xx_it.o
                0x08004654                UsageFault_Handler
 .text.DebugMon_Handler
                0x0800465c        0xe ./Core/Src/stm32f4xx_it.o
                0x0800465c                DebugMon_Handler
 .text.EXTI4_IRQHandler
                0x0800466a        0xe ./Core/Src/stm32f4xx_it.o
                0x0800466a                EXTI4_IRQHandler
 .text.DMA1_Stream5_IRQHandler
                0x08004678       0x14 ./Core/Src/stm32f4xx_it.o
                0x08004678                DMA1_Stream5_IRQHandler
 .text.EXTI9_5_IRQHandler
                0x0800468c       0x16 ./Core/Src/stm32f4xx_it.o
                0x0800468c                EXTI9_5_IRQHandler
 *fill*         0x080046a2        0x2 
 .text.TIM2_IRQHandler
                0x080046a4       0x14 ./Core/Src/stm32f4xx_it.o
                0x080046a4                TIM2_IRQHandler
 .text.USART2_IRQHandler
                0x080046b8       0x14 ./Core/Src/stm32f4xx_it.o
                0x080046b8                USART2_IRQHandler
 .text._getpid  0x080046cc       0x10 ./Core/Src/syscalls.o
                0x080046cc                _getpid
 .text._kill    0x080046dc       0x20 ./Core/Src/syscalls.o
                0x080046dc                _kill
 .text._exit    0x080046fc       0x16 ./Core/Src/syscalls.o
                0x080046fc                _exit
 .text._read    0x08004712       0x3a ./Core/Src/syscalls.o
                0x08004712                _read
 .text._close   0x0800474c       0x18 ./Core/Src/syscalls.o
                0x0800474c                _close
 .text._fstat   0x08004764       0x20 ./Core/Src/syscalls.o
                0x08004764                _fstat
 .text._isatty  0x08004784       0x16 ./Core/Src/syscalls.o
                0x08004784                _isatty
 .text._lseek   0x0800479a       0x1a ./Core/Src/syscalls.o
                0x0800479a                _lseek
 .text._sbrk    0x080047b4       0x6c ./Core/Src/sysmem.o
                0x080047b4                _sbrk
 .text.SystemInit
                0x08004820       0x24 ./Core/Src/system_stm32f4xx.o
                0x08004820                SystemInit
 .text.TB6612FNG_Init
                0x08004844       0xc0 ./Core/Src/tb6612fng.o
                0x08004844                TB6612FNG_Init
 .text.TB6612FNG_Set
                0x08004904      0x118 ./Core/Src/tb6612fng.o
                0x08004904                TB6612FNG_Set
 .text.tb6612fng_drive
                0x08004a1c       0x3c ./Core/Src/tb6612fng.o
                0x08004a1c                tb6612fng_drive
 .text.tb6612fng_stop
                0x08004a58       0x34 ./Core/Src/tb6612fng.o
                0x08004a58                tb6612fng_stop
 .text.tb6612fng_brake
                0x08004a8c       0x34 ./Core/Src/tb6612fng.o
                0x08004a8c                tb6612fng_brake
 .text.opStart  0x08004ac0       0x4a ./Core/Src/sh2/sh2.o
 .text.opRx     0x08004b0a       0x36 ./Core/Src/sh2/sh2.o
 .text.opCompleted
                0x08004b40       0x24 ./Core/Src/sh2/sh2.o
 .text.opOnReset
                0x08004b64       0x38 ./Core/Src/sh2/sh2.o
 .text.getReportLen
                0x08004b9c       0x48 ./Core/Src/sh2/sh2.o
 .text.sensorhubControlHdlr
                0x08004be4      0x164 ./Core/Src/sh2/sh2.o
 .text.opProcess
                0x08004d48       0xa8 ./Core/Src/sh2/sh2.o
 .text.touSTimestamp
                0x08004df0       0x88 ./Core/Src/sh2/sh2.o
 .text.sensorhubInputHdlr
                0x08004e78      0x160 ./Core/Src/sh2/sh2.o
 .text.sensorhubInputNormalHdlr
                0x08004fd8       0x28 ./Core/Src/sh2/sh2.o
 .text.sensorhubInputWakeHdlr
                0x08005000       0x28 ./Core/Src/sh2/sh2.o
 .text.sensorhubInputGyroRvHdlr
                0x08005028       0xa2 ./Core/Src/sh2/sh2.o
 *fill*         0x080050ca        0x2 
 .text.executableDeviceHdlr
                0x080050cc       0x78 ./Core/Src/sh2/sh2.o
 .text.sendCtrl
                0x08005144       0x26 ./Core/Src/sh2/sh2.o
 .text.setSensorConfigStart
                0x0800516a       0xda ./Core/Src/sh2/sh2.o
 .text.sendCmd  0x08005244       0x8e ./Core/Src/sh2/sh2.o
 .text.sendCmdStart
                0x080052d2       0x2e ./Core/Src/sh2/sh2.o
 .text.shtpEventCallback
                0x08005300       0x44 ./Core/Src/sh2/sh2.o
 .text.sh2_open
                0x08005344      0x134 ./Core/Src/sh2/sh2.o
                0x08005344                sh2_open
 .text.sh2_service
                0x08005478       0x28 ./Core/Src/sh2/sh2.o
                0x08005478                sh2_service
 .text.sh2_setSensorCallback
                0x080054a0       0x2c ./Core/Src/sh2/sh2.o
                0x080054a0                sh2_setSensorCallback
 .text.sh2_setSensorConfig
                0x080054cc       0x54 ./Core/Src/sh2/sh2.o
                0x080054cc                sh2_setSensorConfig
 .text.sh2_clearTare
                0x08005520       0x50 ./Core/Src/sh2/sh2.o
                0x08005520                sh2_clearTare
 .text.sh2_decodeSensorEvent
                0x08005570      0x318 ./Core/Src/sh2/sh2_SensorValue.o
                0x08005570                sh2_decodeSensorEvent
 .text.decodeRawAccelerometer
                0x08005888       0x5c ./Core/Src/sh2/sh2_SensorValue.o
 .text.decodeAccelerometer
                0x080058e4       0x80 ./Core/Src/sh2/sh2_SensorValue.o
 .text.decodeLinearAcceleration
                0x08005964       0x80 ./Core/Src/sh2/sh2_SensorValue.o
 .text.decodeGravity
                0x080059e4       0x80 ./Core/Src/sh2/sh2_SensorValue.o
 .text.decodeRawGyroscope
                0x08005a64       0x6e ./Core/Src/sh2/sh2_SensorValue.o
 *fill*         0x08005ad2        0x2 
 .text.decodeGyroscopeCalibrated
                0x08005ad4       0x80 ./Core/Src/sh2/sh2_SensorValue.o
 .text.decodeGyroscopeUncal
                0x08005b54       0xe4 ./Core/Src/sh2/sh2_SensorValue.o
 .text.decodeRawMagnetometer
                0x08005c38       0x5c ./Core/Src/sh2/sh2_SensorValue.o
 .text.decodeMagneticFieldCalibrated
                0x08005c94       0x80 ./Core/Src/sh2/sh2_SensorValue.o
 .text.decodeMagneticFieldUncal
                0x08005d14       0xe4 ./Core/Src/sh2/sh2_SensorValue.o
 .text.decodeRotationVector
                0x08005df8       0xc8 ./Core/Src/sh2/sh2_SensorValue.o
 .text.decodeGameRotationVector
                0x08005ec0       0xa0 ./Core/Src/sh2/sh2_SensorValue.o
 .text.decodeGeomagneticRotationVector
                0x08005f60       0xc8 ./Core/Src/sh2/sh2_SensorValue.o
 .text.decodePressure
                0x08006028       0x38 ./Core/Src/sh2/sh2_SensorValue.o
 .text.decodeAmbientLight
                0x08006060       0x38 ./Core/Src/sh2/sh2_SensorValue.o
 .text.decodeHumidity
                0x08006098       0x3c ./Core/Src/sh2/sh2_SensorValue.o
 .text.decodeProximity
                0x080060d4       0x3c ./Core/Src/sh2/sh2_SensorValue.o
 .text.decodeTemperature
                0x08006110       0x3c ./Core/Src/sh2/sh2_SensorValue.o
 .text.decodeReserved
                0x0800614c       0x3c ./Core/Src/sh2/sh2_SensorValue.o
 .text.decodeTapDetector
                0x08006188       0x20 ./Core/Src/sh2/sh2_SensorValue.o
 .text.decodeStepDetector
                0x080061a8       0x24 ./Core/Src/sh2/sh2_SensorValue.o
 .text.decodeStepCounter
                0x080061cc       0x36 ./Core/Src/sh2/sh2_SensorValue.o
 .text.decodeSignificantMotion
                0x08006202       0x26 ./Core/Src/sh2/sh2_SensorValue.o
 .text.decodeStabilityClassifier
                0x08006228       0x20 ./Core/Src/sh2/sh2_SensorValue.o
 .text.decodeShakeDetector
                0x08006248       0x26 ./Core/Src/sh2/sh2_SensorValue.o
 .text.decodeFlipDetector
                0x0800626e       0x26 ./Core/Src/sh2/sh2_SensorValue.o
 .text.decodePickupDetector
                0x08006294       0x26 ./Core/Src/sh2/sh2_SensorValue.o
 .text.decodeStabilityDetector
                0x080062ba       0x26 ./Core/Src/sh2/sh2_SensorValue.o
 .text.decodePersonalActivityClassifier
                0x080062e0       0x66 ./Core/Src/sh2/sh2_SensorValue.o
 .text.decodeSleepDetector
                0x08006346       0x20 ./Core/Src/sh2/sh2_SensorValue.o
 .text.decodeTiltDetector
                0x08006366       0x26 ./Core/Src/sh2/sh2_SensorValue.o
 .text.decodePocketDetector
                0x0800638c       0x26 ./Core/Src/sh2/sh2_SensorValue.o
 .text.decodeCircleDetector
                0x080063b2       0x26 ./Core/Src/sh2/sh2_SensorValue.o
 .text.decodeHeartRateMonitor
                0x080063d8       0x26 ./Core/Src/sh2/sh2_SensorValue.o
 *fill*         0x080063fe        0x2 
 .text.decodeArvrStabilizedRV
                0x08006400       0xc8 ./Core/Src/sh2/sh2_SensorValue.o
 .text.decodeArvrStabilizedGRV
                0x080064c8       0xa0 ./Core/Src/sh2/sh2_SensorValue.o
 .text.decodeGyroIntegratedRV
                0x08006568      0x10c ./Core/Src/sh2/sh2_SensorValue.o
 .text.decodeIZroRequest
                0x08006674       0x28 ./Core/Src/sh2/sh2_SensorValue.o
 .text.decodeRawOptFlow
                0x0800669c       0xfa ./Core/Src/sh2/sh2_SensorValue.o
 *fill*         0x08006796        0x2 
 .text.decodeDeadReckoningPose
                0x08006798      0x1d4 ./Core/Src/sh2/sh2_SensorValue.o
 .text.decodeWheelEncoder
                0x0800696c       0x5c ./Core/Src/sh2/sh2_SensorValue.o
 .text.sh2_hal_open
                0x080069c8       0x16 ./Core/Src/sh2/sh2_platform_impl.o
                0x080069c8                sh2_hal_open
 .text.sh2_hal_close
                0x080069de       0x14 ./Core/Src/sh2/sh2_platform_impl.o
                0x080069de                sh2_hal_close
 *fill*         0x080069f2        0x2 
 .text.sh2_hal_read
                0x080069f4       0x78 ./Core/Src/sh2/sh2_platform_impl.o
                0x080069f4                sh2_hal_read
 .text.sh2_hal_write
                0x08006a6c       0x5c ./Core/Src/sh2/sh2_platform_impl.o
                0x08006a6c                sh2_hal_write
 .text.sh2_hal_getTimeUs
                0x08006ac8       0x1e ./Core/Src/sh2/sh2_platform_impl.o
                0x08006ac8                sh2_hal_getTimeUs
 .text.readu16  0x08006ae6       0x2e ./Core/Src/sh2/sh2_util.o
                0x08006ae6                readu16
 .text.readu32  0x08006b14       0x3c ./Core/Src/sh2/sh2_util.o
                0x08006b14                readu32
 .text.read8    0x08006b50       0x1e ./Core/Src/sh2/sh2_util.o
                0x08006b50                read8
 .text.read16   0x08006b6e       0x2e ./Core/Src/sh2/sh2_util.o
                0x08006b6e                read16
 .text.read32   0x08006b9c       0x3c ./Core/Src/sh2/sh2_util.o
                0x08006b9c                read32
 .text.shtp_init
                0x08006bd8       0x44 ./Core/Src/sh2/shtp.o
 .text.getInstance
                0x08006c1c       0x50 ./Core/Src/sh2/shtp.o
 .text.min_u16  0x08006c6c       0x2a ./Core/Src/sh2/shtp.o
 .text.txProcess
                0x08006c96      0x12a ./Core/Src/sh2/shtp.o
 .text.rxAssemble
                0x08006dc0      0x2bc ./Core/Src/sh2/shtp.o
 .text.shtp_open
                0x0800707c       0x68 ./Core/Src/sh2/shtp.o
                0x0800707c                shtp_open
 .text.shtp_setEventCallback
                0x080070e4       0x28 ./Core/Src/sh2/shtp.o
                0x080070e4                shtp_setEventCallback
 .text.shtp_listenChan
                0x0800710c       0x60 ./Core/Src/sh2/shtp.o
                0x0800710c                shtp_listenChan
 .text.shtp_send
                0x0800716c       0x62 ./Core/Src/sh2/shtp.o
                0x0800716c                shtp_send
 .text.shtp_service
                0x080071ce       0x4c ./Core/Src/sh2/shtp.o
                0x080071ce                shtp_service
 *fill*         0x0800721a        0x2 
 .text.Reset_Handler
                0x0800721c       0x50 ./Core/Startup/startup_stm32f411ceux.o
                0x0800721c                Reset_Handler
 .text.Default_Handler
                0x0800726c        0x2 ./Core/Startup/startup_stm32f411ceux.o
                0x0800726c                RTC_Alarm_IRQHandler
                0x0800726c                EXTI2_IRQHandler
                0x0800726c                SPI4_IRQHandler
                0x0800726c                TIM1_CC_IRQHandler
                0x0800726c                DMA2_Stream5_IRQHandler
                0x0800726c                PVD_IRQHandler
                0x0800726c                SDIO_IRQHandler
                0x0800726c                TAMP_STAMP_IRQHandler
                0x0800726c                EXTI3_IRQHandler
                0x0800726c                TIM1_UP_TIM10_IRQHandler
                0x0800726c                I2C3_ER_IRQHandler
                0x0800726c                EXTI0_IRQHandler
                0x0800726c                I2C2_EV_IRQHandler
                0x0800726c                DMA1_Stream2_IRQHandler
                0x0800726c                FPU_IRQHandler
                0x0800726c                DMA2_Stream2_IRQHandler
                0x0800726c                SPI1_IRQHandler
                0x0800726c                TIM1_BRK_TIM9_IRQHandler
                0x0800726c                DMA2_Stream3_IRQHandler
                0x0800726c                USART6_IRQHandler
                0x0800726c                DMA2_Stream0_IRQHandler
                0x0800726c                TIM4_IRQHandler
                0x0800726c                I2C1_EV_IRQHandler
                0x0800726c                DMA1_Stream6_IRQHandler
                0x0800726c                DMA1_Stream1_IRQHandler
                0x0800726c                TIM3_IRQHandler
                0x0800726c                RCC_IRQHandler
                0x0800726c                Default_Handler
                0x0800726c                EXTI15_10_IRQHandler
                0x0800726c                ADC_IRQHandler
                0x0800726c                DMA1_Stream7_IRQHandler
                0x0800726c                SPI5_IRQHandler
                0x0800726c                TIM5_IRQHandler
                0x0800726c                DMA2_Stream7_IRQHandler
                0x0800726c                I2C3_EV_IRQHandler
                0x0800726c                RTC_WKUP_IRQHandler
                0x0800726c                SPI2_IRQHandler
                0x0800726c                DMA1_Stream0_IRQHandler
                0x0800726c                WWDG_IRQHandler
                0x0800726c                OTG_FS_WKUP_IRQHandler
                0x0800726c                TIM1_TRG_COM_TIM11_IRQHandler
                0x0800726c                EXTI1_IRQHandler
                0x0800726c                I2C2_ER_IRQHandler
                0x0800726c                DMA2_Stream1_IRQHandler
                0x0800726c                FLASH_IRQHandler
                0x0800726c                DMA2_Stream4_IRQHandler
                0x0800726c                USART1_IRQHandler
                0x0800726c                OTG_FS_IRQHandler
                0x0800726c                SPI3_IRQHandler
                0x0800726c                DMA1_Stream4_IRQHandler
                0x0800726c                I2C1_ER_IRQHandler
                0x0800726c                DMA2_Stream6_IRQHandler
                0x0800726c                DMA1_Stream3_IRQHandler
 *fill*         0x0800726e        0x2 
 .text.HAL_Init
                0x08007270       0x44 ./Drivers/STM32F4xx_HAL_Driver/Src/stm32f4xx_hal.o
                0x08007270                HAL_Init
 .text.HAL_IncTick
                0x080072b4       0x28 ./Drivers/STM32F4xx_HAL_Driver/Src/stm32f4xx_hal.o
                0x080072b4                HAL_IncTick
 .text.HAL_GetTick
                0x080072dc       0x18 ./Drivers/STM32F4xx_HAL_Driver/Src/stm32f4xx_hal.o
                0x080072dc                HAL_GetTick
 .text.HAL_Delay
                0x080072f4       0x48 ./Drivers/STM32F4xx_HAL_Driver/Src/stm32f4xx_hal.o
                0x080072f4                HAL_Delay
 .text.__NVIC_SetPriorityGrouping
                0x0800733c       0x48 ./Drivers/STM32F4xx_HAL_Driver/Src/stm32f4xx_hal_cortex.o
 .text.__NVIC_GetPriorityGrouping
                0x08007384       0x1c ./Drivers/STM32F4xx_HAL_Driver/Src/stm32f4xx_hal_cortex.o
 .text.__NVIC_EnableIRQ
                0x080073a0       0x3c ./Drivers/STM32F4xx_HAL_Driver/Src/stm32f4xx_hal_cortex.o
 .text.__NVIC_SetPriority
                0x080073dc       0x54 ./Drivers/STM32F4xx_HAL_Driver/Src/stm32f4xx_hal_cortex.o
 .text.NVIC_EncodePriority
                0x08007430       0x66 ./Drivers/STM32F4xx_HAL_Driver/Src/stm32f4xx_hal_cortex.o
 .text.HAL_NVIC_SetPriorityGrouping
                0x08007496       0x16 ./Drivers/STM32F4xx_HAL_Driver/Src/stm32f4xx_hal_cortex.o
                0x08007496                HAL_NVIC_SetPriorityGrouping
 .text.HAL_NVIC_SetPriority
                0x080074ac       0x38 ./Drivers/STM32F4xx_HAL_Driver/Src/stm32f4xx_hal_cortex.o
                0x080074ac                HAL_NVIC_SetPriority
 .text.HAL_NVIC_EnableIRQ
                0x080074e4       0x1c ./Drivers/STM32F4xx_HAL_Driver/Src/stm32f4xx_hal_cortex.o
                0x080074e4                HAL_NVIC_EnableIRQ
 .text.HAL_DMA_Init
                0x08007500      0x15c ./Drivers/STM32F4xx_HAL_Driver/Src/stm32f4xx_hal_dma.o
                0x08007500                HAL_DMA_Init
 .text.HAL_DMA_Start_IT
                0x0800765c       0xb0 ./Drivers/STM32F4xx_HAL_Driver/Src/stm32f4xx_hal_dma.o
                0x0800765c                HAL_DMA_Start_IT
 .text.HAL_DMA_Abort
                0x0800770c       0xe0 ./Drivers/STM32F4xx_HAL_Driver/Src/stm32f4xx_hal_dma.o
                0x0800770c                HAL_DMA_Abort
 .text.HAL_DMA_Abort_IT
                0x080077ec       0x44 ./Drivers/STM32F4xx_HAL_Driver/Src/stm32f4xx_hal_dma.o
                0x080077ec                HAL_DMA_Abort_IT
 .text.HAL_DMA_IRQHandler
                0x08007830      0x314 ./Drivers/STM32F4xx_HAL_Driver/Src/stm32f4xx_hal_dma.o
                0x08007830                HAL_DMA_IRQHandler
 .text.HAL_DMA_GetError
                0x08007b44       0x18 ./Drivers/STM32F4xx_HAL_Driver/Src/stm32f4xx_hal_dma.o
                0x08007b44                HAL_DMA_GetError
 .text.DMA_SetConfig
                0x08007b5c       0x5c ./Drivers/STM32F4xx_HAL_Driver/Src/stm32f4xx_hal_dma.o
 .text.DMA_CalcBaseAndBitshift
                0x08007bb8       0x6c ./Drivers/STM32F4xx_HAL_Driver/Src/stm32f4xx_hal_dma.o
 .text.DMA_CheckFifoParam
                0x08007c24       0xf8 ./Drivers/STM32F4xx_HAL_Driver/Src/stm32f4xx_hal_dma.o
 .text.HAL_GPIO_Init
                0x08007d1c      0x308 ./Drivers/STM32F4xx_HAL_Driver/Src/stm32f4xx_hal_gpio.o
                0x08007d1c                HAL_GPIO_Init
 .text.HAL_GPIO_DeInit
                0x08008024      0x1c8 ./Drivers/STM32F4xx_HAL_Driver/Src/stm32f4xx_hal_gpio.o
                0x08008024                HAL_GPIO_DeInit
 .text.HAL_GPIO_ReadPin
                0x080081ec       0x30 ./Drivers/STM32F4xx_HAL_Driver/Src/stm32f4xx_hal_gpio.o
                0x080081ec                HAL_GPIO_ReadPin
 .text.HAL_GPIO_WritePin
                0x0800821c       0x32 ./Drivers/STM32F4xx_HAL_Driver/Src/stm32f4xx_hal_gpio.o
                0x0800821c                HAL_GPIO_WritePin
 .text.HAL_GPIO_TogglePin
                0x0800824e       0x34 ./Drivers/STM32F4xx_HAL_Driver/Src/stm32f4xx_hal_gpio.o
                0x0800824e                HAL_GPIO_TogglePin
 *fill*         0x08008282        0x2 
 .text.HAL_GPIO_EXTI_IRQHandler
                0x08008284       0x30 ./Drivers/STM32F4xx_HAL_Driver/Src/stm32f4xx_hal_gpio.o
                0x08008284                HAL_GPIO_EXTI_IRQHandler
 .text.HAL_I2C_Init
                0x080082b4      0x288 ./Drivers/STM32F4xx_HAL_Driver/Src/stm32f4xx_hal_i2c.o
                0x080082b4                HAL_I2C_Init
 .text.HAL_I2C_DeInit
                0x0800853c       0x5e ./Drivers/STM32F4xx_HAL_Driver/Src/stm32f4xx_hal_i2c.o
                0x0800853c                HAL_I2C_DeInit
 *fill*         0x0800859a        0x2 
 .text.HAL_I2C_Master_Transmit
                0x0800859c      0x1fc ./Drivers/STM32F4xx_HAL_Driver/Src/stm32f4xx_hal_i2c.o
                0x0800859c                HAL_I2C_Master_Transmit
 .text.HAL_I2C_Master_Receive
                0x08008798      0x464 ./Drivers/STM32F4xx_HAL_Driver/Src/stm32f4xx_hal_i2c.o
                0x08008798                HAL_I2C_Master_Receive
 .text.HAL_I2C_Mem_Write
                0x08008bfc      0x1f4 ./Drivers/STM32F4xx_HAL_Driver/Src/stm32f4xx_hal_i2c.o
                0x08008bfc                HAL_I2C_Mem_Write
 .text.HAL_I2C_Mem_Read
                0x08008df0      0x464 ./Drivers/STM32F4xx_HAL_Driver/Src/stm32f4xx_hal_i2c.o
                0x08008df0                HAL_I2C_Mem_Read
 .text.HAL_I2C_IsDeviceReady
                0x08009254      0x25c ./Drivers/STM32F4xx_HAL_Driver/Src/stm32f4xx_hal_i2c.o
                0x08009254                HAL_I2C_IsDeviceReady
 .text.I2C_MasterRequestWrite
                0x080094b0      0x104 ./Drivers/STM32F4xx_HAL_Driver/Src/stm32f4xx_hal_i2c.o
 .text.I2C_MasterRequestRead
                0x080095b4      0x19c ./Drivers/STM32F4xx_HAL_Driver/Src/stm32f4xx_hal_i2c.o
 .text.I2C_RequestMemoryWrite
                0x08009750      0x12c ./Drivers/STM32F4xx_HAL_Driver/Src/stm32f4xx_hal_i2c.o
 .text.I2C_RequestMemoryRead
                0x0800987c      0x1d0 ./Drivers/STM32F4xx_HAL_Driver/Src/stm32f4xx_hal_i2c.o
 .text.I2C_WaitOnFlagUntilTimeout
                0x08009a4c       0xf4 ./Drivers/STM32F4xx_HAL_Driver/Src/stm32f4xx_hal_i2c.o
 .text.I2C_WaitOnMasterAddressFlagUntilTimeout
                0x08009b40      0x140 ./Drivers/STM32F4xx_HAL_Driver/Src/stm32f4xx_hal_i2c.o
 .text.I2C_WaitOnTXEFlagUntilTimeout
                0x08009c80       0x90 ./Drivers/STM32F4xx_HAL_Driver/Src/stm32f4xx_hal_i2c.o
 .text.I2C_WaitOnBTFFlagUntilTimeout
                0x08009d10       0x90 ./Drivers/STM32F4xx_HAL_Driver/Src/stm32f4xx_hal_i2c.o
 .text.I2C_WaitOnRXNEFlagUntilTimeout
                0x08009da0       0xba ./Drivers/STM32F4xx_HAL_Driver/Src/stm32f4xx_hal_i2c.o
 .text.I2C_IsAcknowledgeFailed
                0x08009e5a       0x5e ./Drivers/STM32F4xx_HAL_Driver/Src/stm32f4xx_hal_i2c.o
 .text.HAL_IWDG_Init
                0x08009eb8       0x88 ./Drivers/STM32F4xx_HAL_Driver/Src/stm32f4xx_hal_iwdg.o
                0x08009eb8                HAL_IWDG_Init
 .text.HAL_IWDG_Refresh
                0x08009f40       0x20 ./Drivers/STM32F4xx_HAL_Driver/Src/stm32f4xx_hal_iwdg.o
                0x08009f40                HAL_IWDG_Refresh
 .text.HAL_RCC_OscConfig
                0x08009f60      0x4f0 ./Drivers/STM32F4xx_HAL_Driver/Src/stm32f4xx_hal_rcc.o
                0x08009f60                HAL_RCC_OscConfig
 .text.HAL_RCC_ClockConfig
                0x0800a450      0x1cc ./Drivers/STM32F4xx_HAL_Driver/Src/stm32f4xx_hal_rcc.o
                0x0800a450                HAL_RCC_ClockConfig
 .text.HAL_RCC_GetSysClockFreq
                0x0800a61c      0x18c ./Drivers/STM32F4xx_HAL_Driver/Src/stm32f4xx_hal_rcc.o
                0x0800a61c                HAL_RCC_GetSysClockFreq
 .text.HAL_RCC_GetHCLKFreq
                0x0800a7a8       0x18 ./Drivers/STM32F4xx_HAL_Driver/Src/stm32f4xx_hal_rcc.o
                0x0800a7a8                HAL_RCC_GetHCLKFreq
 .text.HAL_RCC_GetPCLK1Freq
                0x0800a7c0       0x28 ./Drivers/STM32F4xx_HAL_Driver/Src/stm32f4xx_hal_rcc.o
                0x0800a7c0                HAL_RCC_GetPCLK1Freq
 .text.HAL_RCC_GetPCLK2Freq
                0x0800a7e8       0x28 ./Drivers/STM32F4xx_HAL_Driver/Src/stm32f4xx_hal_rcc.o
                0x0800a7e8                HAL_RCC_GetPCLK2Freq
 .text.HAL_RCC_GetClockConfig
                0x0800a810       0x64 ./Drivers/STM32F4xx_HAL_Driver/Src/stm32f4xx_hal_rcc.o
                0x0800a810                HAL_RCC_GetClockConfig
 .text.HAL_TIM_Base_Init
                0x0800a874       0x9e ./Drivers/STM32F4xx_HAL_Driver/Src/stm32f4xx_hal_tim.o
                0x0800a874                HAL_TIM_Base_Init
 .text.HAL_TIM_Base_MspInit
                0x0800a912       0x14 ./Drivers/STM32F4xx_HAL_Driver/Src/stm32f4xx_hal_tim.o
                0x0800a912                HAL_TIM_Base_MspInit
 *fill*         0x0800a926        0x2 
 .text.HAL_TIM_Base_Start_IT
                0x0800a928       0xc4 ./Drivers/STM32F4xx_HAL_Driver/Src/stm32f4xx_hal_tim.o
                0x0800a928                HAL_TIM_Base_Start_IT
 .text.HAL_TIM_PWM_Init
                0x0800a9ec       0x9e ./Drivers/STM32F4xx_HAL_Driver/Src/stm32f4xx_hal_tim.o
                0x0800a9ec                HAL_TIM_PWM_Init
 *fill*         0x0800aa8a        0x2 
 .text.HAL_TIM_PWM_Start
                0x0800aa8c      0x160 ./Drivers/STM32F4xx_HAL_Driver/Src/stm32f4xx_hal_tim.o
                0x0800aa8c                HAL_TIM_PWM_Start
 .text.HAL_TIM_IRQHandler
                0x0800abec      0x1e0 ./Drivers/STM32F4xx_HAL_Driver/Src/stm32f4xx_hal_tim.o
                0x0800abec                HAL_TIM_IRQHandler
 .text.HAL_TIM_PWM_ConfigChannel
                0x0800adcc      0x184 ./Drivers/STM32F4xx_HAL_Driver/Src/stm32f4xx_hal_tim.o
                0x0800adcc                HAL_TIM_PWM_ConfigChannel
 .text.HAL_TIM_OC_DelayElapsedCallback
                0x0800af50       0x14 ./Drivers/STM32F4xx_HAL_Driver/Src/stm32f4xx_hal_tim.o
                0x0800af50                HAL_TIM_OC_DelayElapsedCallback
 .text.HAL_TIM_IC_CaptureCallback
                0x0800af64       0x14 ./Drivers/STM32F4xx_HAL_Driver/Src/stm32f4xx_hal_tim.o
                0x0800af64                HAL_TIM_IC_CaptureCallback
 .text.HAL_TIM_PWM_PulseFinishedCallback
                0x0800af78       0x14 ./Drivers/STM32F4xx_HAL_Driver/Src/stm32f4xx_hal_tim.o
                0x0800af78                HAL_TIM_PWM_PulseFinishedCallback
 .text.HAL_TIM_TriggerCallback
                0x0800af8c       0x14 ./Drivers/STM32F4xx_HAL_Driver/Src/stm32f4xx_hal_tim.o
                0x0800af8c                HAL_TIM_TriggerCallback
 .text.TIM_Base_SetConfig
                0x0800afa0      0x10c ./Drivers/STM32F4xx_HAL_Driver/Src/stm32f4xx_hal_tim.o
                0x0800afa0                TIM_Base_SetConfig
 .text.TIM_OC1_SetConfig
                0x0800b0ac       0xcc ./Drivers/STM32F4xx_HAL_Driver/Src/stm32f4xx_hal_tim.o
 .text.TIM_OC2_SetConfig
                0x0800b178       0xd8 ./Drivers/STM32F4xx_HAL_Driver/Src/stm32f4xx_hal_tim.o
                0x0800b178                TIM_OC2_SetConfig
 .text.TIM_OC3_SetConfig
                0x0800b250       0xd4 ./Drivers/STM32F4xx_HAL_Driver/Src/stm32f4xx_hal_tim.o
 .text.TIM_OC4_SetConfig
                0x0800b324       0xa0 ./Drivers/STM32F4xx_HAL_Driver/Src/stm32f4xx_hal_tim.o
 .text.TIM_CCxChannelCmd
                0x0800b3c4       0x4a ./Drivers/STM32F4xx_HAL_Driver/Src/stm32f4xx_hal_tim.o
                0x0800b3c4                TIM_CCxChannelCmd
 *fill*         0x0800b40e        0x2 
 .text.HAL_TIMEx_MasterConfigSynchronization
                0x0800b410       0xdc ./Drivers/STM32F4xx_HAL_Driver/Src/stm32f4xx_hal_tim_ex.o
                0x0800b410                HAL_TIMEx_MasterConfigSynchronization
 .text.HAL_TIMEx_ConfigBreakDeadTime
                0x0800b4ec       0xa4 ./Drivers/STM32F4xx_HAL_Driver/Src/stm32f4xx_hal_tim_ex.o
                0x0800b4ec                HAL_TIMEx_ConfigBreakDeadTime
 .text.HAL_TIMEx_CommutCallback
                0x0800b590       0x14 ./Drivers/STM32F4xx_HAL_Driver/Src/stm32f4xx_hal_tim_ex.o
                0x0800b590                HAL_TIMEx_CommutCallback
 .text.HAL_TIMEx_BreakCallback
                0x0800b5a4       0x14 ./Drivers/STM32F4xx_HAL_Driver/Src/stm32f4xx_hal_tim_ex.o
                0x0800b5a4                HAL_TIMEx_BreakCallback
 .text.HAL_UART_Init
                0x0800b5b8       0xa0 ./Drivers/STM32F4xx_HAL_Driver/Src/stm32f4xx_hal_uart.o
                0x0800b5b8                HAL_UART_Init
 .text.HAL_UART_Transmit
                0x0800b658      0x116 ./Drivers/STM32F4xx_HAL_Driver/Src/stm32f4xx_hal_uart.o
                0x0800b658                HAL_UART_Transmit
 .text.HAL_UART_Receive_DMA
                0x0800b76e       0x4a ./Drivers/STM32F4xx_HAL_Driver/Src/stm32f4xx_hal_uart.o
                0x0800b76e                HAL_UART_Receive_DMA
 .text.HAL_UART_AbortReceive
                0x0800b7b8      0x146 ./Drivers/STM32F4xx_HAL_Driver/Src/stm32f4xx_hal_uart.o
                0x0800b7b8                HAL_UART_AbortReceive
 *fill*         0x0800b8fe        0x2 
 .text.HAL_UART_IRQHandler
                0x0800b900      0x554 ./Drivers/STM32F4xx_HAL_Driver/Src/stm32f4xx_hal_uart.o
                0x0800b900                HAL_UART_IRQHandler
 .text.HAL_UART_TxCpltCallback
                0x0800be54       0x14 ./Drivers/STM32F4xx_HAL_Driver/Src/stm32f4xx_hal_uart.o
                0x0800be54                HAL_UART_TxCpltCallback
 .text.HAL_UART_RxHalfCpltCallback
                0x0800be68       0x14 ./Drivers/STM32F4xx_HAL_Driver/Src/stm32f4xx_hal_uart.o
                0x0800be68                HAL_UART_RxHalfCpltCallback
 .text.HAL_UARTEx_RxEventCallback
                0x0800be7c       0x18 ./Drivers/STM32F4xx_HAL_Driver/Src/stm32f4xx_hal_uart.o
                0x0800be7c                HAL_UARTEx_RxEventCallback
 .text.UART_DMAReceiveCplt
                0x0800be94      0x12c ./Drivers/STM32F4xx_HAL_Driver/Src/stm32f4xx_hal_uart.o
 .text.UART_DMARxHalfCplt
                0x0800bfc0       0x3c ./Drivers/STM32F4xx_HAL_Driver/Src/stm32f4xx_hal_uart.o
 .text.UART_DMAError
                0x0800bffc       0x94 ./Drivers/STM32F4xx_HAL_Driver/Src/stm32f4xx_hal_uart.o
 .text.UART_WaitOnFlagUntilTimeout
                0x0800c090       0xb2 ./Drivers/STM32F4xx_HAL_Driver/Src/stm32f4xx_hal_uart.o
 *fill*         0x0800c142        0x2 
 .text.UART_Start_Receive_DMA
                0x0800c144      0x14c ./Drivers/STM32F4xx_HAL_Driver/Src/stm32f4xx_hal_uart.o
                0x0800c144                UART_Start_Receive_DMA
 .text.UART_EndTxTransfer
                0x0800c290       0x50 ./Drivers/STM32F4xx_HAL_Driver/Src/stm32f4xx_hal_uart.o
 .text.UART_EndRxTransfer
                0x0800c2e0       0xc6 ./Drivers/STM32F4xx_HAL_Driver/Src/stm32f4xx_hal_uart.o
 .text.UART_DMAAbortOnError
                0x0800c3a6       0x22 ./Drivers/STM32F4xx_HAL_Driver/Src/stm32f4xx_hal_uart.o
 .text.UART_Transmit_IT
                0x0800c3c8       0xa0 ./Drivers/STM32F4xx_HAL_Driver/Src/stm32f4xx_hal_uart.o
 .text.UART_EndTransmit_IT
                0x0800c468       0x30 ./Drivers/STM32F4xx_HAL_Driver/Src/stm32f4xx_hal_uart.o
 .text.UART_Receive_IT
                0x0800c498      0x17c ./Drivers/STM32F4xx_HAL_Driver/Src/stm32f4xx_hal_uart.o
 .text.UART_SetConfig
                0x0800c614      0x4e8 ./Drivers/STM32F4xx_HAL_Driver/Src/stm32f4xx_hal_uart.o
 .text.__NVIC_SetPriority
                0x0800cafc       0x54 ./Middlewares/Third_Party/FreeRTOS/Source/CMSIS_RTOS_V2/cmsis_os2.o
 .text.SysTick_Handler
                0x0800cb50       0x20 ./Middlewares/Third_Party/FreeRTOS/Source/CMSIS_RTOS_V2/cmsis_os2.o
                0x0800cb50                SysTick_Handler
 .text.SVC_Setup
                0x0800cb70       0x12 ./Middlewares/Third_Party/FreeRTOS/Source/CMSIS_RTOS_V2/cmsis_os2.o
 *fill*         0x0800cb82        0x2 
 .text.osKernelInitialize
                0x0800cb84       0x48 ./Middlewares/Third_Party/FreeRTOS/Source/CMSIS_RTOS_V2/cmsis_os2.o
                0x0800cb84                osKernelInitialize
 .text.osKernelGetState
                0x0800cbcc       0x44 ./Middlewares/Third_Party/FreeRTOS/Source/CMSIS_RTOS_V2/cmsis_os2.o
                0x0800cbcc                osKernelGetState
 .text.osKernelStart
                0x0800cc10       0x4c ./Middlewares/Third_Party/FreeRTOS/Source/CMSIS_RTOS_V2/cmsis_os2.o
                0x0800cc10                osKernelStart
 .text.osThreadNew
                0x0800cc5c      0x124 ./Middlewares/Third_Party/FreeRTOS/Source/CMSIS_RTOS_V2/cmsis_os2.o
                0x0800cc5c                osThreadNew
 .text.osThreadGetName
                0x0800cd80       0x36 ./Middlewares/Third_Party/FreeRTOS/Source/CMSIS_RTOS_V2/cmsis_os2.o
                0x0800cd80                osThreadGetName
 .text.osThreadGetId
                0x0800cdb6       0x16 ./Middlewares/Third_Party/FreeRTOS/Source/CMSIS_RTOS_V2/cmsis_os2.o
                0x0800cdb6                osThreadGetId
 .text.osDelay  0x0800cdcc       0x36 ./Middlewares/Third_Party/FreeRTOS/Source/CMSIS_RTOS_V2/cmsis_os2.o
                0x0800cdcc                osDelay
 .text.osMutexNew
                0x0800ce02      0x10c ./Middlewares/Third_Party/FreeRTOS/Source/CMSIS_RTOS_V2/cmsis_os2.o
                0x0800ce02                osMutexNew
 .text.osMutexAcquire
                0x0800cf0e       0x96 ./Middlewares/Third_Party/FreeRTOS/Source/CMSIS_RTOS_V2/cmsis_os2.o
                0x0800cf0e                osMutexAcquire
 .text.osMutexRelease
                0x0800cfa4       0x7a ./Middlewares/Third_Party/FreeRTOS/Source/CMSIS_RTOS_V2/cmsis_os2.o
                0x0800cfa4                osMutexRelease
 *fill*         0x0800d01e        0x2 
 .text.vApplicationGetIdleTaskMemory
                0x0800d020       0x34 ./Middlewares/Third_Party/FreeRTOS/Source/CMSIS_RTOS_V2/cmsis_os2.o
                0x0800d020                vApplicationGetIdleTaskMemory
 .text.vApplicationGetTimerTaskMemory
                0x0800d054       0x34 ./Middlewares/Third_Party/FreeRTOS/Source/CMSIS_RTOS_V2/cmsis_os2.o
                0x0800d054                vApplicationGetTimerTaskMemory
 .text.vListInitialise
                0x0800d088       0x40 ./Middlewares/Third_Party/FreeRTOS/Source/list.o
                0x0800d088                vListInitialise
 .text.vListInitialiseItem
                0x0800d0c8       0x1a ./Middlewares/Third_Party/FreeRTOS/Source/list.o
                0x0800d0c8                vListInitialiseItem
 .text.vListInsertEnd
                0x0800d0e2       0x48 ./Middlewares/Third_Party/FreeRTOS/Source/list.o
                0x0800d0e2                vListInsertEnd
 .text.vListInsert
                0x0800d12a       0x72 ./Middlewares/Third_Party/FreeRTOS/Source/list.o
                0x0800d12a                vListInsert
 .text.uxListRemove
                0x0800d19c       0x54 ./Middlewares/Third_Party/FreeRTOS/Source/list.o
                0x0800d19c                uxListRemove
 .text.xQueueGenericReset
                0x0800d1f0       0xd4 ./Middlewares/Third_Party/FreeRTOS/Source/queue.o
                0x0800d1f0                xQueueGenericReset
 .text.xQueueGenericCreateStatic
                0x0800d2c4       0xfa ./Middlewares/Third_Party/FreeRTOS/Source/queue.o
                0x0800d2c4                xQueueGenericCreateStatic
 .text.xQueueGenericCreate
                0x0800d3be       0x76 ./Middlewares/Third_Party/FreeRTOS/Source/queue.o
                0x0800d3be                xQueueGenericCreate
 .text.prvInitialiseNewQueue
                0x0800d434       0x46 ./Middlewares/Third_Party/FreeRTOS/Source/queue.o
 .text.prvInitialiseMutex
                0x0800d47a       0x34 ./Middlewares/Third_Party/FreeRTOS/Source/queue.o
 .text.xQueueCreateMutex
                0x0800d4ae       0x30 ./Middlewares/Third_Party/FreeRTOS/Source/queue.o
                0x0800d4ae                xQueueCreateMutex
 .text.xQueueCreateMutexStatic
                0x0800d4de       0x36 ./Middlewares/Third_Party/FreeRTOS/Source/queue.o
                0x0800d4de                xQueueCreateMutexStatic
 .text.xQueueGiveMutexRecursive
                0x0800d514       0x6a ./Middlewares/Third_Party/FreeRTOS/Source/queue.o
                0x0800d514                xQueueGiveMutexRecursive
 .text.xQueueTakeMutexRecursive
                0x0800d57e       0x6e ./Middlewares/Third_Party/FreeRTOS/Source/queue.o
                0x0800d57e                xQueueTakeMutexRecursive
 .text.xQueueGenericSend
                0x0800d5ec      0x204 ./Middlewares/Third_Party/FreeRTOS/Source/queue.o
                0x0800d5ec                xQueueGenericSend
 .text.xQueueGenericSendFromISR
                0x0800d7f0      0x13c ./Middlewares/Third_Party/FreeRTOS/Source/queue.o
                0x0800d7f0                xQueueGenericSendFromISR
 .text.xQueueReceive
                0x0800d92c      0x1c4 ./Middlewares/Third_Party/FreeRTOS/Source/queue.o
                0x0800d92c                xQueueReceive
 .text.xQueueSemaphoreTake
                0x0800daf0      0x220 ./Middlewares/Third_Party/FreeRTOS/Source/queue.o
                0x0800daf0                xQueueSemaphoreTake
 .text.prvGetDisinheritPriorityAfterTimeout
                0x0800dd10       0x30 ./Middlewares/Third_Party/FreeRTOS/Source/queue.o
 .text.prvCopyDataToQueue
                0x0800dd40       0xd4 ./Middlewares/Third_Party/FreeRTOS/Source/queue.o
 .text.prvCopyDataFromQueue
                0x0800de14       0x4c ./Middlewares/Third_Party/FreeRTOS/Source/queue.o
 .text.prvUnlockQueue
                0x0800de60       0xa4 ./Middlewares/Third_Party/FreeRTOS/Source/queue.o
 .text.prvIsQueueEmpty
                0x0800df04       0x2c ./Middlewares/Third_Party/FreeRTOS/Source/queue.o
 .text.prvIsQueueFull
                0x0800df30       0x30 ./Middlewares/Third_Party/FreeRTOS/Source/queue.o
 .text.vQueueAddToRegistry
                0x0800df60       0x54 ./Middlewares/Third_Party/FreeRTOS/Source/queue.o
                0x0800df60                vQueueAddToRegistry
 .text.vQueueWaitForMessageRestricted
                0x0800dfb4       0x68 ./Middlewares/Third_Party/FreeRTOS/Source/queue.o
                0x0800dfb4                vQueueWaitForMessageRestricted
 .text.xTaskCreateStatic
                0x0800e01c       0xc0 ./Middlewares/Third_Party/FreeRTOS/Source/tasks.o
                0x0800e01c                xTaskCreateStatic
 .text.xTaskCreate
                0x0800e0dc       0x8a ./Middlewares/Third_Party/FreeRTOS/Source/tasks.o
                0x0800e0dc                xTaskCreate
 *fill*         0x0800e166        0x2 
 .text.prvInitialiseNewTask
                0x0800e168      0x15c ./Middlewares/Third_Party/FreeRTOS/Source/tasks.o
 .text.prvAddNewTaskToReadyList
                0x0800e2c4       0xe0 ./Middlewares/Third_Party/FreeRTOS/Source/tasks.o
 .text.vTaskDelay
                0x0800e3a4       0x6c ./Middlewares/Third_Party/FreeRTOS/Source/tasks.o
                0x0800e3a4                vTaskDelay
 .text.vTaskStartScheduler
                0x0800e410       0xe4 ./Middlewares/Third_Party/FreeRTOS/Source/tasks.o
                0x0800e410                vTaskStartScheduler
 .text.vTaskSuspendAll
                0x0800e4f4       0x1c ./Middlewares/Third_Party/FreeRTOS/Source/tasks.o
                0x0800e4f4                vTaskSuspendAll
 .text.xTaskResumeAll
                0x0800e510      0x13c ./Middlewares/Third_Party/FreeRTOS/Source/tasks.o
                0x0800e510                xTaskResumeAll
 .text.xTaskGetTickCount
                0x0800e64c       0x20 ./Middlewares/Third_Party/FreeRTOS/Source/tasks.o
                0x0800e64c                xTaskGetTickCount
 .text.pcTaskGetName
                0x0800e66c       0x4c ./Middlewares/Third_Party/FreeRTOS/Source/tasks.o
                0x0800e66c                pcTaskGetName
 .text.xTaskIncrementTick
                0x0800e6b8      0x174 ./Middlewares/Third_Party/FreeRTOS/Source/tasks.o
                0x0800e6b8                xTaskIncrementTick
 .text.vTaskSwitchContext
                0x0800e82c      0x124 ./Middlewares/Third_Party/FreeRTOS/Source/tasks.o
                0x0800e82c                vTaskSwitchContext
 .text.vTaskPlaceOnEventList
                0x0800e950       0x4c ./Middlewares/Third_Party/FreeRTOS/Source/tasks.o
                0x0800e950                vTaskPlaceOnEventList
 .text.vTaskPlaceOnEventListRestricted
                0x0800e99c       0x58 ./Middlewares/Third_Party/FreeRTOS/Source/tasks.o
                0x0800e99c                vTaskPlaceOnEventListRestricted
 .text.xTaskRemoveFromEventList
                0x0800e9f4       0xc8 ./Middlewares/Third_Party/FreeRTOS/Source/tasks.o
                0x0800e9f4                xTaskRemoveFromEventList
 .text.vTaskInternalSetTimeOutState
                0x0800eabc       0x2c ./Middlewares/Third_Party/FreeRTOS/Source/tasks.o
                0x0800eabc                vTaskInternalSetTimeOutState
 .text.xTaskCheckForTimeOut
                0x0800eae8       0xc8 ./Middlewares/Third_Party/FreeRTOS/Source/tasks.o
                0x0800eae8                xTaskCheckForTimeOut
 .text.vTaskMissedYield
                0x0800ebb0       0x18 ./Middlewares/Third_Party/FreeRTOS/Source/tasks.o
                0x0800ebb0                vTaskMissedYield
 .text.prvIdleTask
                0x0800ebc8       0x30 ./Middlewares/Third_Party/FreeRTOS/Source/tasks.o
 .text.prvInitialiseTaskLists
                0x0800ebf8       0x80 ./Middlewares/Third_Party/FreeRTOS/Source/tasks.o
 .text.prvCheckTasksWaitingTermination
                0x0800ec78       0x5c ./Middlewares/Third_Party/FreeRTOS/Source/tasks.o
 .text.prvDeleteTCB
                0x0800ecd4       0x6a ./Middlewares/Third_Party/FreeRTOS/Source/tasks.o
 *fill*         0x0800ed3e        0x2 
 .text.prvResetNextTaskUnblockTime
                0x0800ed40       0x40 ./Middlewares/Third_Party/FreeRTOS/Source/tasks.o
 .text.xTaskGetCurrentTaskHandle
                0x0800ed80       0x20 ./Middlewares/Third_Party/FreeRTOS/Source/tasks.o
                0x0800ed80                xTaskGetCurrentTaskHandle
 .text.xTaskGetSchedulerState
                0x0800eda0       0x3c ./Middlewares/Third_Party/FreeRTOS/Source/tasks.o
                0x0800eda0                xTaskGetSchedulerState
 .text.xTaskPriorityInherit
                0x0800eddc       0xd0 ./Middlewares/Third_Party/FreeRTOS/Source/tasks.o
                0x0800eddc                xTaskPriorityInherit
 .text.xTaskPriorityDisinherit
                0x0800eeac       0xe0 ./Middlewares/Third_Party/FreeRTOS/Source/tasks.o
                0x0800eeac                xTaskPriorityDisinherit
 .text.vTaskPriorityDisinheritAfterTimeout
                0x0800ef8c      0x108 ./Middlewares/Third_Party/FreeRTOS/Source/tasks.o
                0x0800ef8c                vTaskPriorityDisinheritAfterTimeout
 .text.pvTaskIncrementMutexHeldCount
                0x0800f094       0x28 ./Middlewares/Third_Party/FreeRTOS/Source/tasks.o
                0x0800f094                pvTaskIncrementMutexHeldCount
 .text.prvAddCurrentTaskToDelayedList
                0x0800f0bc       0xa8 ./Middlewares/Third_Party/FreeRTOS/Source/tasks.o
 .text.xTimerCreateTimerTask
                0x0800f164       0x94 ./Middlewares/Third_Party/FreeRTOS/Source/timers.o
                0x0800f164                xTimerCreateTimerTask
 .text.xTimerGenericCommand
                0x0800f1f8       0x9c ./Middlewares/Third_Party/FreeRTOS/Source/timers.o
                0x0800f1f8                xTimerGenericCommand
 .text.prvProcessExpiredTimer
                0x0800f294       0x9c ./Middlewares/Third_Party/FreeRTOS/Source/timers.o
 .text.prvTimerTask
                0x0800f330       0x26 ./Middlewares/Third_Party/FreeRTOS/Source/timers.o
 *fill*         0x0800f356        0x2 
 .text.prvProcessTimerOrBlockTask
                0x0800f358       0x9c ./Middlewares/Third_Party/FreeRTOS/Source/timers.o
 .text.prvGetNextExpireTime
                0x0800f3f4       0x48 ./Middlewares/Third_Party/FreeRTOS/Source/timers.o
 .text.prvSampleTimeNow
                0x0800f43c       0x40 ./Middlewares/Third_Party/FreeRTOS/Source/timers.o
 .text.prvInsertTimerInActiveList
                0x0800f47c       0x84 ./Middlewares/Third_Party/FreeRTOS/Source/timers.o
 .text.prvProcessReceivedCommands
                0x0800f500      0x1cc ./Middlewares/Third_Party/FreeRTOS/Source/timers.o
 .text.prvSwitchTimerLists
                0x0800f6cc       0xcc ./Middlewares/Third_Party/FreeRTOS/Source/timers.o
 .text.prvCheckForValidListAndQueue
                0x0800f798       0x80 ./Middlewares/Third_Party/FreeRTOS/Source/timers.o
 .text.pxPortInitialiseStack
                0x0800f818       0x68 ./Middlewares/Third_Party/FreeRTOS/Source/portable/GCC/ARM_CM4F/port.o
                0x0800f818                pxPortInitialiseStack
 .text.prvTaskExitError
                0x0800f880       0x5c ./Middlewares/Third_Party/FreeRTOS/Source/portable/GCC/ARM_CM4F/port.o
 *fill*         0x0800f8dc        0x4 
 .text.SVC_Handler
                0x0800f8e0       0x28 ./Middlewares/Third_Party/FreeRTOS/Source/portable/GCC/ARM_CM4F/port.o
                0x0800f8e0                SVC_Handler
 .text.prvPortStartFirstTask
                0x0800f908       0x28 ./Middlewares/Third_Party/FreeRTOS/Source/portable/GCC/ARM_CM4F/port.o
 .text.xPortStartScheduler
                0x0800f930      0x148 ./Middlewares/Third_Party/FreeRTOS/Source/portable/GCC/ARM_CM4F/port.o
                0x0800f930                xPortStartScheduler
 .text.vPortEnterCritical
                0x0800fa78       0x64 ./Middlewares/Third_Party/FreeRTOS/Source/portable/GCC/ARM_CM4F/port.o
                0x0800fa78                vPortEnterCritical
 .text.vPortExitCritical
                0x0800fadc       0x54 ./Middlewares/Third_Party/FreeRTOS/Source/portable/GCC/ARM_CM4F/port.o
                0x0800fadc                vPortExitCritical
 .text.PendSV_Handler
                0x0800fb30       0x68 ./Middlewares/Third_Party/FreeRTOS/Source/portable/GCC/ARM_CM4F/port.o
                0x0800fb30                PendSV_Handler
 .text.xPortSysTickHandler
                0x0800fb98       0x44 ./Middlewares/Third_Party/FreeRTOS/Source/portable/GCC/ARM_CM4F/port.o
                0x0800fb98                xPortSysTickHandler
 .text.vPortSetupTimerInterrupt
                0x0800fbdc       0x48 ./Middlewares/Third_Party/FreeRTOS/Source/portable/GCC/ARM_CM4F/port.o
                0x0800fbdc                vPortSetupTimerInterrupt
 .text.vPortEnableVFP
                0x0800fc24       0x14 ./Middlewares/Third_Party/FreeRTOS/Source/portable/GCC/ARM_CM4F/port.o
 .text.vPortValidateInterruptPriority
                0x0800fc38       0x84 ./Middlewares/Third_Party/FreeRTOS/Source/portable/GCC/ARM_CM4F/port.o
                0x0800fc38                vPortValidateInterruptPriority
 .text.pvPortMalloc
                0x0800fcbc      0x19c ./Middlewares/Third_Party/FreeRTOS/Source/portable/MemMang/heap_4.o
                0x0800fcbc                pvPortMalloc
 .text.vPortFree
                0x0800fe58       0xc8 ./Middlewares/Third_Party/FreeRTOS/Source/portable/MemMang/heap_4.o
                0x0800fe58                vPortFree
 .text.xPortGetFreeHeapSize
                0x0800ff20       0x18 ./Middlewares/Third_Party/FreeRTOS/Source/portable/MemMang/heap_4.o
                0x0800ff20                xPortGetFreeHeapSize
 .text.prvHeapInit
                0x0800ff38       0xc4 ./Middlewares/Third_Party/FreeRTOS/Source/portable/MemMang/heap_4.o
 .text.prvInsertBlockIntoFreeList
                0x0800fffc       0xb4 ./Middlewares/Third_Party/FreeRTOS/Source/portable/MemMang/heap_4.o
 .text.__cvt    0x080100b0       0xca C:/ST/STM32CubeIDE_1.16.0/STM32CubeIDE/plugins/com.st.stm32cube.ide.mcu.externaltools.gnu-tools-for-stm32.13.3.rel1.win32_1.0.0.202411081344/tools/bin/../lib/gcc/arm-none-eabi/13.3.1/../../../../arm-none-eabi/lib/thumb/v7e-m+fp/hard\libc_nano.a(libc_a-nano-vfprintf_float.o)
                0x080100b0                __cvt
 .text.__exponent
                0x0801017a       0x74 C:/ST/STM32CubeIDE_1.16.0/STM32CubeIDE/plugins/com.st.stm32cube.ide.mcu.externaltools.gnu-tools-for-stm32.13.3.rel1.win32_1.0.0.202411081344/tools/bin/../lib/gcc/arm-none-eabi/13.3.1/../../../../arm-none-eabi/lib/thumb/v7e-m+fp/hard\libc_nano.a(libc_a-nano-vfprintf_float.o)
                0x0801017a                __exponent
 *fill*         0x080101ee        0x2 
 .text._printf_float
                0x080101f0      0x454 C:/ST/STM32CubeIDE_1.16.0/STM32CubeIDE/plugins/com.st.stm32cube.ide.mcu.externaltools.gnu-tools-for-stm32.13.3.rel1.win32_1.0.0.202411081344/tools/bin/../lib/gcc/arm-none-eabi/13.3.1/../../../../arm-none-eabi/lib/thumb/v7e-m+fp/hard\libc_nano.a(libc_a-nano-vfprintf_float.o)
                0x080101f0                _printf_float
 .text._printf_common
                0x08010644       0xda C:/ST/STM32CubeIDE_1.16.0/STM32CubeIDE/plugins/com.st.stm32cube.ide.mcu.externaltools.gnu-tools-for-stm32.13.3.rel1.win32_1.0.0.202411081344/tools/bin/../lib/gcc/arm-none-eabi/13.3.1/../../../../arm-none-eabi/lib/thumb/v7e-m+fp/hard\libc_nano.a(libc_a-nano-vfprintf_i.o)
                0x08010644                _printf_common
 *fill*         0x0801071e        0x2 
 .text._printf_i
                0x08010720      0x23c C:/ST/STM32CubeIDE_1.16.0/STM32CubeIDE/plugins/com.st.stm32cube.ide.mcu.externaltools.gnu-tools-for-stm32.13.3.rel1.win32_1.0.0.202411081344/tools/bin/../lib/gcc/arm-none-eabi/13.3.1/../../../../arm-none-eabi/lib/thumb/v7e-m+fp/hard\libc_nano.a(libc_a-nano-vfprintf_i.o)
                0x08010720                _printf_i
 .text.std      0x0801095c       0x6c C:/ST/STM32CubeIDE_1.16.0/STM32CubeIDE/plugins/com.st.stm32cube.ide.mcu.externaltools.gnu-tools-for-stm32.13.3.rel1.win32_1.0.0.202411081344/tools/bin/../lib/gcc/arm-none-eabi/13.3.1/../../../../arm-none-eabi/lib/thumb/v7e-m+fp/hard\libc_nano.a(libc_a-findfp.o)
 .text.stdio_exit_handler
                0x080109c8       0x18 C:/ST/STM32CubeIDE_1.16.0/STM32CubeIDE/plugins/com.st.stm32cube.ide.mcu.externaltools.gnu-tools-for-stm32.13.3.rel1.win32_1.0.0.202411081344/tools/bin/../lib/gcc/arm-none-eabi/13.3.1/../../../../arm-none-eabi/lib/thumb/v7e-m+fp/hard\libc_nano.a(libc_a-findfp.o)
 .text.cleanup_stdio
                0x080109e0       0x40 C:/ST/STM32CubeIDE_1.16.0/STM32CubeIDE/plugins/com.st.stm32cube.ide.mcu.externaltools.gnu-tools-for-stm32.13.3.rel1.win32_1.0.0.202411081344/tools/bin/../lib/gcc/arm-none-eabi/13.3.1/../../../../arm-none-eabi/lib/thumb/v7e-m+fp/hard\libc_nano.a(libc_a-findfp.o)
 .text.global_stdio_init.part.0
                0x08010a20       0x3c C:/ST/STM32CubeIDE_1.16.0/STM32CubeIDE/plugins/com.st.stm32cube.ide.mcu.externaltools.gnu-tools-for-stm32.13.3.rel1.win32_1.0.0.202411081344/tools/bin/../lib/gcc/arm-none-eabi/13.3.1/../../../../arm-none-eabi/lib/thumb/v7e-m+fp/hard\libc_nano.a(libc_a-findfp.o)
 .text.__sfp_lock_acquire
                0x08010a5c        0xc C:/ST/STM32CubeIDE_1.16.0/STM32CubeIDE/plugins/com.st.stm32cube.ide.mcu.externaltools.gnu-tools-for-stm32.13.3.rel1.win32_1.0.0.202411081344/tools/bin/../lib/gcc/arm-none-eabi/13.3.1/../../../../arm-none-eabi/lib/thumb/v7e-m+fp/hard\libc_nano.a(libc_a-findfp.o)
                0x08010a5c                __sfp_lock_acquire
 .text.__sfp_lock_release
                0x08010a68        0xc C:/ST/STM32CubeIDE_1.16.0/STM32CubeIDE/plugins/com.st.stm32cube.ide.mcu.externaltools.gnu-tools-for-stm32.13.3.rel1.win32_1.0.0.202411081344/tools/bin/../lib/gcc/arm-none-eabi/13.3.1/../../../../arm-none-eabi/lib/thumb/v7e-m+fp/hard\libc_nano.a(libc_a-findfp.o)
                0x08010a68                __sfp_lock_release
 .text.__sinit  0x08010a74       0x30 C:/ST/STM32CubeIDE_1.16.0/STM32CubeIDE/plugins/com.st.stm32cube.ide.mcu.externaltools.gnu-tools-for-stm32.13.3.rel1.win32_1.0.0.202411081344/tools/bin/../lib/gcc/arm-none-eabi/13.3.1/../../../../arm-none-eabi/lib/thumb/v7e-m+fp/hard\libc_nano.a(libc_a-findfp.o)
                0x08010a74                __sinit
 .text._fwalk_sglue
                0x08010aa4       0x3c C:/ST/STM32CubeIDE_1.16.0/STM32CubeIDE/plugins/com.st.stm32cube.ide.mcu.externaltools.gnu-tools-for-stm32.13.3.rel1.win32_1.0.0.202411081344/tools/bin/../lib/gcc/arm-none-eabi/13.3.1/../../../../arm-none-eabi/lib/thumb/v7e-m+fp/hard\libc_nano.a(libc_a-fwalk.o)
                0x08010aa4                _fwalk_sglue
 .text.printf   0x08010ae0       0x24 C:/ST/STM32CubeIDE_1.16.0/STM32CubeIDE/plugins/com.st.stm32cube.ide.mcu.externaltools.gnu-tools-for-stm32.13.3.rel1.win32_1.0.0.202411081344/tools/bin/../lib/gcc/arm-none-eabi/13.3.1/../../../../arm-none-eabi/lib/thumb/v7e-m+fp/hard\libc_nano.a(libc_a-printf.o)
                0x08010ae0                iprintf
                0x08010ae0                printf
 .text._puts_r  0x08010b04       0xaa C:/ST/STM32CubeIDE_1.16.0/STM32CubeIDE/plugins/com.st.stm32cube.ide.mcu.externaltools.gnu-tools-for-stm32.13.3.rel1.win32_1.0.0.202411081344/tools/bin/../lib/gcc/arm-none-eabi/13.3.1/../../../../arm-none-eabi/lib/thumb/v7e-m+fp/hard\libc_nano.a(libc_a-puts.o)
                0x08010b04                _puts_r
 *fill*         0x08010bae        0x2 
 .text.puts     0x08010bb0       0x10 C:/ST/STM32CubeIDE_1.16.0/STM32CubeIDE/plugins/com.st.stm32cube.ide.mcu.externaltools.gnu-tools-for-stm32.13.3.rel1.win32_1.0.0.202411081344/tools/bin/../lib/gcc/arm-none-eabi/13.3.1/../../../../arm-none-eabi/lib/thumb/v7e-m+fp/hard\libc_nano.a(libc_a-puts.o)
                0x08010bb0                puts
 .text.snprintf
                0x08010bc0       0x6c C:/ST/STM32CubeIDE_1.16.0/STM32CubeIDE/plugins/com.st.stm32cube.ide.mcu.externaltools.gnu-tools-for-stm32.13.3.rel1.win32_1.0.0.202411081344/tools/bin/../lib/gcc/arm-none-eabi/13.3.1/../../../../arm-none-eabi/lib/thumb/v7e-m+fp/hard\libc_nano.a(libc_a-snprintf.o)
                0x08010bc0                sniprintf
                0x08010bc0                snprintf
 .text.__sread  0x08010c2c       0x22 C:/ST/STM32CubeIDE_1.16.0/STM32CubeIDE/plugins/com.st.stm32cube.ide.mcu.externaltools.gnu-tools-for-stm32.13.3.rel1.win32_1.0.0.202411081344/tools/bin/../lib/gcc/arm-none-eabi/13.3.1/../../../../arm-none-eabi/lib/thumb/v7e-m+fp/hard\libc_nano.a(libc_a-stdio.o)
                0x08010c2c                __sread
 .text.__swrite
                0x08010c4e       0x38 C:/ST/STM32CubeIDE_1.16.0/STM32CubeIDE/plugins/com.st.stm32cube.ide.mcu.externaltools.gnu-tools-for-stm32.13.3.rel1.win32_1.0.0.202411081344/tools/bin/../lib/gcc/arm-none-eabi/13.3.1/../../../../arm-none-eabi/lib/thumb/v7e-m+fp/hard\libc_nano.a(libc_a-stdio.o)
                0x08010c4e                __swrite
 .text.__sseek  0x08010c86       0x24 C:/ST/STM32CubeIDE_1.16.0/STM32CubeIDE/plugins/com.st.stm32cube.ide.mcu.externaltools.gnu-tools-for-stm32.13.3.rel1.win32_1.0.0.202411081344/tools/bin/../lib/gcc/arm-none-eabi/13.3.1/../../../../arm-none-eabi/lib/thumb/v7e-m+fp/hard\libc_nano.a(libc_a-stdio.o)
                0x08010c86                __sseek
 .text.__sclose
                0x08010caa        0x8 C:/ST/STM32CubeIDE_1.16.0/STM32CubeIDE/plugins/com.st.stm32cube.ide.mcu.externaltools.gnu-tools-for-stm32.13.3.rel1.win32_1.0.0.202411081344/tools/bin/../lib/gcc/arm-none-eabi/13.3.1/../../../../arm-none-eabi/lib/thumb/v7e-m+fp/hard\libc_nano.a(libc_a-stdio.o)
                0x08010caa                __sclose
 .text.__swbuf_r
                0x08010cb2       0x7c C:/ST/STM32CubeIDE_1.16.0/STM32CubeIDE/plugins/com.st.stm32cube.ide.mcu.externaltools.gnu-tools-for-stm32.13.3.rel1.win32_1.0.0.202411081344/tools/bin/../lib/gcc/arm-none-eabi/13.3.1/../../../../arm-none-eabi/lib/thumb/v7e-m+fp/hard\libc_nano.a(libc_a-wbuf.o)
                0x08010cb2                __swbuf_r
 *fill*         0x08010d2e        0x2 
 .text.__swsetup_r
                0x08010d30       0xac C:/ST/STM32CubeIDE_1.16.0/STM32CubeIDE/plugins/com.st.stm32cube.ide.mcu.externaltools.gnu-tools-for-stm32.13.3.rel1.win32_1.0.0.202411081344/tools/bin/../lib/gcc/arm-none-eabi/13.3.1/../../../../arm-none-eabi/lib/thumb/v7e-m+fp/hard\libc_nano.a(libc_a-wsetup.o)
                0x08010d30                __swsetup_r
 .text.memset   0x08010ddc       0x10 C:/ST/STM32CubeIDE_1.16.0/STM32CubeIDE/plugins/com.st.stm32cube.ide.mcu.externaltools.gnu-tools-for-stm32.13.3.rel1.win32_1.0.0.202411081344/tools/bin/../lib/gcc/arm-none-eabi/13.3.1/../../../../arm-none-eabi/lib/thumb/v7e-m+fp/hard\libc_nano.a(libc_a-memset.o)
                0x08010ddc                memset
 .text.strncat  0x08010dec       0x26 C:/ST/STM32CubeIDE_1.16.0/STM32CubeIDE/plugins/com.st.stm32cube.ide.mcu.externaltools.gnu-tools-for-stm32.13.3.rel1.win32_1.0.0.202411081344/tools/bin/../lib/gcc/arm-none-eabi/13.3.1/../../../../arm-none-eabi/lib/thumb/v7e-m+fp/hard\libc_nano.a(libc_a-strncat.o)
                0x08010dec                strncat
 *fill*         0x08010e12        0x2 
 .text._localeconv_r
                0x08010e14        0x8 C:/ST/STM32CubeIDE_1.16.0/STM32CubeIDE/plugins/com.st.stm32cube.ide.mcu.externaltools.gnu-tools-for-stm32.13.3.rel1.win32_1.0.0.202411081344/tools/bin/../lib/gcc/arm-none-eabi/13.3.1/../../../../arm-none-eabi/lib/thumb/v7e-m+fp/hard\libc_nano.a(libc_a-localeconv.o)
                0x08010e14                _localeconv_r
 .text._close_r
                0x08010e1c       0x20 C:/ST/STM32CubeIDE_1.16.0/STM32CubeIDE/plugins/com.st.stm32cube.ide.mcu.externaltools.gnu-tools-for-stm32.13.3.rel1.win32_1.0.0.202411081344/tools/bin/../lib/gcc/arm-none-eabi/13.3.1/../../../../arm-none-eabi/lib/thumb/v7e-m+fp/hard\libc_nano.a(libc_a-closer.o)
                0x08010e1c                _close_r
 .text._reclaim_reent
                0x08010e3c       0xbc C:/ST/STM32CubeIDE_1.16.0/STM32CubeIDE/plugins/com.st.stm32cube.ide.mcu.externaltools.gnu-tools-for-stm32.13.3.rel1.win32_1.0.0.202411081344/tools/bin/../lib/gcc/arm-none-eabi/13.3.1/../../../../arm-none-eabi/lib/thumb/v7e-m+fp/hard\libc_nano.a(libc_a-reent.o)
                0x08010e3c                _reclaim_reent
 .text._lseek_r
                0x08010ef8       0x24 C:/ST/STM32CubeIDE_1.16.0/STM32CubeIDE/plugins/com.st.stm32cube.ide.mcu.externaltools.gnu-tools-for-stm32.13.3.rel1.win32_1.0.0.202411081344/tools/bin/../lib/gcc/arm-none-eabi/13.3.1/../../../../arm-none-eabi/lib/thumb/v7e-m+fp/hard\libc_nano.a(libc_a-lseekr.o)
                0x08010ef8                _lseek_r
 .text._read_r  0x08010f1c       0x24 C:/ST/STM32CubeIDE_1.16.0/STM32CubeIDE/plugins/com.st.stm32cube.ide.mcu.externaltools.gnu-tools-for-stm32.13.3.rel1.win32_1.0.0.202411081344/tools/bin/../lib/gcc/arm-none-eabi/13.3.1/../../../../arm-none-eabi/lib/thumb/v7e-m+fp/hard\libc_nano.a(libc_a-readr.o)
                0x08010f1c                _read_r
 .text._write_r
                0x08010f40       0x24 C:/ST/STM32CubeIDE_1.16.0/STM32CubeIDE/plugins/com.st.stm32cube.ide.mcu.externaltools.gnu-tools-for-stm32.13.3.rel1.win32_1.0.0.202411081344/tools/bin/../lib/gcc/arm-none-eabi/13.3.1/../../../../arm-none-eabi/lib/thumb/v7e-m+fp/hard\libc_nano.a(libc_a-writer.o)
                0x08010f40                _write_r
 .text.__errno  0x08010f64        0xc C:/ST/STM32CubeIDE_1.16.0/STM32CubeIDE/plugins/com.st.stm32cube.ide.mcu.externaltools.gnu-tools-for-stm32.13.3.rel1.win32_1.0.0.202411081344/tools/bin/../lib/gcc/arm-none-eabi/13.3.1/../../../../arm-none-eabi/lib/thumb/v7e-m+fp/hard\libc_nano.a(libc_a-errno.o)
                0x08010f64                __errno
 .text.__libc_init_array
                0x08010f70       0x48 C:/ST/STM32CubeIDE_1.16.0/STM32CubeIDE/plugins/com.st.stm32cube.ide.mcu.externaltools.gnu-tools-for-stm32.13.3.rel1.win32_1.0.0.202411081344/tools/bin/../lib/gcc/arm-none-eabi/13.3.1/../../../../arm-none-eabi/lib/thumb/v7e-m+fp/hard\libc_nano.a(libc_a-init.o)
                0x08010f70                __libc_init_array
 .text.__retarget_lock_init_recursive
                0x08010fb8        0x2 C:/ST/STM32CubeIDE_1.16.0/STM32CubeIDE/plugins/com.st.stm32cube.ide.mcu.externaltools.gnu-tools-for-stm32.13.3.rel1.win32_1.0.0.202411081344/tools/bin/../lib/gcc/arm-none-eabi/13.3.1/../../../../arm-none-eabi/lib/thumb/v7e-m+fp/hard\libc_nano.a(libc_a-lock.o)
                0x08010fb8                __retarget_lock_init_recursive
 .text.__retarget_lock_acquire_recursive
                0x08010fba        0x2 C:/ST/STM32CubeIDE_1.16.0/STM32CubeIDE/plugins/com.st.stm32cube.ide.mcu.externaltools.gnu-tools-for-stm32.13.3.rel1.win32_1.0.0.202411081344/tools/bin/../lib/gcc/arm-none-eabi/13.3.1/../../../../arm-none-eabi/lib/thumb/v7e-m+fp/hard\libc_nano.a(libc_a-lock.o)
                0x08010fba                __retarget_lock_acquire_recursive
 .text.__retarget_lock_release_recursive
                0x08010fbc        0x2 C:/ST/STM32CubeIDE_1.16.0/STM32CubeIDE/plugins/com.st.stm32cube.ide.mcu.externaltools.gnu-tools-for-stm32.13.3.rel1.win32_1.0.0.202411081344/tools/bin/../lib/gcc/arm-none-eabi/13.3.1/../../../../arm-none-eabi/lib/thumb/v7e-m+fp/hard\libc_nano.a(libc_a-lock.o)
                0x08010fbc                __retarget_lock_release_recursive
 .text.memcpy   0x08010fbe       0x1c C:/ST/STM32CubeIDE_1.16.0/STM32CubeIDE/plugins/com.st.stm32cube.ide.mcu.externaltools.gnu-tools-for-stm32.13.3.rel1.win32_1.0.0.202411081344/tools/bin/../lib/gcc/arm-none-eabi/13.3.1/../../../../arm-none-eabi/lib/thumb/v7e-m+fp/hard\libc_nano.a(libc_a-memcpy-stub.o)
                0x08010fbe                memcpy
 .text.quorem   0x08010fda      0x110 C:/ST/STM32CubeIDE_1.16.0/STM32CubeIDE/plugins/com.st.stm32cube.ide.mcu.externaltools.gnu-tools-for-stm32.13.3.rel1.win32_1.0.0.202411081344/tools/bin/../lib/gcc/arm-none-eabi/13.3.1/../../../../arm-none-eabi/lib/thumb/v7e-m+fp/hard\libc_nano.a(libc_a-dtoa.o)
 *fill*         0x080110ea        0x6 
 .text._dtoa_r  0x080110f0      0xba0 C:/ST/STM32CubeIDE_1.16.0/STM32CubeIDE/plugins/com.st.stm32cube.ide.mcu.externaltools.gnu-tools-for-stm32.13.3.rel1.win32_1.0.0.202411081344/tools/bin/../lib/gcc/arm-none-eabi/13.3.1/../../../../arm-none-eabi/lib/thumb/v7e-m+fp/hard\libc_nano.a(libc_a-dtoa.o)
                0x080110f0                _dtoa_r
 .text._free_r  0x08011c90       0x94 C:/ST/STM32CubeIDE_1.16.0/STM32CubeIDE/plugins/com.st.stm32cube.ide.mcu.externaltools.gnu-tools-for-stm32.13.3.rel1.win32_1.0.0.202411081344/tools/bin/../lib/gcc/arm-none-eabi/13.3.1/../../../../arm-none-eabi/lib/thumb/v7e-m+fp/hard\libc_nano.a(libc_a-freer.o)
                0x08011c90                _free_r
 .text.malloc   0x08011d24       0x10 C:/ST/STM32CubeIDE_1.16.0/STM32CubeIDE/plugins/com.st.stm32cube.ide.mcu.externaltools.gnu-tools-for-stm32.13.3.rel1.win32_1.0.0.202411081344/tools/bin/../lib/gcc/arm-none-eabi/13.3.1/../../../../arm-none-eabi/lib/thumb/v7e-m+fp/hard\libc_nano.a(libc_a-malloc.o)
                0x08011d24                malloc
 .text.sbrk_aligned
                0x08011d34       0x44 C:/ST/STM32CubeIDE_1.16.0/STM32CubeIDE/plugins/com.st.stm32cube.ide.mcu.externaltools.gnu-tools-for-stm32.13.3.rel1.win32_1.0.0.202411081344/tools/bin/../lib/gcc/arm-none-eabi/13.3.1/../../../../arm-none-eabi/lib/thumb/v7e-m+fp/hard\libc_nano.a(libc_a-mallocr.o)
 .text._malloc_r
                0x08011d78      0x100 C:/ST/STM32CubeIDE_1.16.0/STM32CubeIDE/plugins/com.st.stm32cube.ide.mcu.externaltools.gnu-tools-for-stm32.13.3.rel1.win32_1.0.0.202411081344/tools/bin/../lib/gcc/arm-none-eabi/13.3.1/../../../../arm-none-eabi/lib/thumb/v7e-m+fp/hard\libc_nano.a(libc_a-mallocr.o)
                0x08011d78                _malloc_r
 .text.__malloc_lock
                0x08011e78        0xc C:/ST/STM32CubeIDE_1.16.0/STM32CubeIDE/plugins/com.st.stm32cube.ide.mcu.externaltools.gnu-tools-for-stm32.13.3.rel1.win32_1.0.0.202411081344/tools/bin/../lib/gcc/arm-none-eabi/13.3.1/../../../../arm-none-eabi/lib/thumb/v7e-m+fp/hard\libc_nano.a(libc_a-mlock.o)
                0x08011e78                __malloc_lock
 .text.__malloc_unlock
                0x08011e84        0xc C:/ST/STM32CubeIDE_1.16.0/STM32CubeIDE/plugins/com.st.stm32cube.ide.mcu.externaltools.gnu-tools-for-stm32.13.3.rel1.win32_1.0.0.202411081344/tools/bin/../lib/gcc/arm-none-eabi/13.3.1/../../../../arm-none-eabi/lib/thumb/v7e-m+fp/hard\libc_nano.a(libc_a-mlock.o)
                0x08011e84                __malloc_unlock
 .text._Balloc  0x08011e90       0x80 C:/ST/STM32CubeIDE_1.16.0/STM32CubeIDE/plugins/com.st.stm32cube.ide.mcu.externaltools.gnu-tools-for-stm32.13.3.rel1.win32_1.0.0.202411081344/tools/bin/../lib/gcc/arm-none-eabi/13.3.1/../../../../arm-none-eabi/lib/thumb/v7e-m+fp/hard\libc_nano.a(libc_a-mprec.o)
                0x08011e90                _Balloc
 .text._Bfree   0x08011f10       0x44 C:/ST/STM32CubeIDE_1.16.0/STM32CubeIDE/plugins/com.st.stm32cube.ide.mcu.externaltools.gnu-tools-for-stm32.13.3.rel1.win32_1.0.0.202411081344/tools/bin/../lib/gcc/arm-none-eabi/13.3.1/../../../../arm-none-eabi/lib/thumb/v7e-m+fp/hard\libc_nano.a(libc_a-mprec.o)
                0x08011f10                _Bfree
 .text.__multadd
                0x08011f54       0x8c C:/ST/STM32CubeIDE_1.16.0/STM32CubeIDE/plugins/com.st.stm32cube.ide.mcu.externaltools.gnu-tools-for-stm32.13.3.rel1.win32_1.0.0.202411081344/tools/bin/../lib/gcc/arm-none-eabi/13.3.1/../../../../arm-none-eabi/lib/thumb/v7e-m+fp/hard\libc_nano.a(libc_a-mprec.o)
                0x08011f54                __multadd
 .text.__hi0bits
                0x08011fe0       0x3e C:/ST/STM32CubeIDE_1.16.0/STM32CubeIDE/plugins/com.st.stm32cube.ide.mcu.externaltools.gnu-tools-for-stm32.13.3.rel1.win32_1.0.0.202411081344/tools/bin/../lib/gcc/arm-none-eabi/13.3.1/../../../../arm-none-eabi/lib/thumb/v7e-m+fp/hard\libc_nano.a(libc_a-mprec.o)
                0x08011fe0                __hi0bits
 .text.__lo0bits
                0x0801201e       0x5a C:/ST/STM32CubeIDE_1.16.0/STM32CubeIDE/plugins/com.st.stm32cube.ide.mcu.externaltools.gnu-tools-for-stm32.13.3.rel1.win32_1.0.0.202411081344/tools/bin/../lib/gcc/arm-none-eabi/13.3.1/../../../../arm-none-eabi/lib/thumb/v7e-m+fp/hard\libc_nano.a(libc_a-mprec.o)
                0x0801201e                __lo0bits
 .text.__i2b    0x08012078       0x2c C:/ST/STM32CubeIDE_1.16.0/STM32CubeIDE/plugins/com.st.stm32cube.ide.mcu.externaltools.gnu-tools-for-stm32.13.3.rel1.win32_1.0.0.202411081344/tools/bin/../lib/gcc/arm-none-eabi/13.3.1/../../../../arm-none-eabi/lib/thumb/v7e-m+fp/hard\libc_nano.a(libc_a-mprec.o)
                0x08012078                __i2b
 .text.__multiply
                0x080120a4      0x144 C:/ST/STM32CubeIDE_1.16.0/STM32CubeIDE/plugins/com.st.stm32cube.ide.mcu.externaltools.gnu-tools-for-stm32.13.3.rel1.win32_1.0.0.202411081344/tools/bin/../lib/gcc/arm-none-eabi/13.3.1/../../../../arm-none-eabi/lib/thumb/v7e-m+fp/hard\libc_nano.a(libc_a-mprec.o)
                0x080120a4                __multiply
 .text.__pow5mult
                0x080121e8       0xb4 C:/ST/STM32CubeIDE_1.16.0/STM32CubeIDE/plugins/com.st.stm32cube.ide.mcu.externaltools.gnu-tools-for-stm32.13.3.rel1.win32_1.0.0.202411081344/tools/bin/../lib/gcc/arm-none-eabi/13.3.1/../../../../arm-none-eabi/lib/thumb/v7e-m+fp/hard\libc_nano.a(libc_a-mprec.o)
                0x080121e8                __pow5mult
 .text.__lshift
                0x0801229c       0xd8 C:/ST/STM32CubeIDE_1.16.0/STM32CubeIDE/plugins/com.st.stm32cube.ide.mcu.externaltools.gnu-tools-for-stm32.13.3.rel1.win32_1.0.0.202411081344/tools/bin/../lib/gcc/arm-none-eabi/13.3.1/../../../../arm-none-eabi/lib/thumb/v7e-m+fp/hard\libc_nano.a(libc_a-mprec.o)
                0x0801229c                __lshift
 .text.__mcmp   0x08012374       0x36 C:/ST/STM32CubeIDE_1.16.0/STM32CubeIDE/plugins/com.st.stm32cube.ide.mcu.externaltools.gnu-tools-for-stm32.13.3.rel1.win32_1.0.0.202411081344/tools/bin/../lib/gcc/arm-none-eabi/13.3.1/../../../../arm-none-eabi/lib/thumb/v7e-m+fp/hard\libc_nano.a(libc_a-mprec.o)
                0x08012374                __mcmp
 *fill*         0x080123aa        0x2 
 .text.__mdiff  0x080123ac      0x128 C:/ST/STM32CubeIDE_1.16.0/STM32CubeIDE/plugins/com.st.stm32cube.ide.mcu.externaltools.gnu-tools-for-stm32.13.3.rel1.win32_1.0.0.202411081344/tools/bin/../lib/gcc/arm-none-eabi/13.3.1/../../../../arm-none-eabi/lib/thumb/v7e-m+fp/hard\libc_nano.a(libc_a-mprec.o)
                0x080123ac                __mdiff
 .text.__d2b    0x080124d4       0xb0 C:/ST/STM32CubeIDE_1.16.0/STM32CubeIDE/plugins/com.st.stm32cube.ide.mcu.externaltools.gnu-tools-for-stm32.13.3.rel1.win32_1.0.0.202411081344/tools/bin/../lib/gcc/arm-none-eabi/13.3.1/../../../../arm-none-eabi/lib/thumb/v7e-m+fp/hard\libc_nano.a(libc_a-mprec.o)
                0x080124d4                __d2b
 .text.__ssputs_r
                0x08012584       0xb6 C:/ST/STM32CubeIDE_1.16.0/STM32CubeIDE/plugins/com.st.stm32cube.ide.mcu.externaltools.gnu-tools-for-stm32.13.3.rel1.win32_1.0.0.202411081344/tools/bin/../lib/gcc/arm-none-eabi/13.3.1/../../../../arm-none-eabi/lib/thumb/v7e-m+fp/hard\libc_nano.a(libc_a-nano-svfprintf.o)
                0x08012584                __ssputs_r
 *fill*         0x0801263a        0x2 
 .text._svfprintf_r
                0x0801263c      0x1f8 C:/ST/STM32CubeIDE_1.16.0/STM32CubeIDE/plugins/com.st.stm32cube.ide.mcu.externaltools.gnu-tools-for-stm32.13.3.rel1.win32_1.0.0.202411081344/tools/bin/../lib/gcc/arm-none-eabi/13.3.1/../../../../arm-none-eabi/lib/thumb/v7e-m+fp/hard\libc_nano.a(libc_a-nano-svfprintf.o)
                0x0801263c                _svfiprintf_r
                0x0801263c                _svfprintf_r
 .text.__sfputc_r
                0x08012834       0x2e C:/ST/STM32CubeIDE_1.16.0/STM32CubeIDE/plugins/com.st.stm32cube.ide.mcu.externaltools.gnu-tools-for-stm32.13.3.rel1.win32_1.0.0.202411081344/tools/bin/../lib/gcc/arm-none-eabi/13.3.1/../../../../arm-none-eabi/lib/thumb/v7e-m+fp/hard\libc_nano.a(libc_a-nano-vfprintf.o)
 .text.__sfputs_r
                0x08012862       0x24 C:/ST/STM32CubeIDE_1.16.0/STM32CubeIDE/plugins/com.st.stm32cube.ide.mcu.externaltools.gnu-tools-for-stm32.13.3.rel1.win32_1.0.0.202411081344/tools/bin/../lib/gcc/arm-none-eabi/13.3.1/../../../../arm-none-eabi/lib/thumb/v7e-m+fp/hard\libc_nano.a(libc_a-nano-vfprintf.o)
                0x08012862                __sfputs_r
 *fill*         0x08012886        0x2 
 .text._vfprintf_r
                0x08012888      0x230 C:/ST/STM32CubeIDE_1.16.0/STM32CubeIDE/plugins/com.st.stm32cube.ide.mcu.externaltools.gnu-tools-for-stm32.13.3.rel1.win32_1.0.0.202411081344/tools/bin/../lib/gcc/arm-none-eabi/13.3.1/../../../../arm-none-eabi/lib/thumb/v7e-m+fp/hard\libc_nano.a(libc_a-nano-vfprintf.o)
                0x08012888                _vfprintf_r
                0x08012888                _vfiprintf_r
 .text.__sflush_r
                0x08012ab8      0x108 C:/ST/STM32CubeIDE_1.16.0/STM32CubeIDE/plugins/com.st.stm32cube.ide.mcu.externaltools.gnu-tools-for-stm32.13.3.rel1.win32_1.0.0.202411081344/tools/bin/../lib/gcc/arm-none-eabi/13.3.1/../../../../arm-none-eabi/lib/thumb/v7e-m+fp/hard\libc_nano.a(libc_a-fflush.o)
                0x08012ab8                __sflush_r
 .text._fflush_r
                0x08012bc0       0x50 C:/ST/STM32CubeIDE_1.16.0/STM32CubeIDE/plugins/com.st.stm32cube.ide.mcu.externaltools.gnu-tools-for-stm32.13.3.rel1.win32_1.0.0.202411081344/tools/bin/../lib/gcc/arm-none-eabi/13.3.1/../../../../arm-none-eabi/lib/thumb/v7e-m+fp/hard\libc_nano.a(libc_a-fflush.o)
                0x08012bc0                _fflush_r
 .text.__swhatbuf_r
                0x08012c10       0x4c C:/ST/STM32CubeIDE_1.16.0/STM32CubeIDE/plugins/com.st.stm32cube.ide.mcu.externaltools.gnu-tools-for-stm32.13.3.rel1.win32_1.0.0.202411081344/tools/bin/../lib/gcc/arm-none-eabi/13.3.1/../../../../arm-none-eabi/lib/thumb/v7e-m+fp/hard\libc_nano.a(libc_a-makebuf.o)
                0x08012c10                __swhatbuf_r
 .text.__smakebuf_r
                0x08012c5c       0x78 C:/ST/STM32CubeIDE_1.16.0/STM32CubeIDE/plugins/com.st.stm32cube.ide.mcu.externaltools.gnu-tools-for-stm32.13.3.rel1.win32_1.0.0.202411081344/tools/bin/../lib/gcc/arm-none-eabi/13.3.1/../../../../arm-none-eabi/lib/thumb/v7e-m+fp/hard\libc_nano.a(libc_a-makebuf.o)
                0x08012c5c                __smakebuf_r
 .text.memmove  0x08012cd4       0x34 C:/ST/STM32CubeIDE_1.16.0/STM32CubeIDE/plugins/com.st.stm32cube.ide.mcu.externaltools.gnu-tools-for-stm32.13.3.rel1.win32_1.0.0.202411081344/tools/bin/../lib/gcc/arm-none-eabi/13.3.1/../../../../arm-none-eabi/lib/thumb/v7e-m+fp/hard\libc_nano.a(libc_a-memmove.o)
                0x08012cd4                memmove
 .text._fstat_r
                0x08012d08       0x24 C:/ST/STM32CubeIDE_1.16.0/STM32CubeIDE/plugins/com.st.stm32cube.ide.mcu.externaltools.gnu-tools-for-stm32.13.3.rel1.win32_1.0.0.202411081344/tools/bin/../lib/gcc/arm-none-eabi/13.3.1/../../../../arm-none-eabi/lib/thumb/v7e-m+fp/hard\libc_nano.a(libc_a-fstatr.o)
                0x08012d08                _fstat_r