Archive member included to satisfy reference by file (symbol)

C:/ST/STM32CubeIDE_1.16.0/STM32CubeIDE/plugins/com.st.stm32cube.ide.mcu.externaltools.gnu-tools-for-stm32.13.3.rel1.win32_1.0.0.202411081344/tools/bin/../lib/gcc/arm-none-eabi/13.3.1/../../../../arm-none-eabi/lib/thumb/v7e-m+fp/hard\libc_nano.a(libc_a-exit.o)
                              C:/ST/STM32CubeIDE_1.16.0/STM32CubeIDE/plugins/com.st.stm32cube.ide.mcu.externaltools.gnu-tools-for-stm32.13.3.rel1.win32_1.0.0.202411081344/tools/bin/../lib/gcc/arm-none-eabi/13.3.1/../../../../arm-none-eabi/lib/thumb/v7e-m+fp/hard/crt0.o (exit)
C:/ST/STM32CubeIDE_1.16.0/STM32CubeIDE/plugins/com.st.stm32cube.ide.mcu.externaltools.gnu-tools-for-stm32.13.3.rel1.win32_1.0.0.202411081344/tools/bin/../lib/gcc/arm-none-eabi/13.3.1/../../../../arm-none-eabi/lib/thumb/v7e-m+fp/hard\libc_nano.a(libc_a-nano-vfprintf_float.o)
                              (_printf_float)
C:/ST/STM32CubeIDE_1.16.0/STM32CubeIDE/plugins/com.st.stm32cube.ide.mcu.externaltools.gnu-tools-for-stm32.13.3.rel1.win32_1.0.0.202411081344/tools/bin/../lib/gcc/arm-none-eabi/13.3.1/../../../../arm-none-eabi/lib/thumb/v7e-m+fp/hard\libc_nano.a(libc_a-nano-vfprintf_i.o)
                              C:/ST/STM32CubeIDE_1.16.0/STM32CubeIDE/plugins/com.st.stm32cube.ide.mcu.externaltools.gnu-tools-for-stm32.13.3.rel1.win32_1.0.0.202411081344/tools/bin/../lib/gcc/arm-none-eabi/13.3.1/../../../../arm-none-eabi/lib/thumb/v7e-m+fp/hard\libc_nano.a(libc_a-nano-vfprintf_float.o) (_printf_common)
C:/ST/STM32CubeIDE_1.16.0/STM32CubeIDE/plugins/com.st.stm32cube.ide.mcu.externaltools.gnu-tools-for-stm32.13.3.rel1.win32_1.0.0.202411081344/tools/bin/../lib/gcc/arm-none-eabi/13.3.1/../../../../arm-none-eabi/lib/thumb/v7e-m+fp/hard\libc_nano.a(libc_a-findfp.o)
                              ./Middlewares/Third_Party/FreeRTOS/Source/tasks.o (__sf)
C:/ST/STM32CubeIDE_1.16.0/STM32CubeIDE/plugins/com.st.stm32cube.ide.mcu.externaltools.gnu-tools-for-stm32.13.3.rel1.win32_1.0.0.202411081344/tools/bin/../lib/gcc/arm-none-eabi/13.3.1/../../../../arm-none-eabi/lib/thumb/v7e-m+fp/hard\libc_nano.a(libc_a-fwalk.o)
                              C:/ST/STM32CubeIDE_1.16.0/STM32CubeIDE/plugins/com.st.stm32cube.ide.mcu.externaltools.gnu-tools-for-stm32.13.3.rel1.win32_1.0.0.202411081344/tools/bin/../lib/gcc/arm-none-eabi/13.3.1/../../../../arm-none-eabi/lib/thumb/v7e-m+fp/hard\libc_nano.a(libc_a-findfp.o) (_fwalk_sglue)
C:/ST/STM32CubeIDE_1.16.0/STM32CubeIDE/plugins/com.st.stm32cube.ide.mcu.externaltools.gnu-tools-for-stm32.13.3.rel1.win32_1.0.0.202411081344/tools/bin/../lib/gcc/arm-none-eabi/13.3.1/../../../../arm-none-eabi/lib/thumb/v7e-m+fp/hard\libc_nano.a(libc_a-snprintf.o)
                              ./Core/Src/main.o (snprintf)
C:/ST/STM32CubeIDE_1.16.0/STM32CubeIDE/plugins/com.st.stm32cube.ide.mcu.externaltools.gnu-tools-for-stm32.13.3.rel1.win32_1.0.0.202411081344/tools/bin/../lib/gcc/arm-none-eabi/13.3.1/../../../../arm-none-eabi/lib/thumb/v7e-m+fp/hard\libc_nano.a(libc_a-stdio.o)
                              C:/ST/STM32CubeIDE_1.16.0/STM32CubeIDE/plugins/com.st.stm32cube.ide.mcu.externaltools.gnu-tools-for-stm32.13.3.rel1.win32_1.0.0.202411081344/tools/bin/../lib/gcc/arm-none-eabi/13.3.1/../../../../arm-none-eabi/lib/thumb/v7e-m+fp/hard\libc_nano.a(libc_a-findfp.o) (__sread)
C:/ST/STM32CubeIDE_1.16.0/STM32CubeIDE/plugins/com.st.stm32cube.ide.mcu.externaltools.gnu-tools-for-stm32.13.3.rel1.win32_1.0.0.202411081344/tools/bin/../lib/gcc/arm-none-eabi/13.3.1/../../../../arm-none-eabi/lib/thumb/v7e-m+fp/hard\libc_nano.a(libc_a-memset.o)
                              C:/ST/STM32CubeIDE_1.16.0/STM32CubeIDE/plugins/com.st.stm32cube.ide.mcu.externaltools.gnu-tools-for-stm32.13.3.rel1.win32_1.0.0.202411081344/tools/bin/../lib/gcc/arm-none-eabi/13.3.1/../../../../arm-none-eabi/lib/thumb/v7e-m+fp/hard/crt0.o (memset)
C:/ST/STM32CubeIDE_1.16.0/STM32CubeIDE/plugins/com.st.stm32cube.ide.mcu.externaltools.gnu-tools-for-stm32.13.3.rel1.win32_1.0.0.202411081344/tools/bin/../lib/gcc/arm-none-eabi/13.3.1/../../../../arm-none-eabi/lib/thumb/v7e-m+fp/hard\libc_nano.a(libc_a-strncat.o)
                              ./Core/Src/main.o (strncat)
C:/ST/STM32CubeIDE_1.16.0/STM32CubeIDE/plugins/com.st.stm32cube.ide.mcu.externaltools.gnu-tools-for-stm32.13.3.rel1.win32_1.0.0.202411081344/tools/bin/../lib/gcc/arm-none-eabi/13.3.1/../../../../arm-none-eabi/lib/thumb/v7e-m+fp/hard\libc_nano.a(libc_a-localeconv.o)
                              C:/ST/STM32CubeIDE_1.16.0/STM32CubeIDE/plugins/com.st.stm32cube.ide.mcu.externaltools.gnu-tools-for-stm32.13.3.rel1.win32_1.0.0.202411081344/tools/bin/../lib/gcc/arm-none-eabi/13.3.1/../../../../arm-none-eabi/lib/thumb/v7e-m+fp/hard\libc_nano.a(libc_a-nano-vfprintf_float.o) (_localeconv_r)
[...]
Memory Configuration

Name             Origin             Length             Attributes
RAM              0x20000000         0x00020000         xrw
FLASH            0x08000000         0x00060000         xr
*default*        0x00000000         0xffffffff

Linker script and memory map

LOAD C:/ST/STM32CubeIDE_1.16.0/STM32CubeIDE/plugins/com.st.stm32cube.ide.mcu.externaltools.gnu-tools-for-stm32.13.3.rel1.win32_1.0.0.202411081344/tools/bin/../lib/gcc/arm-none-eabi/13.3.1/thumb/v7e-m+fp/hard/crti.o
LOAD C:/ST/STM32CubeIDE_1.16.0/STM32CubeIDE/plugins/com.st.stm32cube.ide.mcu.externaltools.gnu-tools-for-stm32.13.3.rel1.win32_1.0.0.202411081344/tools/bin/../lib/gcc/arm-none-eabi/13.3.1/thumb/v7e-m+fp/hard/crtbegin.o
LOAD C:/ST/STM32CubeIDE_1.16.0/STM32CubeIDE/plugins/com.st.stm32cube.ide.mcu.externaltools.gnu-tools-for-stm32.13.3.rel1.win32_1.0.0.202411081344/tools/bin/../lib/gcc/arm-none-eabi/13.3.1/../../../../arm-none-eabi/lib/thumb/v7e-m+fp/hard/crt0.o
LOAD ./Core/Src/fonts.o
LOAD ./Core/Src/freertos.o
LOAD ./Core/Src/main.o
LOAD ./Core/Src/ssd1306.o
LOAD ./Core/Src/stm32f4xx_hal_msp.o
LOAD ./Core/Src/stm32f4xx_hal_timebase_tim.o
LOAD ./Core/Src/stm32f4xx_it.o
LOAD ./Core/Src/syscalls.o
LOAD ./Core/Src/sysmem.o
LOAD ./Core/Src/system_stm32f4xx.o
LOAD ./Core/Src/tb6612fng.o
LOAD ./Core/Src/sh2/euler.o
LOAD ./Core/Src/sh2/sh2.o
LOAD ./Core/Src/sh2/sh2_SensorValue.o
LOAD ./Core/Src/sh2/sh2_platform_impl.o
LOAD ./Core/Src/sh2/sh2_util.o
LOAD ./Core/Src/sh2/shtp.o
LOAD ./Core/Startup/startup_stm32f411ceux.o
LOAD ./Drivers/STM32F4xx_HAL_Driver/Src/stm32f4xx_hal.o
LOAD ./Drivers/STM32F4xx_HAL_Driver/Src/stm32f4xx_hal_cortex.o
LOAD ./Drivers/STM32F4xx_HAL_Driver/Src/stm32f4xx_hal_dma.o
LOAD ./Drivers/STM32F4xx_HAL_Driver/Src/stm32f4xx_hal_dma_ex.o
LOAD ./Drivers/STM32F4xx_HAL_Driver/Src/stm32f4xx_hal_exti.o
LOAD ./Drivers/STM32F4xx_HAL_Driver/Src/stm32f4xx_hal_flash.o
LOAD ./Drivers/STM32F4xx_HAL_Driver/Src/stm32f4xx_hal_flash_ex.o
LOAD ./Drivers/STM32F4xx_HAL_Driver/Src/stm32f4xx_hal_flash_ramfunc.o
LOAD ./Drivers/STM32F4xx_HAL_Driver/Src/stm32f4xx_hal_gpio.o
LOAD ./Drivers/STM32F4xx_HAL_Driver/Src/stm32f4xx_hal_i2c.o
LOAD ./Drivers/STM32F4xx_HAL_Driver/Src/stm32f4xx_hal_i2c_ex.o
LOAD ./Drivers/STM32F4xx_HAL_Driver/Src/stm32f4xx_hal_iwdg.o
LOAD ./Drivers/STM32F4xx_HAL_Driver/Src/stm32f4xx_hal_pwr.o
LOAD ./Drivers/STM32F4xx_HAL_Driver/Src/stm32f4xx_hal_pwr_ex.o
LOAD ./Drivers/STM32F4xx_HAL_Driver/Src/stm32f4xx_hal_rcc.o
LOAD ./Drivers/STM32F4xx_HAL_Driver/Src/stm32f4xx_hal_rcc_ex.o
LOAD ./Drivers/STM32F4xx_HAL_Driver/Src/stm32f4xx_hal_tim.o
LOAD ./Drivers/STM32F4xx_HAL_Driver/Src/stm32f4xx_hal_tim_ex.o
LOAD ./Drivers/STM32F4xx_HAL_Driver/Src/stm32f4xx_hal_uart.o
LOAD ./Middlewares/Third_Party/FreeRTOS/Source/CMSIS_RTOS_V2/cmsis_os2.o
LOAD ./Middlewares/Third_Party/FreeRTOS/Source/croutine.o
LOAD ./Middlewares/Third_Party/FreeRTOS/Source/event_groups.o
LOAD ./Middlewares/Third_Party/FreeRTOS/Source/list.o
LOAD ./Middlewares/Third_Party/FreeRTOS/Source/queue.o
LOAD ./Middlewares/Third_Party/FreeRTOS/Source/stream_buffer.o
LOAD ./Middlewares/Third_Party/FreeRTOS/Source/tasks.o
LOAD ./Middlewares/Third_Party/FreeRTOS/Source/timers.o
LOAD ./Middlewares/Third_Party/FreeRTOS/Source/portable/GCC/ARM_CM4F/port.o
LOAD ./Middlewares/Third_Party/FreeRTOS/Source/portable/MemMang/heap_4.o
LOAD ./Middlewares/Third_Party/NimaLTD_Driver/EE/ee.o
START GROUP
LOAD C:/ST/STM32CubeIDE_1.16.0/STM32CubeIDE/plugins/com.st.stm32cube.ide.mcu.externaltools.gnu-tools-for-stm32.13.3.rel1.win32_1.0.0.202411081344/tools/bin/../lib/gcc/arm-none-eabi/13.3.1/../../../../arm-none-eabi/lib/thumb/v7e-m+fp/hard\libc_nano.a
LOAD C:/ST/STM32CubeIDE_1.16.0/STM32CubeIDE/plugins/com.st.stm32cube.ide.mcu.externaltools.gnu-tools-for-stm32.13.3.rel1.win32_1.0.0.202411081344/tools/bin/../lib/gcc/arm-none-eabi/13.3.1/../../../../arm-none-eabi/lib/thumb/v7e-m+fp/hard\libm.a
END GROUP
START GROUP
LOAD C:/ST/STM32CubeIDE_1.16.0/STM32CubeIDE/plugins/com.st.stm32cube.ide.mcu.externaltools.gnu-tools-for-stm32.13.3.rel1.win32_1.0.0.202411081344/tools/bin/../lib/gcc/arm-none-eabi/13.3.1/thumb/v7e-m+fp/hard\libgcc.a
LOAD C:/ST/STM32CubeIDE_1.16.0/STM32CubeIDE/plugins/com.st.stm32cube.ide.mcu.externaltools.gnu-tools-for-stm32.13.3.rel1.win32_1.0.0.202411081344/tools/bin/../lib/gcc/arm-none-eabi/13.3.1/../../../../arm-none-eabi/lib/thumb/v7e-m+fp/hard\libc_nano.a
END GROUP
START GROUP
LOAD C:/ST/STM32CubeIDE_1.16.0/STM32CubeIDE/plugins/com.st.stm32cube.ide.mcu.externaltools.gnu-tools-for-stm32.13.3.rel1.win32_1.0.0.202411081344/tools/bin/../lib/gcc/arm-none-eabi/13.3.1/thumb/v7e-m+fp/hard\libgcc.a
LOAD C:/ST/STM32CubeIDE_1.16.0/STM32CubeIDE/plugins/com.st.stm32cube.ide.mcu.externaltools.gnu-tools-for-stm32.13.3.rel1.win32_1.0.0.202411081344/tools/bin/../lib/gcc/arm-none-eabi/13.3.1/../../../../arm-none-eabi/lib/thumb/v7e-m+fp/hard\libc_nano.a
LOAD C:/ST/STM32CubeIDE_1.16.0/STM32CubeIDE/plugins/com.st.stm32cube.ide.mcu.externaltools.gnu-tools-for-stm32.13.3.rel1.win32_1.0.0.202411081344/tools/bin/../lib/gcc/arm-none-eabi/13.3.1/../../../../arm-none-eabi/lib/thumb/v7e-m+fp/hard\libnosys.a
END GROUP
START GROUP
LOAD C:/ST/STM32CubeIDE_1.16.0/STM32CubeIDE/plugins/com.st.stm32cube.ide.mcu.externaltools.gnu-tools-for-stm32.13.3.rel1.win32_1.0.0.202411081344/tools/bin/../lib/gcc/arm-none-eabi/13.3.1/thumb/v7e-m+fp/hard\libgcc.a
LOAD C:/ST/STM32CubeIDE_1.16.0/STM32CubeIDE/plugins/com.st.stm32cube.ide.mcu.externaltools.gnu-tools-for-stm32.13.3.rel1.win32_1.0.0.202411081344/tools/bin/../lib/gcc/arm-none-eabi/13.3.1/../../../../arm-none-eabi/lib/thumb/v7e-m+fp/hard\libc_nano.a
LOAD C:/ST/STM32CubeIDE_1.16.0/STM32CubeIDE/plugins/com.st.stm32cube.ide.mcu.externaltools.gnu-tools-for-stm32.13.3.rel1.win32_1.0.0.202411081344/tools/bin/../lib/gcc/arm-none-eabi/13.3.1/../../../../arm-none-eabi/lib/thumb/v7e-m+fp/hard\libnosys.a
END GROUP
LOAD C:/ST/STM32CubeIDE_1.16.0/STM32CubeIDE/plugins/com.st.stm32cube.ide.mcu.externaltools.gnu-tools-for-stm32.13.3.rel1.win32_1.0.0.202411081344/tools/bin/../lib/gcc/arm-none-eabi/13.3.1/thumb/v7e-m+fp/hard/crtend.o
LOAD C:/ST/STM32CubeIDE_1.16.0/STM32CubeIDE/plugins/com.st.stm32cube.ide.mcu.externaltools.gnu-tools-for-stm32.13.3.rel1.win32_1.0.0.202411081344/tools/bin/../lib/gcc/arm-none-eabi/13.3.1/thumb/v7e-m+fp/hard/crtn.o
                0x20020000                        _estack = (ORIGIN (RAM) + LENGTH (RAM))
                0x00000200                        _Min_Heap_Size = 0x200
                0x00000400                        _Min_Stack_Size = 0x400

.isr_vector     0x08000000      0x198
                0x08000000                        . = ALIGN (0x4)
 *(.isr_vector)
 .isr_vector    0x08000000      0x198 ./Core/Startup/startup_stm32f411ceux.o
                0x08000000                g_pfnVectors
                0x08000198                        . = ALIGN (0x4)

.text           0x080001a0    0x12754
                0x080001a0                        . = ALIGN (0x4)
 *(.text)
 .text          0x080001a0       0x40 C:/ST/STM32CubeIDE_1.16.0/STM32CubeIDE/plugins/com.st.stm32cube.ide.mcu.externaltools.gnu-tools-for-stm32.13.3.rel1.win32_1.0.0.202411081344/tools/bin/../lib/gcc/arm-none-eabi/13.3.1/thumb/v7e-m+fp/hard/crtbegin.o
 .text          0x080001e0       0xa0 C:/ST/STM32CubeIDE_1.16.0/STM32CubeIDE/plugins/com.st.stm32cube.ide.mcu.externaltools.gnu-tools-for-stm32.13.3.rel1.win32_1.0.0.202411081344/tools/bin/../lib/gcc/arm-none-eabi/13.3.1/../../../../arm-none-eabi/lib/thumb/v7e-m+fp/hard\libc_nano.a(libc_a-memchr.o)
                0x080001e0                memchr
 .text          0x08000280       0x10 C:/ST/STM32CubeIDE_1.16.0/STM32CubeIDE/plugins/com.st.stm32cube.ide.mcu.externaltools.gnu-tools-for-stm32.13.3.rel1.win32_1.0.0.202411081344/tools/bin/../lib/gcc/arm-none-eabi/13.3.1/../../../../arm-none-eabi/lib/thumb/v7e-m+fp/hard\libc_nano.a(libc_a-strlen.o)
                0x08000280                strlen
 .text          0x08000290      0x378 C:/ST/STM32CubeIDE_1.16.0/STM32CubeIDE/plugins/com.st.stm32cube.ide.mcu.externaltools.gnu-tools-for-stm32.13.3.rel1.win32_1.0.0.202411081344/tools/bin/../lib/gcc/arm-none-eabi/13.3.1/thumb/v7e-m+fp/hard\libgcc.a(_arm_addsubdf3.o)
                0x08000290                __aeabi_drsub
                0x08000298                __aeabi_dsub
                0x08000298                __subdf3
                0x0800029c                __aeabi_dadd
                0x0800029c                __adddf3
                0x08000514                __floatunsidf
                0x08000514                __aeabi_ui2d
                0x08000534                __floatsidf
                0x08000534                __aeabi_i2d
                0x08000558                __aeabi_f2d
                0x08000558                __extendsfdf2
                0x0800059c                __floatundidf
                0x0800059c                __aeabi_ul2d
                0x080005ac                __floatdidf
                0x080005ac                __aeabi_l2d
 .text          0x08000608      0x424 C:/ST/STM32CubeIDE_1.16.0/STM32CubeIDE/plugins/com.st.stm32cube.ide.mcu.externaltools.gnu-tools-for-stm32.13.3.rel1.win32_1.0.0.202411081344/tools/bin/../lib/gcc/arm-none-eabi/13.3.1/thumb/v7e-m+fp/hard\libgcc.a(_arm_muldivdf3.o)
                0x08000608                __aeabi_dmul
                0x08000608                __muldf3
                0x0800085c                __divdf3
                0x0800085c                __aeabi_ddiv
 .text          0x08000a2c      0x110 C:/ST/STM32CubeIDE_1.16.0/STM32CubeIDE/plugins/com.st.stm32cube.ide.mcu.externaltools.gnu-tools-for-stm32.13.3.rel1.win32_1.0.0.202411081344/tools/bin/../lib/gcc/arm-none-eabi/13.3.1/thumb/v7e-m+fp/hard\libgcc.a(_arm_cmpdf2.o)
                0x08000a2c                __gtdf2
                0x08000a2c                __gedf2
                0x08000a34                __ltdf2
                0x08000a34                __ledf2
                0x08000a3c                __nedf2
                0x08000a3c                __eqdf2
                0x08000a3c                __cmpdf2
                0x08000ab8                __aeabi_cdrcmple
                0x08000ac8                __aeabi_cdcmpeq
                0x08000ac8                __aeabi_cdcmple
                0x08000ad8                __aeabi_dcmpeq
                0x08000aec                __aeabi_dcmplt
                0x08000b00                __aeabi_dcmple
                0x08000b14                __aeabi_dcmpge
                0x08000b28                __aeabi_dcmpgt
 .text          0x08000b3c       0x2c C:/ST/STM32CubeIDE_1.16.0/STM32CubeIDE/plugins/com.st.stm32cube.ide.mcu.externaltools.gnu-tools-for-stm32.13.3.rel1.win32_1.0.0.202411081344/tools/bin/../lib/gcc/arm-none-eabi/13.3.1/thumb/v7e-m+fp/hard\libgcc.a(_arm_unorddf2.o)
                0x08000b3c                __unorddf2
                0x08000b3c                __aeabi_dcmpun
 .text          0x08000b68       0x50 C:/ST/STM32CubeIDE_1.16.0/STM32CubeIDE/plugins/com.st.stm32cube.ide.mcu.externaltools.gnu-tools-for-stm32.13.3.rel1.win32_1.0.0.202411081344/tools/bin/../lib/gcc/arm-none-eabi/13.3.1/thumb/v7e-m+fp/hard\libgcc.a(_arm_fixdfsi.o)
                0x08000b68                __aeabi_d2iz
                0x08000b68                __fixdfsi
 .text          0x08000bb8       0x30 C:/ST/STM32CubeIDE_1.16.0/STM32CubeIDE/plugins/com.st.stm32cube.ide.mcu.externaltools.gnu-tools-for-stm32.13.3.rel1.win32_1.0.0.202411081344/tools/bin/../lib/gcc/arm-none-eabi/13.3.1/thumb/v7e-m+fp/hard\libgcc.a(_aeabi_uldivmod.o)
                0x08000bb8                __aeabi_uldivmod
 .text          0x08000be8      0x2f8 C:/ST/STM32CubeIDE_1.16.0/STM32CubeIDE/plugins/com.st.stm32cube.ide.mcu.externaltools.gnu-tools-for-stm32.13.3.rel1.win32_1.0.0.202411081344/tools/bin/../lib/gcc/arm-none-eabi/13.3.1/thumb/v7e-m+fp/hard\libgcc.a(_udivmoddi4.o)
                0x08000be8                __udivmoddi4
 .text          0x08000ee0        0x4 C:/ST/STM32CubeIDE_1.16.0/STM32CubeIDE/plugins/com.st.stm32cube.ide.mcu.externaltools.gnu-tools-for-stm32.13.3.rel1.win32_1.0.0.202411081344/tools/bin/../lib/gcc/arm-none-eabi/13.3.1/thumb/v7e-m+fp/hard\libgcc.a(_dvmd_tls.o)
                0x08000ee0                __aeabi_idiv0
                0x08000ee0                __aeabi_ldiv0
 *(.text*)
 .text.__NVIC_SystemReset
                0x08000ee4       0x2c ./Core/Src/main.o
 .text.i2c_bus_scan
                0x08000f10       0xa0 ./Core/Src/main.o
                0x08000f10                i2c_bus_scan
 .text.bno085_read_chip_id
                0x08000fb0       0x54 ./Core/Src/main.o
                0x08000fb0                bno085_read_chip_id
 .text.sh2_event_callback
                0x08001004       0x16 ./Core/Src/main.o
                0x08001004                sh2_event_callback
 *fill*         0x0800101a        0x2 
 .text.sh2_sensor_handler
                0x0800101c       0xf0 ./Core/Src/main.o
 .text.bno085_setup
                0x0800110c       0x9c ./Core/Src/main.o
                0x0800110c                bno085_setup
 .text.sbus_to_percentage
                0x080011a8       0x68 ./Core/Src/main.o
                0x080011a8                sbus_to_percentage
 .text.calculate_omni_motor_speeds
                0x08001210       0xf8 ./Core/Src/main.o
                0x08001210                calculate_omni_motor_speeds
 .text.calculate_omni_motor_speeds_with_heading
                0x08001308      0x1a4 ./Core/Src/main.o
                0x08001308                calculate_omni_motor_speeds_with_heading
 .text.apply_motor_speeds_3wheel
                0x080014ac      0x144 ./Core/Src/main.o
                0x080014ac                apply_motor_speeds_3wheel
 .text.stop_all_motors_3wheel
                0x080015f0       0x1a ./Core/Src/main.o
                0x080015f0                stop_all_motors_3wheel
 *fill*         0x0800160a        0x2 
 .text.is_sbus_signal_valid
                0x0800160c       0x84 ./Core/Src/main.o
                0x0800160c                is_sbus_signal_valid
 .text.calculate_heading_pid_simplified
                0x08001690      0x5ec ./Core/Src/main.o
                0x08001690                calculate_heading_pid_simplified
 .text.reset_heading_pid
                0x08001c7c       0x54 ./Core/Src/main.o
                0x08001c7c                reset_heading_pid
 .text.set_heading_lock
                0x08001cd0       0x3c ./Core/Src/main.o
                0x08001cd0                set_heading_lock
 .text.disable_heading_lock
                0x08001d0c       0x18 ./Core/Src/main.o
                0x08001d0c                disable_heading_lock
 .text.compass_to_robot_front
                0x08001d24       0x7c ./Core/Src/main.o
                0x08001d24                compass_to_robot_front
 .text.save_heading_lock_to_eeprom
                0x08001da0       0x58 ./Core/Src/main.o
                0x08001da0                save_heading_lock_to_eeprom
 .text.restore_heading_lock_from_eeprom
                0x08001df8       0x60 ./Core/Src/main.o
                0x08001df8                restore_heading_lock_from_eeprom
 .text.get_channel7_position
                0x08001e58       0x68 ./Core/Src/main.o
                0x08001e58                get_channel7_position
 .text.main     0x08001ec0      0x22c ./Core/Src/main.o
                0x08001ec0                main
 .text.SystemClock_Config
                0x080020ec       0xd8 ./Core/Src/main.o
                0x080020ec                SystemClock_Config
 .text.MX_I2C1_Init
                0x080021c4       0x5c ./Core/Src/main.o
 .text.MX_IWDG_Init
                0x08002220       0x34 ./Core/Src/main.o
 .text.MX_TIM1_Init
                0x08002254      0x134 ./Core/Src/main.o
 .text.MX_TIM3_Init
                0x08002388       0xb0 ./Core/Src/main.o
 .text.MX_USART2_UART_Init
                0x08002438       0x5c ./Core/Src/main.o
 .text.MX_DMA_Init
                0x08002494       0x40 ./Core/Src/main.o
 .text.MX_GPIO_Init
                0x080024d4      0x1a4 ./Core/Src/main.o
 .text.HAL_GPIO_EXTI_Callback
                0x08002678      0x128 ./Core/Src/main.o
                0x08002678                HAL_GPIO_EXTI_Callback
 .text.HAL_UART_RxCpltCallback
                0x080027a0       0xdc ./Core/Src/main.o
                0x080027a0                HAL_UART_RxCpltCallback
 .text.HAL_UART_ErrorCallback
                0x0800287c       0x78 ./Core/Src/main.o
                0x0800287c                HAL_UART_ErrorCallback
 .text.StartDefaultTask
                0x080028f4      0x4a0 ./Core/Src/main.o
                0x080028f4                StartDefaultTask
 .text.StartCompassTask
                0x08002d94       0x28 ./Core/Src/main.o
                0x08002d94                StartCompassTask
 .text.StartDisplayTask
                0x08002dbc      0x72c ./Core/Src/main.o
                0x08002dbc                StartDisplayTask
 .text.StartEncoderTask
                0x080034e8      0x174 ./Core/Src/main.o
                0x080034e8                StartEncoderTask
 .text.HAL_TIM_PeriodElapsedCallback
                0x0800365c       0x1e ./Core/Src/main.o
                0x0800365c                HAL_TIM_PeriodElapsedCallback
 *fill*         0x0800367a        0x2 
 .text.Error_Handler
                0x0800367c       0x50 ./Core/Src/main.o
                0x0800367c                Error_Handler
 .text.ssd1306_WriteCommand
                0x080036cc       0x50 ./Core/Src/ssd1306.o
 .text.ssd1306_Init
                0x0800371c      0x240 ./Core/Src/ssd1306.o
                0x0800371c                ssd1306_Init
 .text.ssd1306_Fill
                0x0800395c       0x48 ./Core/Src/ssd1306.o
                0x0800395c                ssd1306_Fill
 .text.ssd1306_UpdateScreen
                0x080039a4       0x88 ./Core/Src/ssd1306.o
                0x080039a4                ssd1306_UpdateScreen
 .text.ssd1306_DrawPixel
                0x08003a2c       0xd4 ./Core/Src/ssd1306.o
                0x08003a2c                ssd1306_DrawPixel
 .text.ssd1306_WriteChar
                0x08003b00      0x100 ./Core/Src/ssd1306.o
                0x08003b00                ssd1306_WriteChar
 .text.ssd1306_WriteString
                0x08003c00       0x4c ./Core/Src/ssd1306.o
                0x08003c00                ssd1306_WriteString
 .text.ssd1306_SetCursor
                0x08003c4c       0x30 ./Core/Src/ssd1306.o
                0x08003c4c                ssd1306_SetCursor
 .text.HAL_MspInit
                0x08003c7c       0x58 ./Core/Src/stm32f4xx_hal_msp.o
                0x08003c7c                HAL_MspInit
 .text.HAL_I2C_MspInit
                0x08003cd4       0x90 ./Core/Src/stm32f4xx_hal_msp.o
                0x08003cd4                HAL_I2C_MspInit
 .text.HAL_TIM_PWM_MspInit
                0x08003d64       0x70 ./Core/Src/stm32f4xx_hal_msp.o
                0x08003d64                HAL_TIM_PWM_MspInit
 .text.HAL_TIM_MspPostInit
                0x08003dd4       0xc0 ./Core/Src/stm32f4xx_hal_msp.o
                0x08003dd4                HAL_TIM_MspPostInit
 .text.HAL_UART_MspInit
                0x08003e94      0x124 ./Core/Src/stm32f4xx_hal_msp.o
                0x08003e94                HAL_UART_MspInit
 .text.HAL_InitTick
                0x08003fb8       0xf8 ./Core/Src/stm32f4xx_hal_timebase_tim.o
                0x08003fb8                HAL_InitTick
 .text.NMI_Handler
                0x080040b0        0x8 ./Core/Src/stm32f4xx_it.o
                0x080040b0                NMI_Handler
 .text.HardFault_Handler
                0x080040b8        0x8 ./Core/Src/stm32f4xx_it.o
                0x080040b8                HardFault_Handler
 .text.MemManage_Handler
                0x080040c0        0x8 ./Core/Src/stm32f4xx_it.o
                0x080040c0                MemManage_Handler
 .text.BusFault_Handler
                0x080040c8        0x8 ./Core/Src/stm32f4xx_it.o
                0x080040c8                BusFault_Handler
 .text.UsageFault_Handler
                0x080040d0        0x8 ./Core/Src/stm32f4xx_it.o
                0x080040d0                UsageFault_Handler
 .text.DebugMon_Handler
                0x080040d8        0xe ./Core/Src/stm32f4xx_it.o
                0x080040d8                DebugMon_Handler
 .text.EXTI4_IRQHandler
                0x080040e6        0xe ./Core/Src/stm32f4xx_it.o
                0x080040e6                EXTI4_IRQHandler
 .text.DMA1_Stream5_IRQHandler
                0x080040f4       0x14 ./Core/Src/stm32f4xx_it.o
                0x080040f4                DMA1_Stream5_IRQHandler
 .text.EXTI9_5_IRQHandler
                0x08004108       0x16 ./Core/Src/stm32f4xx_it.o
                0x08004108                EXTI9_5_IRQHandler
 *fill*         0x0800411e        0x2 
 .text.TIM2_IRQHandler
                0x08004120       0x14 ./Core/Src/stm32f4xx_it.o
                0x08004120                TIM2_IRQHandler
 .text.USART2_IRQHandler
                0x08004134       0x14 ./Core/Src/stm32f4xx_it.o
                0x08004134                USART2_IRQHandler
 .text._getpid  0x08004148       0x10 ./Core/Src/syscalls.o
                0x08004148                _getpid
 .text._kill    0x08004158       0x20 ./Core/Src/syscalls.o
                0x08004158                _kill
 .text._exit    0x08004178       0x16 ./Core/Src/syscalls.o
                0x08004178                _exit
 .text._read    0x0800418e       0x3a ./Core/Src/syscalls.o
                0x0800418e                _read
 .text._write   0x080041c8       0x38 ./Core/Src/syscalls.o
                0x080041c8                _write
 .text._close   0x08004200       0x18 ./Core/Src/syscalls.o
                0x08004200                _close
 .text._fstat   0x08004218       0x20 ./Core/Src/syscalls.o
                0x08004218                _fstat
 .text._isatty  0x08004238       0x16 ./Core/Src/syscalls.o
                0x08004238                _isatty
 .text._lseek   0x0800424e       0x1a ./Core/Src/syscalls.o
                0x0800424e                _lseek
 .text._sbrk    0x08004268       0x6c ./Core/Src/sysmem.o
                0x08004268                _sbrk
 .text.SystemInit
                0x080042d4       0x24 ./Core/Src/system_stm32f4xx.o
                0x080042d4                SystemInit
 .text.TB6612FNG_Init
                0x080042f8       0xc0 ./Core/Src/tb6612fng.o
                0x080042f8                TB6612FNG_Init
 .text.TB6612FNG_Set
                0x080043b8      0x118 ./Core/Src/tb6612fng.o
                0x080043b8                TB6612FNG_Set
 .text.tb6612fng_drive
                0x080044d0       0x3c ./Core/Src/tb6612fng.o
                0x080044d0                tb6612fng_drive
 .text.tb6612fng_stop
                0x0800450c       0x34 ./Core/Src/tb6612fng.o
                0x0800450c                tb6612fng_stop
 .text.tb6612fng_brake
                0x08004540       0x34 ./Core/Src/tb6612fng.o
                0x08004540                tb6612fng_brake
 .text.opStart  0x08004574       0x4a ./Core/Src/sh2/sh2.o
 .text.opRx     0x080045be       0x36 ./Core/Src/sh2/sh2.o
 .text.opCompleted
                0x080045f4       0x24 ./Core/Src/sh2/sh2.o
 .text.opOnReset
                0x08004618       0x38 ./Core/Src/sh2/sh2.o
 .text.getReportLen
                0x08004650       0x48 ./Core/Src/sh2/sh2.o
 .text.sensorhubControlHdlr
                0x08004698      0x164 ./Core/Src/sh2/sh2.o
 .text.opProcess
                0x080047fc       0xa8 ./Core/Src/sh2/sh2.o
 .text.touSTimestamp
                0x080048a4       0x88 ./Core/Src/sh2/sh2.o
 .text.sensorhubInputHdlr
                0x0800492c      0x160 ./Core/Src/sh2/sh2.o
 .text.sensorhubInputNormalHdlr
                0x08004a8c       0x28 ./Core/Src/sh2/sh2.o
 .text.sensorhubInputWakeHdlr
                0x08004ab4       0x28 ./Core/Src/sh2/sh2.o
 .text.sensorhubInputGyroRvHdlr
                0x08004adc       0xa2 ./Core/Src/sh2/sh2.o
 *fill*         0x08004b7e        0x2 
 .text.executableDeviceHdlr
                0x08004b80       0x78 ./Core/Src/sh2/sh2.o
 .text.sendCtrl
                0x08004bf8       0x26 ./Core/Src/sh2/sh2.o
 .text.setSensorConfigStart
                0x08004c1e       0xda ./Core/Src/sh2/sh2.o
 .text.sendCmd  0x08004cf8       0x8e ./Core/Src/sh2/sh2.o
 .text.sendCmdStart
                0x08004d86       0x2e ./Core/Src/sh2/sh2.o
 .text.shtpEventCallback
                0x08004db4       0x44 ./Core/Src/sh2/sh2.o
 .text.sh2_open
                0x08004df8      0x134 ./Core/Src/sh2/sh2.o
                0x08004df8                sh2_open
 .text.sh2_service
                0x08004f2c       0x28 ./Core/Src/sh2/sh2.o
                0x08004f2c                sh2_service
 .text.sh2_setSensorCallback
                0x08004f54       0x2c ./Core/Src/sh2/sh2.o
                0x08004f54                sh2_setSensorCallback
 .text.sh2_setSensorConfig
                0x08004f80       0x54 ./Core/Src/sh2/sh2.o
                0x08004f80                sh2_setSensorConfig
 .text.sh2_clearTare
                0x08004fd4       0x50 ./Core/Src/sh2/sh2.o
                0x08004fd4                sh2_clearTare
 .text.sh2_decodeSensorEvent
                0x08005024      0x318 ./Core/Src/sh2/sh2_SensorValue.o
                0x08005024                sh2_decodeSensorEvent
 .text.decodeRawAccelerometer
                0x0800533c       0x5c ./Core/Src/sh2/sh2_SensorValue.o
 .text.decodeAccelerometer
                0x08005398       0x80 ./Core/Src/sh2/sh2_SensorValue.o
 .text.decodeLinearAcceleration
                0x08005418       0x80 ./Core/Src/sh2/sh2_SensorValue.o
 .text.decodeGravity
                0x08005498       0x80 ./Core/Src/sh2/sh2_SensorValue.o
 .text.decodeRawGyroscope
                0x08005518       0x6e ./Core/Src/sh2/sh2_SensorValue.o
 *fill*         0x08005586        0x2 
 .text.decodeGyroscopeCalibrated
                0x08005588       0x80 ./Core/Src/sh2/sh2_SensorValue.o
 .text.decodeGyroscopeUncal
                0x08005608       0xe4 ./Core/Src/sh2/sh2_SensorValue.o
 .text.decodeRawMagnetometer
                0x080056ec       0x5c ./Core/Src/sh2/sh2_SensorValue.o
 .text.decodeMagneticFieldCalibrated
                0x08005748       0x80 ./Core/Src/sh2/sh2_SensorValue.o
 .text.decodeMagneticFieldUncal
                0x080057c8       0xe4 ./Core/Src/sh2/sh2_SensorValue.o
 .text.decodeRotationVector
                0x080058ac       0xc8 ./Core/Src/sh2/sh2_SensorValue.o
 .text.decodeGameRotationVector
                0x08005974       0xa0 ./Core/Src/sh2/sh2_SensorValue.o
 .text.decodeGeomagneticRotationVector
                0x08005a14       0xc8 ./Core/Src/sh2/sh2_SensorValue.o
 .text.decodePressure
                0x08005adc       0x38 ./Core/Src/sh2/sh2_SensorValue.o
 .text.decodeAmbientLight
                0x08005b14       0x38 ./Core/Src/sh2/sh2_SensorValue.o
 .text.decodeHumidity
                0x08005b4c       0x3c ./Core/Src/sh2/sh2_SensorValue.o
 .text.decodeProximity
                0x08005b88       0x3c ./Core/Src/sh2/sh2_SensorValue.o
 .text.decodeTemperature
                0x08005bc4       0x3c ./Core/Src/sh2/sh2_SensorValue.o
 .text.decodeReserved
                0x08005c00       0x3c ./Core/Src/sh2/sh2_SensorValue.o
 .text.decodeTapDetector
                0x08005c3c       0x20 ./Core/Src/sh2/sh2_SensorValue.o
 .text.decodeStepDetector
                0x08005c5c       0x24 ./Core/Src/sh2/sh2_SensorValue.o
 .text.decodeStepCounter
                0x08005c80       0x36 ./Core/Src/sh2/sh2_SensorValue.o
 .text.decodeSignificantMotion
                0x08005cb6       0x26 ./Core/Src/sh2/sh2_SensorValue.o
 .text.decodeStabilityClassifier
                0x08005cdc       0x20 ./Core/Src/sh2/sh2_SensorValue.o
 .text.decodeShakeDetector
                0x08005cfc       0x26 ./Core/Src/sh2/sh2_SensorValue.o
 .text.decodeFlipDetector
                0x08005d22       0x26 ./Core/Src/sh2/sh2_SensorValue.o
 .text.decodePickupDetector
                0x08005d48       0x26 ./Core/Src/sh2/sh2_SensorValue.o
 .text.decodeStabilityDetector
                0x08005d6e       0x26 ./Core/Src/sh2/sh2_SensorValue.o
 .text.decodePersonalActivityClassifier
                0x08005d94       0x66 ./Core/Src/sh2/sh2_SensorValue.o
 .text.decodeSleepDetector
                0x08005dfa       0x20 ./Core/Src/sh2/sh2_SensorValue.o
 .text.decodeTiltDetector
                0x08005e1a       0x26 ./Core/Src/sh2/sh2_SensorValue.o
 .text.decodePocketDetector
                0x08005e40       0x26 ./Core/Src/sh2/sh2_SensorValue.o
 .text.decodeCircleDetector
                0x08005e66       0x26 ./Core/Src/sh2/sh2_SensorValue.o
 .text.decodeHeartRateMonitor
                0x08005e8c       0x26 ./Core/Src/sh2/sh2_SensorValue.o
 *fill*         0x08005eb2        0x2 
 .text.decodeArvrStabilizedRV
                0x08005eb4       0xc8 ./Core/Src/sh2/sh2_SensorValue.o
 .text.decodeArvrStabilizedGRV
                0x08005f7c       0xa0 ./Core/Src/sh2/sh2_SensorValue.o
 .text.decodeGyroIntegratedRV
                0x0800601c      0x10c ./Core/Src/sh2/sh2_SensorValue.o
 .text.decodeIZroRequest
                0x08006128       0x28 ./Core/Src/sh2/sh2_SensorValue.o
 .text.decodeRawOptFlow
                0x08006150       0xfa ./Core/Src/sh2/sh2_SensorValue.o
 *fill*         0x0800624a        0x2 
 .text.decodeDeadReckoningPose
                0x0800624c      0x1d4 ./Core/Src/sh2/sh2_SensorValue.o
 .text.decodeWheelEncoder
                0x08006420       0x5c ./Core/Src/sh2/sh2_SensorValue.o
 .text.sh2_hal_open
                0x0800647c       0x16 ./Core/Src/sh2/sh2_platform_impl.o
                0x0800647c                sh2_hal_open
 .text.sh2_hal_close
                0x08006492       0x14 ./Core/Src/sh2/sh2_platform_impl.o
                0x08006492                sh2_hal_close
 *fill*         0x080064a6        0x2 
 .text.sh2_hal_read
                0x080064a8       0x78 ./Core/Src/sh2/sh2_platform_impl.o
                0x080064a8                sh2_hal_read
 .text.sh2_hal_write
                0x08006520       0x5c ./Core/Src/sh2/sh2_platform_impl.o
                0x08006520                sh2_hal_write
 .text.sh2_hal_getTimeUs
                0x0800657c       0x1e ./Core/Src/sh2/sh2_platform_impl.o
                0x0800657c                sh2_hal_getTimeUs
 .text.readu16  0x0800659a       0x2e ./Core/Src/sh2/sh2_util.o
                0x0800659a                readu16
 .text.readu32  0x080065c8       0x3c ./Core/Src/sh2/sh2_util.o
                0x080065c8                readu32
 .text.read8    0x08006604       0x1e ./Core/Src/sh2/sh2_util.o
                0x08006604                read8
 .text.read16   0x08006622       0x2e ./Core/Src/sh2/sh2_util.o
                0x08006622                read16
 .text.read32   0x08006650       0x3c ./Core/Src/sh2/sh2_util.o
                0x08006650                read32
 .text.shtp_init
                0x0800668c       0x44 ./Core/Src/sh2/shtp.o
 .text.getInstance
                0x080066d0       0x50 ./Core/Src/sh2/shtp.o
 .text.min_u16  0x08006720       0x2a ./Core/Src/sh2/shtp.o
 .text.txProcess
                0x0800674a      0x12a ./Core/Src/sh2/shtp.o
 .text.rxAssemble
                0x08006874      0x2bc ./Core/Src/sh2/shtp.o
 .text.shtp_open
                0x08006b30       0x68 ./Core/Src/sh2/shtp.o
                0x08006b30                shtp_open
 .text.shtp_setEventCallback
                0x08006b98       0x28 ./Core/Src/sh2/shtp.o
                0x08006b98                shtp_setEventCallback
 .text.shtp_listenChan
                0x08006bc0       0x60 ./Core/Src/sh2/shtp.o
                0x08006bc0                shtp_listenChan
 .text.shtp_send
                0x08006c20       0x62 ./Core/Src/sh2/shtp.o
                0x08006c20                shtp_send
 .text.shtp_service
                0x08006c82       0x4c ./Core/Src/sh2/shtp.o
                0x08006c82                shtp_service
 *fill*         0x08006cce        0x2 
 .text.Reset_Handler
                0x08006cd0       0x50 ./Core/Startup/startup_stm32f411ceux.o
                0x08006cd0                Reset_Handler
 .text.Default_Handler
                0x08006d20        0x2 ./Core/Startup/startup_stm32f411ceux.o
                0x08006d20                RTC_Alarm_IRQHandler
                0x08006d20                EXTI2_IRQHandler
                0x08006d20                SPI4_IRQHandler
                0x08006d20                TIM1_CC_IRQHandler
                0x08006d20                DMA2_Stream5_IRQHandler
                0x08006d20                PVD_IRQHandler
                0x08006d20                SDIO_IRQHandler
                0x08006d20                TAMP_STAMP_IRQHandler
                0x08006d20                EXTI3_IRQHandler
                0x08006d20                TIM1_UP_TIM10_IRQHandler
                0x08006d20                I2C3_ER_IRQHandler
                0x08006d20                EXTI0_IRQHandler
                0x08006d20                I2C2_EV_IRQHandler
                0x08006d20                DMA1_Stream2_IRQHandler
                0x08006d20                FPU_IRQHandler
                0x08006d20                DMA2_Stream2_IRQHandler
                0x08006d20                SPI1_IRQHandler
                0x08006d20                TIM1_BRK_TIM9_IRQHandler
                0x08006d20                DMA2_Stream3_IRQHandler
                0x08006d20                USART6_IRQHandler
                0x08006d20                DMA2_Stream0_IRQHandler
                0x08006d20                TIM4_IRQHandler
                0x08006d20                I2C1_EV_IRQHandler
                0x08006d20                DMA1_Stream6_IRQHandler
                0x08006d20                DMA1_Stream1_IRQHandler
                0x08006d20                TIM3_IRQHandler
                0x08006d20                RCC_IRQHandler
                0x08006d20                Default_Handler
                0x08006d20                EXTI15_10_IRQHandler
                0x08006d20                ADC_IRQHandler
                0x08006d20                DMA1_Stream7_IRQHandler
                0x08006d20                SPI5_IRQHandler
                0x08006d20                TIM5_IRQHandler
                0x08006d20                DMA2_Stream7_IRQHandler
                0x08006d20                I2C3_EV_IRQHandler
                0x08006d20                RTC_WKUP_IRQHandler
                0x08006d20                SPI2_IRQHandler
                0x08006d20                DMA1_Stream0_IRQHandler
                0x08006d20                WWDG_IRQHandler
                0x08006d20                OTG_FS_WKUP_IRQHandler
                0x08006d20                TIM1_TRG_COM_TIM11_IRQHandler
                0x08006d20                EXTI1_IRQHandler
                0x08006d20                I2C2_ER_IRQHandler
                0x08006d20                DMA2_Stream1_IRQHandler
                0x08006d20                FLASH_IRQHandler
                0x08006d20                DMA2_Stream4_IRQHandler
                0x08006d20                USART1_IRQHandler
                0x08006d20                OTG_FS_IRQHandler
                0x08006d20                SPI3_IRQHandler
                0x08006d20                DMA1_Stream4_IRQHandler
                0x08006d20                I2C1_ER_IRQHandler
                0x08006d20                DMA2_Stream6_IRQHandler
                0x08006d20                DMA1_Stream3_IRQHandler
 *fill*         0x08006d22        0x2 
 .text.HAL_Init
                0x08006d24       0x44 ./Drivers/STM32F4xx_HAL_Driver/Src/stm32f4xx_hal.o
                0x08006d24                HAL_Init
 .text.HAL_IncTick
                0x08006d68       0x28 ./Drivers/STM32F4xx_HAL_Driver/Src/stm32f4xx_hal.o
                0x08006d68                HAL_IncTick
 .text.HAL_GetTick
                0x08006d90       0x18 ./Drivers/STM32F4xx_HAL_Driver/Src/stm32f4xx_hal.o
                0x08006d90                HAL_GetTick
 .text.HAL_Delay
                0x08006da8       0x48 ./Drivers/STM32F4xx_HAL_Driver/Src/stm32f4xx_hal.o
                0x08006da8                HAL_Delay
 .text.__NVIC_SetPriorityGrouping
                0x08006df0       0x48 ./Drivers/STM32F4xx_HAL_Driver/Src/stm32f4xx_hal_cortex.o
 .text.__NVIC_GetPriorityGrouping
                0x08006e38       0x1c ./Drivers/STM32F4xx_HAL_Driver/Src/stm32f4xx_hal_cortex.o
 .text.__NVIC_EnableIRQ
                0x08006e54       0x3c ./Drivers/STM32F4xx_HAL_Driver/Src/stm32f4xx_hal_cortex.o
 .text.__NVIC_SetPriority
                0x08006e90       0x54 ./Drivers/STM32F4xx_HAL_Driver/Src/stm32f4xx_hal_cortex.o
 .text.NVIC_EncodePriority
                0x08006ee4       0x66 ./Drivers/STM32F4xx_HAL_Driver/Src/stm32f4xx_hal_cortex.o
 .text.HAL_NVIC_SetPriorityGrouping
                0x08006f4a       0x16 ./Drivers/STM32F4xx_HAL_Driver/Src/stm32f4xx_hal_cortex.o
                0x08006f4a                HAL_NVIC_SetPriorityGrouping
 .text.HAL_NVIC_SetPriority
                0x08006f60       0x38 ./Drivers/STM32F4xx_HAL_Driver/Src/stm32f4xx_hal_cortex.o
                0x08006f60                HAL_NVIC_SetPriority
 .text.HAL_NVIC_EnableIRQ
                0x08006f98       0x1c ./Drivers/STM32F4xx_HAL_Driver/Src/stm32f4xx_hal_cortex.o
                0x08006f98                HAL_NVIC_EnableIRQ
 .text.HAL_DMA_Init
                0x08006fb4      0x15c ./Drivers/STM32F4xx_HAL_Driver/Src/stm32f4xx_hal_dma.o
                0x08006fb4                HAL_DMA_Init
 .text.HAL_DMA_Start_IT
                0x08007110       0xb0 ./Drivers/STM32F4xx_HAL_Driver/Src/stm32f4xx_hal_dma.o
                0x08007110                HAL_DMA_Start_IT
 .text.HAL_DMA_Abort
                0x080071c0       0xe0 ./Drivers/STM32F4xx_HAL_Driver/Src/stm32f4xx_hal_dma.o
                0x080071c0                HAL_DMA_Abort
 .text.HAL_DMA_Abort_IT
                0x080072a0       0x44 ./Drivers/STM32F4xx_HAL_Driver/Src/stm32f4xx_hal_dma.o
                0x080072a0                HAL_DMA_Abort_IT
 .text.HAL_DMA_IRQHandler
                0x080072e4      0x314 ./Drivers/STM32F4xx_HAL_Driver/Src/stm32f4xx_hal_dma.o
                0x080072e4                HAL_DMA_IRQHandler
 .text.HAL_DMA_GetError
                0x080075f8       0x18 ./Drivers/STM32F4xx_HAL_Driver/Src/stm32f4xx_hal_dma.o
                0x080075f8                HAL_DMA_GetError
 .text.DMA_SetConfig
                0x08007610       0x5c ./Drivers/STM32F4xx_HAL_Driver/Src/stm32f4xx_hal_dma.o
 .text.DMA_CalcBaseAndBitshift
                0x0800766c       0x6c ./Drivers/STM32F4xx_HAL_Driver/Src/stm32f4xx_hal_dma.o
 .text.DMA_CheckFifoParam
                0x080076d8       0xf8 ./Drivers/STM32F4xx_HAL_Driver/Src/stm32f4xx_hal_dma.o
 .text.HAL_FLASH_Program
                0x080077d0       0xa4 ./Drivers/STM32F4xx_HAL_Driver/Src/stm32f4xx_hal_flash.o
                0x080077d0                HAL_FLASH_Program
 .text.HAL_FLASH_Unlock
                0x08007874       0x44 ./Drivers/STM32F4xx_HAL_Driver/Src/stm32f4xx_hal_flash.o
                0x08007874                HAL_FLASH_Unlock
 .text.HAL_FLASH_Lock
                0x080078b8       0x20 ./Drivers/STM32F4xx_HAL_Driver/Src/stm32f4xx_hal_flash.o
                0x080078b8                HAL_FLASH_Lock
 .text.FLASH_WaitForLastOperation
                0x080078d8       0x80 ./Drivers/STM32F4xx_HAL_Driver/Src/stm32f4xx_hal_flash.o
                0x080078d8                FLASH_WaitForLastOperation
 .text.FLASH_Program_DoubleWord
                0x08007958       0x64 ./Drivers/STM32F4xx_HAL_Driver/Src/stm32f4xx_hal_flash.o
 .text.FLASH_Program_Word
                0x080079bc       0x44 ./Drivers/STM32F4xx_HAL_Driver/Src/stm32f4xx_hal_flash.o
 .text.FLASH_Program_HalfWord
                0x08007a00       0x48 ./Drivers/STM32F4xx_HAL_Driver/Src/stm32f4xx_hal_flash.o
 .text.FLASH_Program_Byte
                0x08007a48       0x44 ./Drivers/STM32F4xx_HAL_Driver/Src/stm32f4xx_hal_flash.o
 .text.FLASH_SetErrorCode
                0x08007a8c       0xcc ./Drivers/STM32F4xx_HAL_Driver/Src/stm32f4xx_hal_flash.o
 .text.HAL_FLASHEx_Erase
                0x08007b58       0xdc ./Drivers/STM32F4xx_HAL_Driver/Src/stm32f4xx_hal_flash_ex.o
                0x08007b58                HAL_FLASHEx_Erase
 .text.FLASH_MassErase
                0x08007c34       0x48 ./Drivers/STM32F4xx_HAL_Driver/Src/stm32f4xx_hal_flash_ex.o
 .text.FLASH_Erase_Sector
                0x08007c7c       0x90 ./Drivers/STM32F4xx_HAL_Driver/Src/stm32f4xx_hal_flash_ex.o
                0x08007c7c                FLASH_Erase_Sector
 .text.FLASH_FlushCaches
                0x08007d0c       0x8c ./Drivers/STM32F4xx_HAL_Driver/Src/stm32f4xx_hal_flash_ex.o
                0x08007d0c                FLASH_FlushCaches
 .text.HAL_GPIO_Init
                0x08007d98      0x308 ./Drivers/STM32F4xx_HAL_Driver/Src/stm32f4xx_hal_gpio.o
                0x08007d98                HAL_GPIO_Init
 .text.HAL_GPIO_ReadPin
                0x080080a0       0x30 ./Drivers/STM32F4xx_HAL_Driver/Src/stm32f4xx_hal_gpio.o
                0x080080a0                HAL_GPIO_ReadPin
 .text.HAL_GPIO_WritePin
                0x080080d0       0x32 ./Drivers/STM32F4xx_HAL_Driver/Src/stm32f4xx_hal_gpio.o
                0x080080d0                HAL_GPIO_WritePin
 .text.HAL_GPIO_TogglePin
                0x08008102       0x34 ./Drivers/STM32F4xx_HAL_Driver/Src/stm32f4xx_hal_gpio.o
                0x08008102                HAL_GPIO_TogglePin
 *fill*         0x08008136        0x2 
 .text.HAL_GPIO_EXTI_IRQHandler
                0x08008138       0x30 ./Drivers/STM32F4xx_HAL_Driver/Src/stm32f4xx_hal_gpio.o
                0x08008138                HAL_GPIO_EXTI_IRQHandler
 .text.HAL_I2C_Init
                0x08008168      0x288 ./Drivers/STM32F4xx_HAL_Driver/Src/stm32f4xx_hal_i2c.o
                0x08008168                HAL_I2C_Init
 .text.HAL_I2C_Master_Transmit
                0x080083f0      0x1fc ./Drivers/STM32F4xx_HAL_Driver/Src/stm32f4xx_hal_i2c.o
                0x080083f0                HAL_I2C_Master_Transmit
 .text.HAL_I2C_Master_Receive
                0x080085ec      0x464 ./Drivers/STM32F4xx_HAL_Driver/Src/stm32f4xx_hal_i2c.o
                0x080085ec                HAL_I2C_Master_Receive
 .text.HAL_I2C_Mem_Write
                0x08008a50      0x1f4 ./Drivers/STM32F4xx_HAL_Driver/Src/stm32f4xx_hal_i2c.o
                0x08008a50                HAL_I2C_Mem_Write
 .text.HAL_I2C_IsDeviceReady
                0x08008c44      0x25c ./Drivers/STM32F4xx_HAL_Driver/Src/stm32f4xx_hal_i2c.o
                0x08008c44                HAL_I2C_IsDeviceReady
 .text.I2C_MasterRequestWrite
                0x08008ea0      0x104 ./Drivers/STM32F4xx_HAL_Driver/Src/stm32f4xx_hal_i2c.o
 .text.I2C_MasterRequestRead
                0x08008fa4      0x19c ./Drivers/STM32F4xx_HAL_Driver/Src/stm32f4xx_hal_i2c.o
 .text.I2C_RequestMemoryWrite
                0x08009140      0x12c ./Drivers/STM32F4xx_HAL_Driver/Src/stm32f4xx_hal_i2c.o
 .text.I2C_WaitOnFlagUntilTimeout
                0x0800926c       0xf4 ./Drivers/STM32F4xx_HAL_Driver/Src/stm32f4xx_hal_i2c.o
 .text.I2C_WaitOnMasterAddressFlagUntilTimeout
                0x08009360      0x140 ./Drivers/STM32F4xx_HAL_Driver/Src/stm32f4xx_hal_i2c.o
 .text.I2C_WaitOnTXEFlagUntilTimeout
                0x080094a0       0x90 ./Drivers/STM32F4xx_HAL_Driver/Src/stm32f4xx_hal_i2c.o
 .text.I2C_WaitOnBTFFlagUntilTimeout
                0x08009530       0x90 ./Drivers/STM32F4xx_HAL_Driver/Src/stm32f4xx_hal_i2c.o
 .text.I2C_WaitOnRXNEFlagUntilTimeout
                0x080095c0       0xba ./Drivers/STM32F4xx_HAL_Driver/Src/stm32f4xx_hal_i2c.o
 .text.I2C_IsAcknowledgeFailed
                0x0800967a       0x5e ./Drivers/STM32F4xx_HAL_Driver/Src/stm32f4xx_hal_i2c.o
 .text.HAL_IWDG_Init
                0x080096d8       0x88 ./Drivers/STM32F4xx_HAL_Driver/Src/stm32f4xx_hal_iwdg.o
                0x080096d8                HAL_IWDG_Init
 .text.HAL_IWDG_Refresh
                0x08009760       0x20 ./Drivers/STM32F4xx_HAL_Driver/Src/stm32f4xx_hal_iwdg.o
                0x08009760                HAL_IWDG_Refresh
 .text.HAL_RCC_OscConfig
                0x08009780      0x4f0 ./Drivers/STM32F4xx_HAL_Driver/Src/stm32f4xx_hal_rcc.o
                0x08009780                HAL_RCC_OscConfig
 .text.HAL_RCC_ClockConfig
                0x08009c70      0x1cc ./Drivers/STM32F4xx_HAL_Driver/Src/stm32f4xx_hal_rcc.o
                0x08009c70                HAL_RCC_ClockConfig
 .text.HAL_RCC_GetSysClockFreq
                0x08009e3c      0x18c ./Drivers/STM32F4xx_HAL_Driver/Src/stm32f4xx_hal_rcc.o
                0x08009e3c                HAL_RCC_GetSysClockFreq
 .text.HAL_RCC_GetHCLKFreq
                0x08009fc8       0x18 ./Drivers/STM32F4xx_HAL_Driver/Src/stm32f4xx_hal_rcc.o
                0x08009fc8                HAL_RCC_GetHCLKFreq
 .text.HAL_RCC_GetPCLK1Freq
                0x08009fe0       0x28 ./Drivers/STM32F4xx_HAL_Driver/Src/stm32f4xx_hal_rcc.o
                0x08009fe0                HAL_RCC_GetPCLK1Freq
 .text.HAL_RCC_GetPCLK2Freq
                0x0800a008       0x28 ./Drivers/STM32F4xx_HAL_Driver/Src/stm32f4xx_hal_rcc.o
                0x0800a008                HAL_RCC_GetPCLK2Freq
 .text.HAL_RCC_GetClockConfig
                0x0800a030       0x64 ./Drivers/STM32F4xx_HAL_Driver/Src/stm32f4xx_hal_rcc.o
                0x0800a030                HAL_RCC_GetClockConfig
 .text.HAL_TIM_Base_Init
                0x0800a094       0x9e ./Drivers/STM32F4xx_HAL_Driver/Src/stm32f4xx_hal_tim.o
                0x0800a094                HAL_TIM_Base_Init
 .text.HAL_TIM_Base_MspInit
                0x0800a132       0x14 ./Drivers/STM32F4xx_HAL_Driver/Src/stm32f4xx_hal_tim.o
                0x0800a132                HAL_TIM_Base_MspInit
 *fill*         0x0800a146        0x2 
 .text.HAL_TIM_Base_Start_IT
                0x0800a148       0xc4 ./Drivers/STM32F4xx_HAL_Driver/Src/stm32f4xx_hal_tim.o
                0x0800a148                HAL_TIM_Base_Start_IT
 .text.HAL_TIM_PWM_Init
                0x0800a20c       0x9e ./Drivers/STM32F4xx_HAL_Driver/Src/stm32f4xx_hal_tim.o
                0x0800a20c                HAL_TIM_PWM_Init
 *fill*         0x0800a2aa        0x2 
 .text.HAL_TIM_PWM_Start
                0x0800a2ac      0x160 ./Drivers/STM32F4xx_HAL_Driver/Src/stm32f4xx_hal_tim.o
                0x0800a2ac                HAL_TIM_PWM_Start
 .text.HAL_TIM_IRQHandler
                0x0800a40c      0x1e0 ./Drivers/STM32F4xx_HAL_Driver/Src/stm32f4xx_hal_tim.o
                0x0800a40c                HAL_TIM_IRQHandler
 .text.HAL_TIM_PWM_ConfigChannel
                0x0800a5ec      0x184 ./Drivers/STM32F4xx_HAL_Driver/Src/stm32f4xx_hal_tim.o
                0x0800a5ec                HAL_TIM_PWM_ConfigChannel
 .text.HAL_TIM_OC_DelayElapsedCallback
                0x0800a770       0x14 ./Drivers/STM32F4xx_HAL_Driver/Src/stm32f4xx_hal_tim.o
                0x0800a770                HAL_TIM_OC_DelayElapsedCallback
 .text.HAL_TIM_IC_CaptureCallback
                0x0800a784       0x14 ./Drivers/STM32F4xx_HAL_Driver/Src/stm32f4xx_hal_tim.o
                0x0800a784                HAL_TIM_IC_CaptureCallback
 .text.HAL_TIM_PWM_PulseFinishedCallback
                0x0800a798       0x14 ./Drivers/STM32F4xx_HAL_Driver/Src/stm32f4xx_hal_tim.o
                0x0800a798                HAL_TIM_PWM_PulseFinishedCallback
 .text.HAL_TIM_TriggerCallback
                0x0800a7ac       0x14 ./Drivers/STM32F4xx_HAL_Driver/Src/stm32f4xx_hal_tim.o
                0x0800a7ac                HAL_TIM_TriggerCallback
 .text.TIM_Base_SetConfig
                0x0800a7c0      0x10c ./Drivers/STM32F4xx_HAL_Driver/Src/stm32f4xx_hal_tim.o
                0x0800a7c0                TIM_Base_SetConfig
 .text.TIM_OC1_SetConfig
                0x0800a8cc       0xcc ./Drivers/STM32F4xx_HAL_Driver/Src/stm32f4xx_hal_tim.o
 .text.TIM_OC2_SetConfig
                0x0800a998       0xd8 ./Drivers/STM32F4xx_HAL_Driver/Src/stm32f4xx_hal_tim.o
                0x0800a998                TIM_OC2_SetConfig
 .text.TIM_OC3_SetConfig
                0x0800aa70       0xd4 ./Drivers/STM32F4xx_HAL_Driver/Src/stm32f4xx_hal_tim.o
 .text.TIM_OC4_SetConfig
                0x0800ab44       0xa0 ./Drivers/STM32F4xx_HAL_Driver/Src/stm32f4xx_hal_tim.o
 .text.TIM_CCxChannelCmd
                0x0800abe4       0x4a ./Drivers/STM32F4xx_HAL_Driver/Src/stm32f4xx_hal_tim.o
                0x0800abe4                TIM_CCxChannelCmd
 *fill*         0x0800ac2e        0x2 
 .text.HAL_TIMEx_MasterConfigSynchronization
                0x0800ac30       0xdc ./Drivers/STM32F4xx_HAL_Driver/Src/stm32f4xx_hal_tim_ex.o
                0x0800ac30                HAL_TIMEx_MasterConfigSynchronization
 .text.HAL_TIMEx_ConfigBreakDeadTime
                0x0800ad0c       0xa4 ./Drivers/STM32F4xx_HAL_Driver/Src/stm32f4xx_hal_tim_ex.o
                0x0800ad0c                HAL_TIMEx_ConfigBreakDeadTime
 .text.HAL_TIMEx_CommutCallback
                0x0800adb0       0x14 ./Drivers/STM32F4xx_HAL_Driver/Src/stm32f4xx_hal_tim_ex.o
                0x0800adb0                HAL_TIMEx_CommutCallback
 .text.HAL_TIMEx_BreakCallback
                0x0800adc4       0x14 ./Drivers/STM32F4xx_HAL_Driver/Src/stm32f4xx_hal_tim_ex.o
                0x0800adc4                HAL_TIMEx_BreakCallback
 .text.HAL_UART_Init
                0x0800add8       0xa0 ./Drivers/STM32F4xx_HAL_Driver/Src/stm32f4xx_hal_uart.o
                0x0800add8                HAL_UART_Init
 .text.HAL_UART_Receive_DMA
                0x0800ae78       0x4a ./Drivers/STM32F4xx_HAL_Driver/Src/stm32f4xx_hal_uart.o
                0x0800ae78                HAL_UART_Receive_DMA
 .text.HAL_UART_AbortReceive
                0x0800aec2      0x146 ./Drivers/STM32F4xx_HAL_Driver/Src/stm32f4xx_hal_uart.o
                0x0800aec2                HAL_UART_AbortReceive
 .text.HAL_UART_IRQHandler
                0x0800b008      0x554 ./Drivers/STM32F4xx_HAL_Driver/Src/stm32f4xx_hal_uart.o
                0x0800b008                HAL_UART_IRQHandler
 .text.HAL_UART_TxCpltCallback
                0x0800b55c       0x14 ./Drivers/STM32F4xx_HAL_Driver/Src/stm32f4xx_hal_uart.o
                0x0800b55c                HAL_UART_TxCpltCallback
 .text.HAL_UART_RxHalfCpltCallback
                0x0800b570       0x14 ./Drivers/STM32F4xx_HAL_Driver/Src/stm32f4xx_hal_uart.o
                0x0800b570                HAL_UART_RxHalfCpltCallback
 .text.HAL_UARTEx_RxEventCallback
                0x0800b584       0x18 ./Drivers/STM32F4xx_HAL_Driver/Src/stm32f4xx_hal_uart.o
                0x0800b584                HAL_UARTEx_RxEventCallback
 .text.UART_DMAReceiveCplt
                0x0800b59c      0x12c ./Drivers/STM32F4xx_HAL_Driver/Src/stm32f4xx_hal_uart.o
 .text.UART_DMARxHalfCplt
                0x0800b6c8       0x3c ./Drivers/STM32F4xx_HAL_Driver/Src/stm32f4xx_hal_uart.o
 .text.UART_DMAError
                0x0800b704       0x94 ./Drivers/STM32F4xx_HAL_Driver/Src/stm32f4xx_hal_uart.o
 .text.UART_Start_Receive_DMA
                0x0800b798      0x14c ./Drivers/STM32F4xx_HAL_Driver/Src/stm32f4xx_hal_uart.o
                0x0800b798                UART_Start_Receive_DMA
 .text.UART_EndTxTransfer
                0x0800b8e4       0x50 ./Drivers/STM32F4xx_HAL_Driver/Src/stm32f4xx_hal_uart.o
 .text.UART_EndRxTransfer
                0x0800b934       0xc6 ./Drivers/STM32F4xx_HAL_Driver/Src/stm32f4xx_hal_uart.o
 .text.UART_DMAAbortOnError
                0x0800b9fa       0x22 ./Drivers/STM32F4xx_HAL_Driver/Src/stm32f4xx_hal_uart.o
 .text.UART_Transmit_IT
                0x0800ba1c       0xa0 ./Drivers/STM32F4xx_HAL_Driver/Src/stm32f4xx_hal_uart.o
 .text.UART_EndTransmit_IT
                0x0800babc       0x30 ./Drivers/STM32F4xx_HAL_Driver/Src/stm32f4xx_hal_uart.o
 .text.UART_Receive_IT
                0x0800baec      0x17c ./Drivers/STM32F4xx_HAL_Driver/Src/stm32f4xx_hal_uart.o
 .text.UART_SetConfig
                0x0800bc68      0x4e8 ./Drivers/STM32F4xx_HAL_Driver/Src/stm32f4xx_hal_uart.o
 .text.__NVIC_SetPriority
                0x0800c150       0x54 ./Middlewares/Third_Party/FreeRTOS/Source/CMSIS_RTOS_V2/cmsis_os2.o
 .text.SysTick_Handler
                0x0800c1a4       0x20 ./Middlewares/Third_Party/FreeRTOS/Source/CMSIS_RTOS_V2/cmsis_os2.o
                0x0800c1a4                SysTick_Handler
 .text.SVC_Setup
                0x0800c1c4       0x12 ./Middlewares/Third_Party/FreeRTOS/Source/CMSIS_RTOS_V2/cmsis_os2.o
 *fill*         0x0800c1d6        0x2 
 .text.osKernelInitialize
                0x0800c1d8       0x48 ./Middlewares/Third_Party/FreeRTOS/Source/CMSIS_RTOS_V2/cmsis_os2.o
                0x0800c1d8                osKernelInitialize
 .text.osKernelStart
                0x0800c220       0x4c ./Middlewares/Third_Party/FreeRTOS/Source/CMSIS_RTOS_V2/cmsis_os2.o
                0x0800c220                osKernelStart
 .text.osThreadNew
                0x0800c26c      0x124 ./Middlewares/Third_Party/FreeRTOS/Source/CMSIS_RTOS_V2/cmsis_os2.o
                0x0800c26c                osThreadNew
 .text.osDelay  0x0800c390       0x36 ./Middlewares/Third_Party/FreeRTOS/Source/CMSIS_RTOS_V2/cmsis_os2.o
                0x0800c390                osDelay
 .text.osMutexNew
                0x0800c3c6      0x10c ./Middlewares/Third_Party/FreeRTOS/Source/CMSIS_RTOS_V2/cmsis_os2.o
                0x0800c3c6                osMutexNew
 .text.osMutexAcquire
                0x0800c4d2       0x96 ./Middlewares/Third_Party/FreeRTOS/Source/CMSIS_RTOS_V2/cmsis_os2.o
                0x0800c4d2                osMutexAcquire
 .text.osMutexRelease
                0x0800c568       0x7a ./Middlewares/Third_Party/FreeRTOS/Source/CMSIS_RTOS_V2/cmsis_os2.o
                0x0800c568                osMutexRelease
 *fill*         0x0800c5e2        0x2 
 .text.vApplicationGetIdleTaskMemory
                0x0800c5e4       0x34 ./Middlewares/Third_Party/FreeRTOS/Source/CMSIS_RTOS_V2/cmsis_os2.o
                0x0800c5e4                vApplicationGetIdleTaskMemory
 .text.vApplicationGetTimerTaskMemory
                0x0800c618       0x34 ./Middlewares/Third_Party/FreeRTOS/Source/CMSIS_RTOS_V2/cmsis_os2.o
                0x0800c618                vApplicationGetTimerTaskMemory
 .text.vListInitialise
                0x0800c64c       0x40 ./Middlewares/Third_Party/FreeRTOS/Source/list.o
                0x0800c64c                vListInitialise
 .text.vListInitialiseItem
                0x0800c68c       0x1a ./Middlewares/Third_Party/FreeRTOS/Source/list.o
                0x0800c68c                vListInitialiseItem
 .text.vListInsertEnd
                0x0800c6a6       0x48 ./Middlewares/Third_Party/FreeRTOS/Source/list.o
                0x0800c6a6                vListInsertEnd
 .text.vListInsert
                0x0800c6ee       0x72 ./Middlewares/Third_Party/FreeRTOS/Source/list.o
                0x0800c6ee                vListInsert
 .text.uxListRemove
                0x0800c760       0x54 ./Middlewares/Third_Party/FreeRTOS/Source/list.o
                0x0800c760                uxListRemove
 .text.xQueueGenericReset
                0x0800c7b4       0xd4 ./Middlewares/Third_Party/FreeRTOS/Source/queue.o
                0x0800c7b4                xQueueGenericReset
 .text.xQueueGenericCreateStatic
                0x0800c888       0xfa ./Middlewares/Third_Party/FreeRTOS/Source/queue.o
                0x0800c888                xQueueGenericCreateStatic
 .text.xQueueGenericCreate
                0x0800c982       0x76 ./Middlewares/Third_Party/FreeRTOS/Source/queue.o
                0x0800c982                xQueueGenericCreate
 .text.prvInitialiseNewQueue
                0x0800c9f8       0x46 ./Middlewares/Third_Party/FreeRTOS/Source/queue.o
 .text.prvInitialiseMutex
                0x0800ca3e       0x34 ./Middlewares/Third_Party/FreeRTOS/Source/queue.o
 .text.xQueueCreateMutex
                0x0800ca72       0x30 ./Middlewares/Third_Party/FreeRTOS/Source/queue.o
                0x0800ca72                xQueueCreateMutex
 .text.xQueueCreateMutexStatic
                0x0800caa2       0x36 ./Middlewares/Third_Party/FreeRTOS/Source/queue.o
                0x0800caa2                xQueueCreateMutexStatic
 .text.xQueueGiveMutexRecursive
                0x0800cad8       0x6a ./Middlewares/Third_Party/FreeRTOS/Source/queue.o
                0x0800cad8                xQueueGiveMutexRecursive
 .text.xQueueTakeMutexRecursive
                0x0800cb42       0x6e ./Middlewares/Third_Party/FreeRTOS/Source/queue.o
                0x0800cb42                xQueueTakeMutexRecursive
 .text.xQueueGenericSend
                0x0800cbb0      0x204 ./Middlewares/Third_Party/FreeRTOS/Source/queue.o
                0x0800cbb0                xQueueGenericSend
 .text.xQueueGenericSendFromISR
                0x0800cdb4      0x13c ./Middlewares/Third_Party/FreeRTOS/Source/queue.o
                0x0800cdb4                xQueueGenericSendFromISR
 .text.xQueueReceive
                0x0800cef0      0x1c4 ./Middlewares/Third_Party/FreeRTOS/Source/queue.o
                0x0800cef0                xQueueReceive
 .text.xQueueSemaphoreTake
                0x0800d0b4      0x220 ./Middlewares/Third_Party/FreeRTOS/Source/queue.o
                0x0800d0b4                xQueueSemaphoreTake
 .text.prvGetDisinheritPriorityAfterTimeout
                0x0800d2d4       0x30 ./Middlewares/Third_Party/FreeRTOS/Source/queue.o
 .text.prvCopyDataToQueue
                0x0800d304       0xd4 ./Middlewares/Third_Party/FreeRTOS/Source/queue.o
 .text.prvCopyDataFromQueue
                0x0800d3d8       0x4c ./Middlewares/Third_Party/FreeRTOS/Source/queue.o
 .text.prvUnlockQueue
                0x0800d424       0xa4 ./Middlewares/Third_Party/FreeRTOS/Source/queue.o
 .text.prvIsQueueEmpty
                0x0800d4c8       0x2c ./Middlewares/Third_Party/FreeRTOS/Source/queue.o
 .text.prvIsQueueFull
                0x0800d4f4       0x30 ./Middlewares/Third_Party/FreeRTOS/Source/queue.o
 .text.vQueueAddToRegistry
                0x0800d524       0x54 ./Middlewares/Third_Party/FreeRTOS/Source/queue.o
                0x0800d524                vQueueAddToRegistry
 .text.vQueueWaitForMessageRestricted
                0x0800d578       0x68 ./Middlewares/Third_Party/FreeRTOS/Source/queue.o
                0x0800d578                vQueueWaitForMessageRestricted
 .text.xTaskCreateStatic
                0x0800d5e0       0xc0 ./Middlewares/Third_Party/FreeRTOS/Source/tasks.o
                0x0800d5e0                xTaskCreateStatic
 .text.xTaskCreate
                0x0800d6a0       0x8a ./Middlewares/Third_Party/FreeRTOS/Source/tasks.o
                0x0800d6a0                xTaskCreate
 *fill*         0x0800d72a        0x2 
 .text.prvInitialiseNewTask
                0x0800d72c      0x150 ./Middlewares/Third_Party/FreeRTOS/Source/tasks.o
 .text.prvAddNewTaskToReadyList
                0x0800d87c       0xe0 ./Middlewares/Third_Party/FreeRTOS/Source/tasks.o
 .text.vTaskDelay
                0x0800d95c       0x6c ./Middlewares/Third_Party/FreeRTOS/Source/tasks.o
                0x0800d95c                vTaskDelay
 .text.vTaskStartScheduler
                0x0800d9c8       0xe0 ./Middlewares/Third_Party/FreeRTOS/Source/tasks.o
                0x0800d9c8                vTaskStartScheduler
 .text.vTaskSuspendAll
                0x0800daa8       0x1c ./Middlewares/Third_Party/FreeRTOS/Source/tasks.o
                0x0800daa8                vTaskSuspendAll
 .text.xTaskResumeAll
                0x0800dac4      0x13c ./Middlewares/Third_Party/FreeRTOS/Source/tasks.o
                0x0800dac4                xTaskResumeAll
 .text.xTaskGetTickCount
                0x0800dc00       0x20 ./Middlewares/Third_Party/FreeRTOS/Source/tasks.o
                0x0800dc00                xTaskGetTickCount
 .text.xTaskIncrementTick
                0x0800dc20      0x174 ./Middlewares/Third_Party/FreeRTOS/Source/tasks.o
                0x0800dc20                xTaskIncrementTick
 .text.vTaskSwitchContext
                0x0800dd94       0xcc ./Middlewares/Third_Party/FreeRTOS/Source/tasks.o
                0x0800dd94                vTaskSwitchContext
 .text.vTaskPlaceOnEventList
                0x0800de60       0x4c ./Middlewares/Third_Party/FreeRTOS/Source/tasks.o
                0x0800de60                vTaskPlaceOnEventList
 .text.vTaskPlaceOnEventListRestricted
                0x0800deac       0x58 ./Middlewares/Third_Party/FreeRTOS/Source/tasks.o
                0x0800deac                vTaskPlaceOnEventListRestricted
 .text.xTaskRemoveFromEventList
                0x0800df04       0xc8 ./Middlewares/Third_Party/FreeRTOS/Source/tasks.o
                0x0800df04                xTaskRemoveFromEventList
 .text.vTaskInternalSetTimeOutState
                0x0800dfcc       0x2c ./Middlewares/Third_Party/FreeRTOS/Source/tasks.o
                0x0800dfcc                vTaskInternalSetTimeOutState
 .text.xTaskCheckForTimeOut
                0x0800dff8       0xc8 ./Middlewares/Third_Party/FreeRTOS/Source/tasks.o
                0x0800dff8                xTaskCheckForTimeOut
 .text.vTaskMissedYield
                0x0800e0c0       0x18 ./Middlewares/Third_Party/FreeRTOS/Source/tasks.o
                0x0800e0c0                vTaskMissedYield
 .text.prvIdleTask
                0x0800e0d8       0x30 ./Middlewares/Third_Party/FreeRTOS/Source/tasks.o
 .text.prvInitialiseTaskLists
                0x0800e108       0x80 ./Middlewares/Third_Party/FreeRTOS/Source/tasks.o
 .text.prvCheckTasksWaitingTermination
                0x0800e188       0x5c ./Middlewares/Third_Party/FreeRTOS/Source/tasks.o
 .text.prvDeleteTCB
                0x0800e1e4       0x6a ./Middlewares/Third_Party/FreeRTOS/Source/tasks.o
 *fill*         0x0800e24e        0x2 
 .text.prvResetNextTaskUnblockTime
                0x0800e250       0x40 ./Middlewares/Third_Party/FreeRTOS/Source/tasks.o
 .text.xTaskGetCurrentTaskHandle
                0x0800e290       0x20 ./Middlewares/Third_Party/FreeRTOS/Source/tasks.o
                0x0800e290                xTaskGetCurrentTaskHandle
 .text.xTaskGetSchedulerState
                0x0800e2b0       0x3c ./Middlewares/Third_Party/FreeRTOS/Source/tasks.o
                0x0800e2b0                xTaskGetSchedulerState
 .text.xTaskPriorityInherit
                0x0800e2ec       0xd0 ./Middlewares/Third_Party/FreeRTOS/Source/tasks.o
                0x0800e2ec                xTaskPriorityInherit
 .text.xTaskPriorityDisinherit
                0x0800e3bc       0xe0 ./Middlewares/Third_Party/FreeRTOS/Source/tasks.o
                0x0800e3bc                xTaskPriorityDisinherit
 .text.vTaskPriorityDisinheritAfterTimeout
                0x0800e49c      0x108 ./Middlewares/Third_Party/FreeRTOS/Source/tasks.o
                0x0800e49c                vTaskPriorityDisinheritAfterTimeout
 .text.pvTaskIncrementMutexHeldCount
                0x0800e5a4       0x28 ./Middlewares/Third_Party/FreeRTOS/Source/tasks.o
                0x0800e5a4                pvTaskIncrementMutexHeldCount
 .text.prvAddCurrentTaskToDelayedList
                0x0800e5cc       0xa8 ./Middlewares/Third_Party/FreeRTOS/Source/tasks.o
 .text.xTimerCreateTimerTask
                0x0800e674       0x94 ./Middlewares/Third_Party/FreeRTOS/Source/timers.o
                0x0800e674                xTimerCreateTimerTask
 .text.xTimerGenericCommand
                0x0800e708       0x9c ./Middlewares/Third_Party/FreeRTOS/Source/timers.o
                0x0800e708                xTimerGenericCommand
 .text.prvProcessExpiredTimer
                0x0800e7a4       0x9c ./Middlewares/Third_Party/FreeRTOS/Source/timers.o
 .text.prvTimerTask
                0x0800e840       0x26 ./Middlewares/Third_Party/FreeRTOS/Source/timers.o
 *fill*         0x0800e866        0x2 
 .text.prvProcessTimerOrBlockTask
                0x0800e868       0x9c ./Middlewares/Third_Party/FreeRTOS/Source/timers.o
 .text.prvGetNextExpireTime
                0x0800e904       0x48 ./Middlewares/Third_Party/FreeRTOS/Source/timers.o
 .text.prvSampleTimeNow
                0x0800e94c       0x40 ./Middlewares/Third_Party/FreeRTOS/Source/timers.o
 .text.prvInsertTimerInActiveList
                0x0800e98c       0x84 ./Middlewares/Third_Party/FreeRTOS/Source/timers.o
 .text.prvProcessReceivedCommands
                0x0800ea10      0x1cc ./Middlewares/Third_Party/FreeRTOS/Source/timers.o
 .text.prvSwitchTimerLists
                0x0800ebdc       0xcc ./Middlewares/Third_Party/FreeRTOS/Source/timers.o
 .text.prvCheckForValidListAndQueue
                0x0800eca8       0x80 ./Middlewares/Third_Party/FreeRTOS/Source/timers.o
 .text.pxPortInitialiseStack
                0x0800ed28       0x68 ./Middlewares/Third_Party/FreeRTOS/Source/portable/GCC/ARM_CM4F/port.o
                0x0800ed28                pxPortInitialiseStack
 .text.prvTaskExitError
                0x0800ed90       0x5c ./Middlewares/Third_Party/FreeRTOS/Source/portable/GCC/ARM_CM4F/port.o
 *fill*         0x0800edec        0x4 
 .text.SVC_Handler
                0x0800edf0       0x28 ./Middlewares/Third_Party/FreeRTOS/Source/portable/GCC/ARM_CM4F/port.o
                0x0800edf0                SVC_Handler
 .text.prvPortStartFirstTask
                0x0800ee18       0x28 ./Middlewares/Third_Party/FreeRTOS/Source/portable/GCC/ARM_CM4F/port.o
 .text.xPortStartScheduler
                0x0800ee40      0x148 ./Middlewares/Third_Party/FreeRTOS/Source/portable/GCC/ARM_CM4F/port.o
                0x0800ee40                xPortStartScheduler
 .text.vPortEnterCritical
                0x0800ef88       0x64 ./Middlewares/Third_Party/FreeRTOS/Source/portable/GCC/ARM_CM4F/port.o
                0x0800ef88                vPortEnterCritical
 .text.vPortExitCritical
                0x0800efec       0x54 ./Middlewares/Third_Party/FreeRTOS/Source/portable/GCC/ARM_CM4F/port.o
                0x0800efec                vPortExitCritical
 .text.PendSV_Handler
                0x0800f040       0x68 ./Middlewares/Third_Party/FreeRTOS/Source/portable/GCC/ARM_CM4F/port.o
                0x0800f040                PendSV_Handler
 .text.xPortSysTickHandler
                0x0800f0a8       0x44 ./Middlewares/Third_Party/FreeRTOS/Source/portable/GCC/ARM_CM4F/port.o
                0x0800f0a8                xPortSysTickHandler
 .text.vPortSetupTimerInterrupt
                0x0800f0ec       0x48 ./Middlewares/Third_Party/FreeRTOS/Source/portable/GCC/ARM_CM4F/port.o
                0x0800f0ec                vPortSetupTimerInterrupt
 .text.vPortEnableVFP
                0x0800f134       0x14 ./Middlewares/Third_Party/FreeRTOS/Source/portable/GCC/ARM_CM4F/port.o
 .text.vPortValidateInterruptPriority
                0x0800f148       0x84 ./Middlewares/Third_Party/FreeRTOS/Source/portable/GCC/ARM_CM4F/port.o
                0x0800f148                vPortValidateInterruptPriority
 .text.pvPortMalloc
                0x0800f1cc      0x19c ./Middlewares/Third_Party/FreeRTOS/Source/portable/MemMang/heap_4.o
                0x0800f1cc                pvPortMalloc
 .text.vPortFree
                0x0800f368       0xc8 ./Middlewares/Third_Party/FreeRTOS/Source/portable/MemMang/heap_4.o
                0x0800f368                vPortFree
 .text.prvHeapInit
                0x0800f430       0xc4 ./Middlewares/Third_Party/FreeRTOS/Source/portable/MemMang/heap_4.o
 .text.prvInsertBlockIntoFreeList
                0x0800f4f4       0xb4 ./Middlewares/Third_Party/FreeRTOS/Source/portable/MemMang/heap_4.o
 .text.EE_Init  0x0800f5a8       0x74 ./Middlewares/Third_Party/NimaLTD_Driver/EE/ee.o
                0x0800f5a8                EE_Init
 .text.EE_Format
                0x0800f61c       0x60 ./Middlewares/Third_Party/NimaLTD_Driver/EE/ee.o
                0x0800f61c                EE_Format
 .text.EE_Read  0x0800f67c       0x50 ./Middlewares/Third_Party/NimaLTD_Driver/EE/ee.o
                0x0800f67c                EE_Read
 .text.EE_Write
                0x0800f6cc       0xc8 ./Middlewares/Third_Party/NimaLTD_Driver/EE/ee.o
                0x0800f6cc                EE_Write
 .text.__cvt    0x0800f794       0xca C:/ST/STM32CubeIDE_1.16.0/STM32CubeIDE/plugins/com.st.stm32cube.ide.mcu.externaltools.gnu-tools-for-stm32.13.3.rel1.win32_1.0.0.202411081344/tools/bin/../lib/gcc/arm-none-eabi/13.3.1/../../../../arm-none-eabi/lib/thumb/v7e-m+fp/hard\libc_nano.a(libc_a-nano-vfprintf_float.o)
                0x0800f794                __cvt
 .text.__exponent
                0x0800f85e       0x74 C:/ST/STM32CubeIDE_1.16.0/STM32CubeIDE/plugins/com.st.stm32cube.ide.mcu.externaltools.gnu-tools-for-stm32.13.3.rel1.win32_1.0.0.202411081344/tools/bin/../lib/gcc/arm-none-eabi/13.3.1/../../../../arm-none-eabi/lib/thumb/v7e-m+fp/hard\libc_nano.a(libc_a-nano-vfprintf_float.o)
                0x0800f85e                __exponent
 *fill*         0x0800f8d2        0x2 
 .text._printf_float
                0x0800f8d4      0x454 C:/ST/STM32CubeIDE_1.16.0/STM32CubeIDE/plugins/com.st.stm32cube.ide.mcu.externaltools.gnu-tools-for-stm32.13.3.rel1.win32_1.0.0.202411081344/tools/bin/../lib/gcc/arm-none-eabi/13.3.1/../../../../arm-none-eabi/lib/thumb/v7e-m+fp/hard\libc_nano.a(libc_a-nano-vfprintf_float.o)
                0x0800f8d4                _printf_float
 .text._printf_common
                0x0800fd28       0xda C:/ST/STM32CubeIDE_1.16.0/STM32CubeIDE/plugins/com.st.stm32cube.ide.mcu.externaltools.gnu-tools-for-stm32.13.3.rel1.win32_1.0.0.202411081344/tools/bin/../lib/gcc/arm-none-eabi/13.3.1/../../../../arm-none-eabi/lib/thumb/v7e-m+fp/hard\libc_nano.a(libc_a-nano-vfprintf_i.o)
                0x0800fd28                _printf_common
 *fill*         0x0800fe02        0x2 
 .text._printf_i
                0x0800fe04      0x23c C:/ST/STM32CubeIDE_1.16.0/STM32CubeIDE/plugins/com.st.stm32cube.ide.mcu.externaltools.gnu-tools-for-stm32.13.3.rel1.win32_1.0.0.202411081344/tools/bin/../lib/gcc/arm-none-eabi/13.3.1/../../../../arm-none-eabi/lib/thumb/v7e-m+fp/hard\libc_nano.a(libc_a-nano-vfprintf_i.o)
                0x0800fe04                _printf_i
 .text.std      0x08010040       0x6c C:/ST/STM32CubeIDE_1.16.0/STM32CubeIDE/plugins/com.st.stm32cube.ide.mcu.externaltools.gnu-tools-for-stm32.13.3.rel1.win32_1.0.0.202411081344/tools/bin/../lib/gcc/arm-none-eabi/13.3.1/../../../../arm-none-eabi/lib/thumb/v7e-m+fp/hard\libc_nano.a(libc_a-findfp.o)
 .text.stdio_exit_handler
                0x080100ac       0x18 C:/ST/STM32CubeIDE_1.16.0/STM32CubeIDE/plugins/com.st.stm32cube.ide.mcu.externaltools.gnu-tools-for-stm32.13.3.rel1.win32_1.0.0.202411081344/tools/bin/../lib/gcc/arm-none-eabi/13.3.1/../../../../arm-none-eabi/lib/thumb/v7e-m+fp/hard\libc_nano.a(libc_a-findfp.o)
 .text.cleanup_stdio
                0x080100c4       0x40 C:/ST/STM32CubeIDE_1.16.0/STM32CubeIDE/plugins/com.st.stm32cube.ide.mcu.externaltools.gnu-tools-for-stm32.13.3.rel1.win32_1.0.0.202411081344/tools/bin/../lib/gcc/arm-none-eabi/13.3.1/../../../../arm-none-eabi/lib/thumb/v7e-m+fp/hard\libc_nano.a(libc_a-findfp.o)
 .text.global_stdio_init.part.0
                0x08010104       0x3c C:/ST/STM32CubeIDE_1.16.0/STM32CubeIDE/plugins/com.st.stm32cube.ide.mcu.externaltools.gnu-tools-for-stm32.13.3.rel1.win32_1.0.0.202411081344/tools/bin/../lib/gcc/arm-none-eabi/13.3.1/../../../../arm-none-eabi/lib/thumb/v7e-m+fp/hard\libc_nano.a(libc_a-findfp.o)
 .text.__sfp_lock_acquire
                0x08010140        0xc C:/ST/STM32CubeIDE_1.16.0/STM32CubeIDE/plugins/com.st.stm32cube.ide.mcu.externaltools.gnu-tools-for-stm32.13.3.rel1.win32_1.0.0.202411081344/tools/bin/../lib/gcc/arm-none-eabi/13.3.1/../../../../arm-none-eabi/lib/thumb/v7e-m+fp/hard\libc_nano.a(libc_a-findfp.o)
                0x08010140                __sfp_lock_acquire
 .text.__sfp_lock_release
                0x0801014c        0xc C:/ST/STM32CubeIDE_1.16.0/STM32CubeIDE/plugins/com.st.stm32cube.ide.mcu.externaltools.gnu-tools-for-stm32.13.3.rel1.win32_1.0.0.202411081344/tools/bin/../lib/gcc/arm-none-eabi/13.3.1/../../../../arm-none-eabi/lib/thumb/v7e-m+fp/hard\libc_nano.a(libc_a-findfp.o)
                0x0801014c                __sfp_lock_release
 .text.__sinit  0x08010158       0x30 C:/ST/STM32CubeIDE_1.16.0/STM32CubeIDE/plugins/com.st.stm32cube.ide.mcu.externaltools.gnu-tools-for-stm32.13.3.rel1.win32_1.0.0.202411081344/tools/bin/../lib/gcc/arm-none-eabi/13.3.1/../../../../arm-none-eabi/lib/thumb/v7e-m+fp/hard\libc_nano.a(libc_a-findfp.o)
                0x08010158                __sinit
 .text._fwalk_sglue
                0x08010188       0x3c C:/ST/STM32CubeIDE_1.16.0/STM32CubeIDE/plugins/com.st.stm32cube.ide.mcu.externaltools.gnu-tools-for-stm32.13.3.rel1.win32_1.0.0.202411081344/tools/bin/../lib/gcc/arm-none-eabi/13.3.1/../../../../arm-none-eabi/lib/thumb/v7e-m+fp/hard\libc_nano.a(libc_a-fwalk.o)
                0x08010188                _fwalk_sglue
 .text.snprintf
                0x080101c4       0x6c C:/ST/STM32CubeIDE_1.16.0/STM32CubeIDE/plugins/com.st.stm32cube.ide.mcu.externaltools.gnu-tools-for-stm32.13.3.rel1.win32_1.0.0.202411081344/tools/bin/../lib/gcc/arm-none-eabi/13.3.1/../../../../arm-none-eabi/lib/thumb/v7e-m+fp/hard\libc_nano.a(libc_a-snprintf.o)
                0x080101c4                sniprintf
                0x080101c4                snprintf
 .text.__sread  0x08010230       0x22 C:/ST/STM32CubeIDE_1.16.0/STM32CubeIDE/plugins/com.st.stm32cube.ide.mcu.externaltools.gnu-tools-for-stm32.13.3.rel1.win32_1.0.0.202411081344/tools/bin/../lib/gcc/arm-none-eabi/13.3.1/../../../../arm-none-eabi/lib/thumb/v7e-m+fp/hard\libc_nano.a(libc_a-stdio.o)
                0x08010230                __sread
 .text.__swrite
                0x08010252       0x38 C:/ST/STM32CubeIDE_1.16.0/STM32CubeIDE/plugins/com.st.stm32cube.ide.mcu.externaltools.gnu-tools-for-stm32.13.3.rel1.win32_1.0.0.202411081344/tools/bin/../lib/gcc/arm-none-eabi/13.3.1/../../../../arm-none-eabi/lib/thumb/v7e-m+fp/hard\libc_nano.a(libc_a-stdio.o)
                0x08010252                __swrite
 .text.__sseek  0x0801028a       0x24 C:/ST/STM32CubeIDE_1.16.0/STM32CubeIDE/plugins/com.st.stm32cube.ide.mcu.externaltools.gnu-tools-for-stm32.13.3.rel1.win32_1.0.0.202411081344/tools/bin/../lib/gcc/arm-none-eabi/13.3.1/../../../../arm-none-eabi/lib/thumb/v7e-m+fp/hard\libc_nano.a(libc_a-stdio.o)
                0x0801028a                __sseek
 .text.__sclose
                0x080102ae        0x8 C:/ST/STM32CubeIDE_1.16.0/STM32CubeIDE/plugins/com.st.stm32cube.ide.mcu.externaltools.gnu-tools-for-stm32.13.3.rel1.win32_1.0.0.202411081344/tools/bin/../lib/gcc/arm-none-eabi/13.3.1/../../../../arm-none-eabi/lib/thumb/v7e-m+fp/hard\libc_nano.a(libc_a-stdio.o)
                0x080102ae                __sclose
 .text.memset   0x080102b6       0x10 C:/ST/STM32CubeIDE_1.16.0/STM32CubeIDE/plugins/com.st.stm32cube.ide.mcu.externaltools.gnu-tools-for-stm32.13.3.rel1.win32_1.0.0.202411081344/tools/bin/../lib/gcc/arm-none-eabi/13.3.1/../../../../arm-none-eabi/lib/thumb/v7e-m+fp/hard\libc_nano.a(libc_a-memset.o)
                0x080102b6                memset
 .text.strncat  0x080102c6       0x26 C:/ST/STM32CubeIDE_1.16.0/STM32CubeIDE/plugins/com.st.stm32cube.ide.mcu.externaltools.gnu-tools-for-stm32.13.3.rel1.win32_1.0.0.202411081344/tools/bin/../lib/gcc/arm-none-eabi/13.3.1/../../../../arm-none-eabi/lib/thumb/v7e-m+fp/hard\libc_nano.a(libc_a-strncat.o)
                0x080102c6                strncat
 .text._localeconv_r
                0x080102ec        0x8 C:/ST/STM32CubeIDE_1.16.0/STM32CubeIDE/plugins/com.st.stm32cube.ide.mcu.externaltools.gnu-tools-for-stm32.13.3.rel1.win32_1.0.0.202411081344/tools/bin/../lib/gcc/arm-none-eabi/13.3.1/../../../../arm-none-eabi/lib/thumb/v7e-m+fp/hard\libc_nano.a(libc_a-localeconv.o)
                0x080102ec                _localeconv_r
 .text._close_r
                0x080102f4       0x20 C:/ST/STM32CubeIDE_1.16.0/STM32CubeIDE/plugins/com.st.stm32cube.ide.mcu.externaltools.gnu-tools-for-stm32.13.3.rel1.win32_1.0.0.202411081344/tools/bin/../lib/gcc/arm-none-eabi/13.3.1/../../../../arm-none-eabi/lib/thumb/v7e-m+fp/hard\libc_nano.a(libc_a-closer.o)
                0x080102f4                _close_r
 .text._reclaim_reent
                0x08010314       0xbc C:/ST/STM32CubeIDE_1.16.0/STM32CubeIDE/plugins/com.st.stm32cube.ide.mcu.externaltools.gnu-tools-for-stm32.13.3.rel1.win32_1.0.0.202411081344/tools/bin/../lib/gcc/arm-none-eabi/13.3.1/../../../../arm-none-eabi/lib/thumb/v7e-m+fp/hard\libc_nano.a(libc_a-reent.o)
                0x08010314                _reclaim_reent
 .text._lseek_r
                0x080103d0       0x24 C:/ST/STM32CubeIDE_1.16.0/STM32CubeIDE/plugins/com.st.stm32cube.ide.mcu.externaltools.gnu-tools-for-stm32.13.3.rel1.win32_1.0.0.202411081344/tools/bin/../lib/gcc/arm-none-eabi/13.3.1/../../../../arm-none-eabi/lib/thumb/v7e-m+fp/hard\libc_nano.a(libc_a-lseekr.o)
                0x080103d0                _lseek_r
 .text._read_r  0x080103f4       0x24 C:/ST/STM32CubeIDE_1.16.0/STM32CubeIDE/plugins/com.st.stm32cube.ide.mcu.externaltools.gnu-tools-for-stm32.13.3.rel1.win32_1.0.0.202411081344/tools/bin/../lib/gcc/arm-none-eabi/13.3.1/../../../../arm-none-eabi/lib/thumb/v7e-m+fp/hard\libc_nano.a(libc_a-readr.o)
                0x080103f4                _read_r
 .text._write_r
                0x08010418       0x24 C:/ST/STM32CubeIDE_1.16.0/STM32CubeIDE/plugins/com.st.stm32cube.ide.mcu.externaltools.gnu-tools-for-stm32.13.3.rel1.win32_1.0.0.202411081344/tools/bin/../lib/gcc/arm-none-eabi/13.3.1/../../../../arm-none-eabi/lib/thumb/v7e-m+fp/hard\libc_nano.a(libc_a-writer.o)
                0x08010418                _write_r
 .text.__errno  0x0801043c        0xc C:/ST/STM32CubeIDE_1.16.0/STM32CubeIDE/plugins/com.st.stm32cube.ide.mcu.externaltools.gnu-tools-for-stm32.13.3.rel1.win32_1.0.0.202411081344/tools/bin/../lib/gcc/arm-none-eabi/13.3.1/../../../../arm-none-eabi/lib/thumb/v7e-m+fp/hard\libc_nano.a(libc_a-errno.o)
                0x0801043c                __errno
 .text.__libc_init_array
                0x08010448       0x48 C:/ST/STM32CubeIDE_1.16.0/STM32CubeIDE/plugins/com.st.stm32cube.ide.mcu.externaltools.gnu-tools-for-stm32.13.3.rel1.win32_1.0.0.202411081344/tools/bin/../lib/gcc/arm-none-eabi/13.3.1/../../../../arm-none-eabi/lib/thumb/v7e-m+fp/hard\libc_nano.a(libc_a-init.o)
                0x08010448                __libc_init_array
 .text.__retarget_lock_init_recursive
                0x08010490        0x2 C:/ST/STM32CubeIDE_1.16.0/STM32CubeIDE/plugins/com.st.stm32cube.ide.mcu.externaltools.gnu-tools-for-stm32.13.3.rel1.win32_1.0.0.202411081344/tools/bin/../lib/gcc/arm-none-eabi/13.3.1/../../../../arm-none-eabi/lib/thumb/v7e-m+fp/hard\libc_nano.a(libc_a-lock.o)
                0x08010490                __retarget_lock_init_recursive
 .text.__retarget_lock_acquire_recursive
                0x08010492        0x2 C:/ST/STM32CubeIDE_1.16.0/STM32CubeIDE/plugins/com.st.stm32cube.ide.mcu.externaltools.gnu-tools-for-stm32.13.3.rel1.win32_1.0.0.202411081344/tools/bin/../lib/gcc/arm-none-eabi/13.3.1/../../../../arm-none-eabi/lib/thumb/v7e-m+fp/hard\libc_nano.a(libc_a-lock.o)
                0x08010492                __retarget_lock_acquire_recursive
 .text.__retarget_lock_release_recursive
                0x08010494        0x2 C:/ST/STM32CubeIDE_1.16.0/STM32CubeIDE/plugins/com.st.stm32cube.ide.mcu.externaltools.gnu-tools-for-stm32.13.3.rel1.win32_1.0.0.202411081344/tools/bin/../lib/gcc/arm-none-eabi/13.3.1/../../../../arm-none-eabi/lib/thumb/v7e-m+fp/hard\libc_nano.a(libc_a-lock.o)
                0x08010494                __retarget_lock_release_recursive
 .text.memcpy   0x08010496       0x1c C:/ST/STM32CubeIDE_1.16.0/STM32CubeIDE/plugins/com.st.stm32cube.ide.mcu.externaltools.gnu-tools-for-stm32.13.3.rel1.win32_1.0.0.202411081344/tools/bin/../lib/gcc/arm-none-eabi/13.3.1/../../../../arm-none-eabi/lib/thumb/v7e-m+fp/hard\libc_nano.a(libc_a-memcpy-stub.o)
                0x08010496                memcpy
 .text.quorem   0x080104b2      0x110 C:/ST/STM32CubeIDE_1.16.0/STM32CubeIDE/plugins/com.st.stm32cube.ide.mcu.externaltools.gnu-tools-for-stm32.13.3.rel1.win32_1.0.0.202411081344/tools/bin/../lib/gcc/arm-none-eabi/13.3.1/../../../../arm-none-eabi/lib/thumb/v7e-m+fp/hard\libc_nano.a(libc_a-dtoa.o)
 *fill*         0x080105c2        0x6 
 .text._dtoa_r  0x080105c8      0xba0 C:/ST/STM32CubeIDE_1.16.0/STM32CubeIDE/plugins/com.st.stm32cube.ide.mcu.externaltools.gnu-tools-for-stm32.13.3.rel1.win32_1.0.0.202411081344/tools/bin/../lib/gcc/arm-none-eabi/13.3.1/../../../../arm-none-eabi/lib/thumb/v7e-m+fp/hard\libc_nano.a(libc_a-dtoa.o)
                0x080105c8                _dtoa_r
 .text._free_r  0x08011168       0x94 C:/ST/STM32CubeIDE_1.16.0/STM32CubeIDE/plugins/com.st.stm32cube.ide.mcu.externaltools.gnu-tools-for-stm32.13.3.rel1.win32_1.0.0.202411081344/tools/bin/../lib/gcc/arm-none-eabi/13.3.1/../../../../arm-none-eabi/lib/thumb/v7e-m+fp/hard\libc_nano.a(libc_a-freer.o)
                0x08011168                _free_r
 .text.malloc   0x080111fc       0x10 C:/ST/STM32CubeIDE_1.16.0/STM32CubeIDE/plugins/com.st.stm32cube.ide.mcu.externaltools.gnu-tools-for-stm32.13.3.rel1.win32_1.0.0.202411081344/tools/bin/../lib/gcc/arm-none-eabi/13.3.1/../../../../arm-none-eabi/lib/thumb/v7e-m+fp/hard\libc_nano.a(libc_a-malloc.o)
                0x080111fc                malloc
 .text.sbrk_aligned
                0x0801120c       0x44 C:/ST/STM32CubeIDE_1.16.0/STM32CubeIDE/plugins/com.st.stm32cube.ide.mcu.externaltools.gnu-tools-for-stm32.13.3.rel1.win32_1.0.0.202411081344/tools/bin/../lib/gcc/arm-none-eabi/13.3.1/../../../../arm-none-eabi/lib/thumb/v7e-m+fp/hard\libc_nano.a(libc_a-mallocr.o)
 .text._malloc_r
                0x08011250      0x100 C:/ST/STM32CubeIDE_1.16.0/STM32CubeIDE/plugins/com.st.stm32cube.ide.mcu.externaltools.gnu-tools-for-stm32.13.3.rel1.win32_1.0.0.202411081344/tools/bin/../lib/gcc/arm-none-eabi/13.3.1/../../../../arm-none-eabi/lib/thumb/v7e-m+fp/hard\libc_nano.a(libc_a-mallocr.o)
                0x08011250                _malloc_r
 .text.__malloc_lock
                0x08011350        0xc C:/ST/STM32CubeIDE_1.16.0/STM32CubeIDE/plugins/com.st.stm32cube.ide.mcu.externaltools.gnu-tools-for-stm32.13.3.rel1.win32_1.0.0.202411081344/tools/bin/../lib/gcc/arm-none-eabi/13.3.1/../../../../arm-none-eabi/lib/thumb/v7e-m+fp/hard\libc_nano.a(libc_a-mlock.o)
                0x08011350                __malloc_lock
 .text.__malloc_unlock
                0x0801135c        0xc C:/ST/STM32CubeIDE_1.16.0/STM32CubeIDE/plugins/com.st.stm32cube.ide.mcu.externaltools.gnu-tools-for-stm32.13.3.rel1.win32_1.0.0.202411081344/tools/bin/../lib/gcc/arm-none-eabi/13.3.1/../../../../arm-none-eabi/lib/thumb/v7e-m+fp/hard\libc_nano.a(libc_a-mlock.o)
                0x0801135c                __malloc_unlock
 .text._Balloc  0x08011368       0x80 C:/ST/STM32CubeIDE_1.16.0/STM32CubeIDE/plugins/com.st.stm32cube.ide.mcu.externaltools.gnu-tools-for-stm32.13.3.rel1.win32_1.0.0.202411081344/tools/bin/../lib/gcc/arm-none-eabi/13.3.1/../../../../arm-none-eabi/lib/thumb/v7e-m+fp/hard\libc_nano.a(libc_a-mprec.o)
                0x08011368                _Balloc
 .text._Bfree   0x080113e8       0x44 C:/ST/STM32CubeIDE_1.16.0/STM32CubeIDE/plugins/com.st.stm32cube.ide.mcu.externaltools.gnu-tools-for-stm32.13.3.rel1.win32_1.0.0.202411081344/tools/bin/../lib/gcc/arm-none-eabi/13.3.1/../../../../arm-none-eabi/lib/thumb/v7e-m+fp/hard\libc_nano.a(libc_a-mprec.o)
                0x080113e8                _Bfree
 .text.__multadd
                0x0801142c       0x8c C:/ST/STM32CubeIDE_1.16.0/STM32CubeIDE/plugins/com.st.stm32cube.ide.mcu.externaltools.gnu-tools-for-stm32.13.3.rel1.win32_1.0.0.202411081344/tools/bin/../lib/gcc/arm-none-eabi/13.3.1/../../../../arm-none-eabi/lib/thumb/v7e-m+fp/hard\libc_nano.a(libc_a-mprec.o)
                0x0801142c                __multadd
 .text.__hi0bits
                0x080114b8       0x3e C:/ST/STM32CubeIDE_1.16.0/STM32CubeIDE/plugins/com.st.stm32cube.ide.mcu.externaltools.gnu-tools-for-stm32.13.3.rel1.win32_1.0.0.202411081344/tools/bin/../lib/gcc/arm-none-eabi/13.3.1/../../../../arm-none-eabi/lib/thumb/v7e-m+fp/hard\libc_nano.a(libc_a-mprec.o)
                0x080114b8                __hi0bits
 .text.__lo0bits
                0x080114f6       0x5a C:/ST/STM32CubeIDE_1.16.0/STM32CubeIDE/plugins/com.st.stm32cube.ide.mcu.externaltools.gnu-tools-for-stm32.13.3.rel1.win32_1.0.0.202411081344/tools/bin/../lib/gcc/arm-none-eabi/13.3.1/../../../../arm-none-eabi/lib/thumb/v7e-m+fp/hard\libc_nano.a(libc_a-mprec.o)
                0x080114f6                __lo0bits
 .text.__i2b    0x08011550       0x2c C:/ST/STM32CubeIDE_1.16.0/STM32CubeIDE/plugins/com.st.stm32cube.ide.mcu.externaltools.gnu-tools-for-stm32.13.3.rel1.win32_1.0.0.202411081344/tools/bin/../lib/gcc/arm-none-eabi/13.3.1/../../../../arm-none-eabi/lib/thumb/v7e-m+fp/hard\libc_nano.a(libc_a-mprec.o)
                0x08011550                __i2b
 .text.__multiply
                0x0801157c      0x144 C:/ST/STM32CubeIDE_1.16.0/STM32CubeIDE/plugins/com.st.stm32cube.ide.mcu.externaltools.gnu-tools-for-stm32.13.3.rel1.win32_1.0.0.202411081344/tools/bin/../lib/gcc/arm-none-eabi/13.3.1/../../../../arm-none-eabi/lib/thumb/v7e-m+fp/hard\libc_nano.a(libc_a-mprec.o)
                0x0801157c                __multiply
 .text.__pow5mult
                0x080116c0       0xb4 C:/ST/STM32CubeIDE_1.16.0/STM32CubeIDE/plugins/com.st.stm32cube.ide.mcu.externaltools.gnu-tools-for-stm32.13.3.rel1.win32_1.0.0.202411081344/tools/bin/../lib/gcc/arm-none-eabi/13.3.1/../../../../arm-none-eabi/lib/thumb/v7e-m+fp/hard\libc_nano.a(libc_a-mprec.o)
                0x080116c0                __pow5mult
 .text.__lshift
                0x08011774       0xd8 C:/ST/STM32CubeIDE_1.16.0/STM32CubeIDE/plugins/com.st.stm32cube.ide.mcu.externaltools.gnu-tools-for-stm32.13.3.rel1.win32_1.0.0.202411081344/tools/bin/../lib/gcc/arm-none-eabi/13.3.1/../../../../arm-none-eabi/lib/thumb/v7e-m+fp/hard\libc_nano.a(libc_a-mprec.o)
                0x08011774                __lshift
 .text.__mcmp   0x0801184c       0x36 C:/ST/STM32CubeIDE_1.16.0/STM32CubeIDE/plugins/com.st.stm32cube.ide.mcu.externaltools.gnu-tools-for-stm32.13.3.rel1.win32_1.0.0.202411081344/tools/bin/../lib/gcc/arm-none-eabi/13.3.1/../../../../arm-none-eabi/lib/thumb/v7e-m+fp/hard\libc_nano.a(libc_a-mprec.o)
                0x0801184c                __mcmp
 *fill*         0x08011882        0x2 
 .text.__mdiff  0x08011884      0x128 C:/ST/STM32CubeIDE_1.16.0/STM32CubeIDE/plugins/com.st.stm32cube.ide.mcu.externaltools.gnu-tools-for-stm32.13.3.rel1.win32_1.0.0.202411081344/tools/bin/../lib/gcc/arm-none-eabi/13.3.1/../../../../arm-none-eabi/lib/thumb/v7e-m+fp/hard\libc_nano.a(libc_a-mprec.o)
                0x08011884                __mdiff
 .text.__d2b    0x080119ac       0xb0 C:/ST/STM32CubeIDE_1.16.0/STM32CubeIDE/plugins/com.st.stm32cube.ide.mcu.externaltools.gnu-tools-for-stm32.13.3.rel1.win32_1.0.0.202411081344/tools/bin/../lib/gcc/arm-none-eabi/13.3.1/../../../../arm-none-eabi/lib/thumb/v7e-m+fp/hard\libc_nano.a(libc_a-mprec.o)
                0x080119ac                __d2b
 .text.__ssputs_r
                0x08011a5c       0xb6 C:/ST/STM32CubeIDE_1.16.0/STM32CubeIDE/plugins/com.st.stm32cube.ide.mcu.externaltools.gnu-tools-for-stm32.13.3.rel1.win32_1.0.0.202411081344/tools/bin/../lib/gcc/arm-none-eabi/13.3.1/../../../../arm-none-eabi/lib/thumb/v7e-m+fp/hard\libc_nano.a(libc_a-nano-svfprintf.o)
                0x08011a5c                __ssputs_r
 *fill*         0x08011b12        0x2 
 .text._svfprintf_r
                0x08011b14      0x1f8 C:/ST/STM32CubeIDE_1.16.0/STM32CubeIDE/plugins/com.st.stm32cube.ide.mcu.externaltools.gnu-tools-for-stm32.13.3.rel1.win32_1.0.0.202411081344/tools/bin/../lib/gcc/arm-none-eabi/13.3.1/../../../../arm-none-eabi/lib/thumb/v7e-m+fp/hard\libc_nano.a(libc_a-nano-svfprintf.o)
                0x08011b14                _svfiprintf_r
                0x08011b14                _svfprintf_r
 .text.__sflush_r
                0x08011d0c      0x108 C:/ST/STM32CubeIDE_1.16.0/STM32CubeIDE/plugins/com.st.stm32cube.ide.mcu.externaltools.gnu-tools-for-stm32.13.3.rel1.win32_1.0.0.202411081344/tools/bin/../lib/gcc/arm-none-eabi/13.3.1/../../../../arm-none-eabi/lib/thumb/v7e-m+fp/hard\libc_nano.a(libc_a-fflush.o)
                0x08011d0c                __sflush_r
 .text._fflush_r
                0x08011e14       0x50 C:/ST/STM32CubeIDE_1.16.0/STM32CubeIDE/plugins/com.st.stm32cube.ide.mcu.externaltools.gnu-tools-for-stm32.13.3.rel1.win32_1.0.0.202411081344/tools/bin/../lib/gcc/arm-none-eabi/13.3.1/../../../../arm-none-eabi/lib/thumb/v7e-m+fp/hard\libc_nano.a(libc_a-fflush.o)
                0x08011e14                _fflush_r
 .text.memmove  0x08011e64       0x34 C:/ST/STM32CubeIDE_1.16.0/STM32CubeIDE/plugins/com.st.stm32cube.ide.mcu.externaltools.gnu-tools-for-stm32.13.3.rel1.win32_1.0.0.202411081344/tools/bin/../lib/gcc/arm-none-eabi/13.3.1/../../../../arm-none-eabi/lib/thumb/v7e-m+fp/hard\libc_nano.a(libc_a-memmove.o)
                0x08011e64                memmove
 .text._sbrk_r  0x08011e98       0x20 C:/ST/STM32CubeIDE_1.16.0/STM32CubeIDE/plugins/com.st.stm32cube.ide.mcu.externaltools.gnu-tools-for-stm32.13.3.rel1.win32_1.0.0.202411081344/tools/bin/../lib/gcc/arm-none-eabi/13.3.1/../../../../arm-none-eabi/lib/thumb/v7e-m+fp/hard\libc_nano.a(libc_a-sbrkr.o)
                0x08011e98                _sbrk_r
 .text.__assert_func
                0x08011eb8       0x3c C:/ST/STM32CubeIDE_1.16.0/STM32CubeIDE/plugins/com.st.stm32cube.ide.mcu.externaltools.gnu-tools-for-stm32.13.3.rel1.win32_1.0.0.202411081344/tools/bin/../lib/gcc/arm-none-eabi/13.3.1/../../../../arm-none-eabi/lib/thumb/v7e-m+fp/hard\libc_nano.a(libc_a-assert.o)
                0x08011eb8                __assert_func
 .text._calloc_r
                0x08011ef4       0x28 C:/ST/STM32CubeIDE_1.16.0/STM32CubeIDE/plugins/com.st.stm32cube.ide.mcu.externaltools.gnu-tools-for-stm32.13.3.rel1.win32_1.0.0.202411081344/tools/bin/../lib/gcc/arm-none-eabi/13.3.1/../../../../arm-none-eabi/lib/thumb/v7e-m+fp/hard\libc_nano.a(libc_a-callocr.o)
                0x08011ef4                _calloc_r
 .text.__ascii_mbtowc
                0x08011f1c       0x24 C:/ST/STM32CubeIDE_1.16.0/STM32CubeIDE/plugins/com.st.stm32cube.ide.mcu.externaltools.gnu-tools-for-stm32.13.3.rel1.win32_1.0.0.202411081344/tools/bin/../lib/gcc/arm-none-eabi/13.3.1/../../../../arm-none-eabi/lib/thumb/v7e-m+fp/hard\libc_nano.a(libc_a-mbtowc_r.o)
                0x08011f1c                __ascii_mbtowc
 .text._realloc_r
                0x08011f40       0x5c C:/ST/STM32CubeIDE_1.16.0/STM32CubeIDE/plugins/com.st.stm32cube.ide.mcu.externaltools.gnu-tools-for-stm32.13.3.rel1.win32_1.0.0.202411081344/tools/bin/../lib/gcc/arm-none-eabi/13.3.1/../../../../arm-none-eabi/lib/thumb/v7e-m+fp/hard\libc_nano.a(libc_a-reallocr.o)
                0x08011f40                _realloc_r
 .text.__ascii_wctomb
                0x08011f9c       0x1a C:/ST/STM32CubeIDE_1.16.0/STM32CubeIDE/plugins/com.st.stm32cube.ide.mcu.externaltools.gnu-tools-for-stm32.13.3.rel1.win32_1.0.0.202411081344/tools/bin/../lib/gcc/arm-none-eabi/13.3.1/../../../../arm-none-eabi/lib/thumb/v7e-m+fp/hard\libc_nano.a(libc_a-wctomb_r.o)
                0x08011f9c                __ascii_wctomb
 *fill*         0x08011fb6        0x2 
 .text.fprintf  0x08011fb8       0x24 C:/ST/STM32CubeIDE_1.16.0/STM32CubeIDE/plugins/com.st.stm32cube.ide.mcu.externaltools.gnu-tools-for-stm32.13.3.rel1.win32_1.0.0.202411081344/tools/bin/../lib/gcc/arm-none-eabi/13.3.1/../../../../arm-none-eabi/lib/thumb/v7e-m+fp/hard\libc_nano.a(libc_a-fprintf.o)
                0x08011fb8                fiprintf
                0x08011fb8                fprintf
 .text.abort    0x08011fdc        0xe C:/ST/STM32CubeIDE_1.16.0/STM32CubeIDE/plugins/com.st.stm32cube.ide.mcu.externaltools.gnu-tools-for-stm32.13.3.rel1.win32_1.0.0.202411081344/tools/bin/../lib/gcc/arm-none-eabi/13.3.1/../../../../arm-none-eabi/lib/thumb/v7e-m+fp/hard\libc_nano.a(libc_a-abort.o)
                0x08011fdc                abort
 .text._malloc_usable_size_r
                0x08011fea       0x10 C:/ST/STM32CubeIDE_1.16.0/STM32CubeIDE/plugins/com.st.stm32cube.ide.mcu.externaltools.gnu-tools-for-stm32.13.3.rel1.win32_1.0.0.202411081344/tools/bin/../lib/gcc/arm-none-eabi/13.3.1/../../../../arm-none-eabi/lib/thumb/v7e-m+fp/hard\libc_nano.a(libc_a-msizer.o)
                0x08011fea                _malloc_usable_size_r
 .text.__sfputc_r
                0x08011ffa       0x2e C:/ST/STM32CubeIDE_1.16.0/STM32CubeIDE/plugins/com.st.stm32cube.ide.mcu.externaltools.gnu-tools-for-stm32.13.3.rel1.win32_1.0.0.202411081344/tools/bin/../lib/gcc/arm-none-eabi/13.3.1/../../../../arm-none-eabi/lib/thumb/v7e-m+fp/hard\libc_nano.a(libc_a-nano-vfprintf.o)
 .text.__sfputs_r
                0x08012028       0x24 C:/ST/STM32CubeIDE_1.16.0/STM32CubeIDE/plugins/com.st.stm32cube.ide.mcu.externaltools.gnu-tools-for-stm32.13.3.rel1.win32_1.0.0.202411081344/tools/bin/../lib/gcc/arm-none-eabi/13.3.1/../../../../arm-none-eabi/lib/thumb/v7e-m+fp/hard\libc_nano.a(libc_a-nano-vfprintf.o)
                0x08012028                __sfputs_r
 .text._vfprintf_r
                0x0801204c      0x230 C:/ST/STM32CubeIDE_1.16.0/STM32CubeIDE/plugins/com.st.stm32cube.ide.mcu.externaltools.gnu-tools-for-stm32.13.3.rel1.win32_1.0.0.202411081344/tools/bin/../lib/gcc/arm-none-eabi/13.3.1/../../../../arm-none-eabi/lib/thumb/v7e-m+fp/hard\libc_nano.a(libc_a-nano-vfprintf.o)
                0x0801204c                _vfprintf_r
                0x0801204c                _vfiprintf_r
 .text.__swbuf_r
                0x0801227c       0x7c C:/ST/STM32CubeIDE_1.16.0/STM32CubeIDE/plugins/com.st.stm32cube.ide.mcu.externaltools.gnu-tools-for-stm32.13.3.rel1.win32_1.0.0.202411081344/tools/bin/../lib/gcc/arm-none-eabi/13.3.1/../../../../arm-none-eabi/lib/thumb/v7e-m+fp/hard\libc_nano.a(libc_a-wbuf.o)
                0x0801227c                __swbuf_r
 .text.__swsetup_r
                0x080122f8       0xac C:/ST/STM32CubeIDE_1.16.0/STM32CubeIDE/plugins/com.st.stm32cube.ide.mcu.externaltools.gnu-tools-for-stm32.13.3.rel1.win32_1.0.0.202411081344/tools/bin/../lib/gcc/arm-none-eabi/13.3.1/../../../../arm-none-eabi/lib/thumb/v7e-m+fp/hard\libc_nano.a(libc_a-wsetup.o)
                0x080122f8                __swsetup_r
 .text._raise_r
                0x080123a4       0x50 C:/ST/STM32CubeIDE_1.16.0/STM32CubeIDE/plugins/com.st.stm32cube.ide.mcu.externaltools.gnu-tools-for-stm32.13.3.rel1.win32_1.0.0.202411081344/tools/bin/../lib/gcc/arm-none-eabi/13.3.1/../../../../arm-none-eabi/lib/thumb/v7e-m+fp/hard\libc_nano.a(libc_a-signal.o)
                0x080123a4                _raise_r
 .text.raise    0x080123f4       0x10 C:/ST/STM32CubeIDE_1.16.0/STM32CubeIDE/plugins/com.st.stm32cube.ide.mcu.externaltools.gnu-tools-for-stm32.13.3.rel1.win32_1.0.0.202411081344/tools/bin/../lib/gcc/arm-none-eabi/13.3.1/../../../../arm-none-eabi/lib/thumb/v7e-m+fp/hard\libc_nano.a(libc_a-signal.o)