../Drivers/CMSIS/Include/core_cm4.h:1938:34:__NVIC_SystemReset	0	static,ignoring_inline_asm
../Core/Src/main.c:302:5:_write	8	static
../Core/Src/main.c:308:6:debug_print	272	static
../Core/Src/main.c:318:6:i2c_bus_scan	40	static
../Core/Src/main.c:338:9:bno085_read_chip_id	24	static
../Core/Src/main.c:350:6:sh2_event_callback	0	static
../Core/Src/main.c:354:13:sh2_sensor_handler	96	static
../Core/Src/main.c:376:6:bno085_setup	16	static
../Core/Src/main.c:401:9:sbus_to_percentage	0	static
../Core/Src/main.c:421:6:calculate_omni_motor_speeds	8	static
../Core/Src/main.c:458:6:calculate_omni_motor_speeds_with_heading	8	static
../Core/Src/main.c:506:6:apply_motor_speeds_3wheel	16	static
../Core/Src/main.c:545:6:stop_all_motors_3wheel	8	static
../Core/Src/main.c:553:9:is_sbus_signal_valid	8	static
../Core/Src/main.c:581:7:angle_difference	0	static
../Core/Src/main.c:594:7:calculate_heading_pid_simplified	88	static
../Core/Src/main.c:779:6:reset_heading_pid	8	static
../Core/Src/main.c:788:6:set_heading_lock	8	static
../Core/Src/main.c:796:6:disable_heading_lock	0	static
../Core/Src/main.c:802:7:compass_to_robot_front	0	static
../Core/Src/main.c:817:7:get_robot_front_heading	16	static
../Core/Src/main.c:855:6:record_exception	24	static
../Core/Src/main.c:863:6:record_i2c_exception	16	static
../Core/Src/main.c:871:6:record_hardfault	8	static
../Core/Src/main.c:887:6:HardFault_Handler	0	static,ignoring_inline_asm
../Core/Src/main.c:901:19:MB85rc_Bus_Write_Safe	16	static
../Core/Src/main.c:910:19:MB85rc_Bus_Read_Safe	16	static
../Core/Src/main.c:919:6:save_heading_lock_to_eeprom	24	static
../Core/Src/main.c:958:6:restore_heading_lock_from_eeprom	16	static
../Core/Src/main.c:1002:16:get_channel7_position	8	static
../Core/Src/main.c:1022:6:print_system_status	40	static
../Core/Src/main.c:1077:5:main	176	static
../Core/Src/main.c:1323:6:SystemClock_Config	88	static
../Core/Src/main.c:1370:13:MX_I2C1_Init	8	static
../Core/Src/main.c:1404:13:MX_IWDG_Init	8	static
../Core/Src/main.c:1432:13:MX_TIM1_Init	96	static
../Core/Src/main.c:1505:13:MX_TIM3_Init	48	static
../Core/Src/main.c:1554:13:MX_USART1_UART_Init	8	static
../Core/Src/main.c:1587:13:MX_USART2_UART_Init	8	static
../Core/Src/main.c:1618:13:MX_DMA_Init	16	static
../Core/Src/main.c:1636:13:MX_GPIO_Init	64	static
../Core/Src/main.c:1720:6:HAL_GPIO_EXTI_Callback	16	static
../Core/Src/main.c:1771:6:HAL_UART_RxCpltCallback	16	static
../Core/Src/main.c:1800:6:HAL_UART_ErrorCallback	16	static
../Core/Src/main.c:1831:6:StartDefaultTask	88	static
../Core/Src/main.c:2117:6:StartCompassTask	8	static
../Core/Src/main.c:2138:6:StartDisplayTask	200	static
../Core/Src/main.c:2442:6:StartEncoderTask	48	static
../Core/Src/main.c:2521:6:HAL_TIM_PeriodElapsedCallback	0	static
../Core/Src/main.c:2539:6:Error_Handler	24	static
