../Drivers/CMSIS/Include/core_cm4.h:1938:34:__NVIC_SystemReset	4	static,ignoring_inline_asm
../Core/Src/main.c:244:6:i2c_bus_scan	32	static
../Core/Src/main.c:264:9:bno085_read_chip_id	24	static
../Core/Src/main.c:276:6:sh2_event_callback	16	static
../Core/Src/main.c:280:13:sh2_sensor_handler	128	static
../Core/Src/main.c:302:6:bno085_setup	8	static
../Core/Src/main.c:327:9:sbus_to_percentage	24	static
../Core/Src/main.c:347:6:calculate_omni_motor_speeds	40	static
../Core/Src/main.c:384:6:calculate_omni_motor_speeds_with_heading	48	static
../Core/Src/main.c:432:6:apply_motor_speeds_3wheel	24	static
../Core/Src/main.c:470:6:stop_all_motors_3wheel	8	static
../Core/Src/main.c:478:9:is_sbus_signal_valid	16	static
../Core/Src/main.c:506:7:angle_difference	24	static
../Core/Src/main.c:519:7:calculate_heading_pid_simplified	104	static
../Core/Src/main.c:667:6:reset_heading_pid	8	static
../Core/Src/main.c:676:6:set_heading_lock	16	static
../Core/Src/main.c:684:6:disable_heading_lock	8	static
../Core/Src/main.c:690:7:compass_to_robot_front	24	static
../Core/Src/main.c:705:7:get_robot_front_heading	16	static
../Core/Src/main.c:742:6:save_heading_lock_to_eeprom	8	static
../Core/Src/main.c:757:6:restore_heading_lock_from_eeprom	16	static
../Core/Src/main.c:775:16:get_channel7_position	16	static
../Core/Src/main.c:801:5:main	176	static
../Core/Src/main.c:1007:6:SystemClock_Config	88	static
../Core/Src/main.c:1052:13:MX_I2C1_Init	8	static
../Core/Src/main.c:1084:13:MX_IWDG_Init	8	static
../Core/Src/main.c:1110:13:MX_TIM1_Init	80	static
../Core/Src/main.c:1181:13:MX_TIM3_Init	48	static
../Core/Src/main.c:1228:13:MX_USART2_UART_Init	8	static
../Core/Src/main.c:1257:13:MX_DMA_Init	16	static
../Core/Src/main.c:1274:13:MX_GPIO_Init	48	static
../Core/Src/main.c:1362:6:HAL_GPIO_EXTI_Callback	24	static
../Core/Src/main.c:1413:6:HAL_UART_RxCpltCallback	32	static
../Core/Src/main.c:1442:6:HAL_UART_ErrorCallback	16	static
../Core/Src/main.c:1473:6:StartDefaultTask	88	static
../Core/Src/main.c:1720:6:StartCompassTask	16	static
../Core/Src/main.c:1740:6:StartDisplayTask	232	static
../Core/Src/main.c:1966:6:StartEncoderTask	40	static
../Core/Src/main.c:2044:6:HAL_TIM_PeriodElapsedCallback	16	static
../Core/Src/main.c:2060:6:Error_Handler	16	static
