../Drivers/CMSIS/Include/core_cm4.h:1938:34:__NVIC_SystemReset	0	static,ignoring_inline_asm
../Core/Src/main.c:276:5:_write	8	static
../Core/Src/main.c:282:6:debug_print	272	static
../Core/Src/main.c:292:6:i2c_bus_scan	40	static
../Core/Src/main.c:312:9:bno085_read_chip_id	24	static
../Core/Src/main.c:324:6:sh2_event_callback	0	static
../Core/Src/main.c:328:13:sh2_sensor_handler	96	static
../Core/Src/main.c:350:6:bno085_setup	16	static
../Core/Src/main.c:375:9:sbus_to_percentage	0	static
../Core/Src/main.c:395:6:calculate_omni_motor_speeds	8	static
../Core/Src/main.c:432:6:calculate_omni_motor_speeds_with_heading	8	static
../Core/Src/main.c:480:6:apply_motor_speeds_3wheel	16	static
../Core/Src/main.c:519:6:stop_all_motors_3wheel	8	static
../Core/Src/main.c:527:9:is_sbus_signal_valid	8	static
../Core/Src/main.c:555:7:angle_difference	0	static
../Core/Src/main.c:568:7:calculate_heading_pid_simplified	88	static
../Core/Src/main.c:753:6:reset_heading_pid	8	static
../Core/Src/main.c:762:6:set_heading_lock	8	static
../Core/Src/main.c:770:6:disable_heading_lock	0	static
../Core/Src/main.c:776:7:compass_to_robot_front	0	static
../Core/Src/main.c:791:7:get_robot_front_heading	16	static
../Core/Src/main.c:828:6:save_heading_lock_to_eeprom	24	static
../Core/Src/main.c:866:6:restore_heading_lock_from_eeprom	16	static
../Core/Src/main.c:913:16:get_channel7_position	8	static
../Core/Src/main.c:933:6:print_system_status	40	static
../Core/Src/main.c:988:5:main	176	static
../Core/Src/main.c:1234:6:SystemClock_Config	88	static
../Core/Src/main.c:1281:13:MX_I2C1_Init	8	static
../Core/Src/main.c:1315:13:MX_IWDG_Init	8	static
../Core/Src/main.c:1343:13:MX_TIM1_Init	96	static
../Core/Src/main.c:1416:13:MX_TIM3_Init	48	static
../Core/Src/main.c:1465:13:MX_USART1_UART_Init	8	static
../Core/Src/main.c:1498:13:MX_USART2_UART_Init	8	static
../Core/Src/main.c:1529:13:MX_DMA_Init	16	static
../Core/Src/main.c:1547:13:MX_GPIO_Init	64	static
../Core/Src/main.c:1631:6:HAL_GPIO_EXTI_Callback	16	static
../Core/Src/main.c:1682:6:HAL_UART_RxCpltCallback	16	static
../Core/Src/main.c:1711:6:HAL_UART_ErrorCallback	16	static
../Core/Src/main.c:1742:6:StartDefaultTask	88	static
../Core/Src/main.c:2028:6:StartCompassTask	8	static
../Core/Src/main.c:2049:6:StartDisplayTask	200	static
../Core/Src/main.c:2277:6:StartEncoderTask	48	static
../Core/Src/main.c:2356:6:HAL_TIM_PeriodElapsedCallback	0	static
../Core/Src/main.c:2374:6:Error_Handler	24	static
