../Core/Src/stm32f4xx_it.c:72:6:NMI_Handler	4	static
../Core/Src/stm32f4xx_it.c:92:6:MemManage_Handler	4	static
../Core/Src/stm32f4xx_it.c:107:6:BusFault_Handler	4	static
../Core/Src/stm32f4xx_it.c:122:6:UsageFault_Handler	4	static
../Core/Src/stm32f4xx_it.c:137:6:DebugMon_Handler	4	static
../Core/Src/stm32f4xx_it.c:157:6:EXTI4_IRQHandler	8	static
../Core/Src/stm32f4xx_it.c:171:6:DMA1_Stream5_IRQHandler	8	static
../Core/Src/stm32f4xx_it.c:185:6:EXTI9_5_IRQHandler	8	static
../Core/Src/stm32f4xx_it.c:200:6:TIM2_IRQHandler	8	static
../Core/Src/stm32f4xx_it.c:214:6:USART2_IRQHandler	8	static
